<html>
<body>
<pre>
<h1>µVision Build Log</h1>
<h2>Tool Versions:</h2>
IDE-Version: µVision V5.17.0.0
Copyright (C) 2015 ARM Ltd and ARM Germany GmbH. All rights reserved.
License Information: 4545 Ëàáîðàòîðèÿ ÔÊÂ, Hewlett-Packard, LIC=KIVDY-I6FMC-XAPDC-7RXV4-0ZQPY-QCWV1
 
Tool Versions:
Toolchain:       MDK-ARM Professional  Version: 5.17
Toolchain Path:  C:\Keil_v56\ARM\ARMCC\Bin
C Compiler:      Armcc.exe V5.06 update 1 (build 61)
Assembler:       Armasm.exe V5.06 update 1 (build 61)
Linker/Locator:  ArmLink.exe V5.06 update 1 (build 61)
Library Manager: ArmAr.exe V5.06 update 1 (build 61)
Hex Converter:   FromElf.exe V5.06 update 1 (build 61)
CPU DLL:         SARMCM3.DLL V5.17
Dialog DLL:      DCM.DLL V1.13.4.0
Target DLL:      STLink\ST-LINKIII-KEIL_SWO.dll V2.0.18.0
Dialog DLL:      TCM.DLL V1.14.6.0
 
<h2>Project:</h2>
C:\gitt\ch_d\F429_SD\SD_Test_3\MDK-ARM\SD_Test_3.uvprojx
Project File Date:  06/23/2018

<h2>Output:</h2>
*** Using Compiler 'V5.06 update 1 (build 61)', folder: 'C:\Keil_v56\ARM\ARMCC\Bin'
Build target 'SD_Test_3'
compiling stm32f4xx_it.c...
../Src/stm32f4xx_it.c(251): warning:  #177-D: variable "byteswritten" was declared but never referenced
  	uint32_t byteswritten, bytesread;
../Src/stm32f4xx_it.c(251): warning:  #177-D: variable "bytesread" was declared but never referenced
  	uint32_t byteswritten, bytesread;
../Src/stm32f4xx_it.c(397): warning:  #177-D: variable "bytesread" was declared but never referenced
  	uint32_t bytesread;
../Src/stm32f4xx_it.c(504): warning:  #177-D: variable "bytesread" was declared but never referenced
  	uint32_t byteswritten, bytesread;
../Src/stm32f4xx_it.c: 4 warnings, 0 errors
linking...
Program Size: Code=23330 RO-data=2042 RW-data=76 ZI-data=10436  
"SD_Test_3\SD_Test_3.axf" - 0 Error(s), 4 Warning(s).

<h2>Software Packages used:</h2>

Package Vendor: ARM
                http://www.keil.com/pack/ARM.CMSIS.4.5.0.pack
                ARM::CMSIS:CORE:4.3.0
                CMSIS (Cortex Microcontroller Software Interface Standard)
   * Component: CORE Version: 4.3.0

<h2>Collection of Component include folders:</h2>
  C:\gitt\ch_d\F429_SD\SD_Test_3\MDK-ARM\RTE
  C:\Keil_v56\ARM\PACK\ARM\CMSIS\4.5.0\CMSIS\Include
  C:\Keil_v56\ARM\PACK\Keil\STM32F4xx_DFP\2.6.0\Drivers\CMSIS\Device\ST\STM32F4xx\Include

<h2>Collection of Component Files used:</h2>

   * Component: ARM::CMSIS:CORE:4.3.0
Build Time Elapsed:  00:00:05
</pre>
</body>
</html>
