<html>
<body>
<pre>
<h1>µVision Build Log</h1>
<h2>Tool Versions:</h2>
IDE-Version: µVision V5.17.0.0
Copyright (C) 2015 ARM Ltd and ARM Germany GmbH. All rights reserved.
License Information: Ilya Rasskazov, BMSTU, LIC=----
 
Tool Versions:
Toolchain:       MDK-Lite  Version: 5.17
Toolchain Path:  E:\Programs\Keil_5\ARM\ARMCC\Bin
C Compiler:      Armcc.exe V5.06 update 1 (build 61)
Assembler:       Armasm.exe V5.06 update 1 (build 61)
Linker/Locator:  ArmLink.exe V5.06 update 1 (build 61)
Library Manager: ArmAr.exe V5.06 update 1 (build 61)
Hex Converter:   FromElf.exe V5.06 update 1 (build 61)
CPU DLL:         SARMCM3.DLL V5.17
Dialog DLL:      DCM.DLL V1.13.4.0
Target DLL:      STLink\ST-LINKIII-KEIL_SWO.dll V2.0.18.0
Dialog DLL:      TCM.DLL V1.14.6.0
 
<h2>Project:</h2>
E:\Documents\Ботва\Микроконтроллеры\F429_SD_Gyro\Project\SD_Test_3\MDK-ARM\SD_Test_3.uvprojx
Project File Date:  06/08/2018

<h2>Output:</h2>
*** Using Compiler 'V5.06 update 1 (build 61)', folder: 'E:\Programs\Keil_5\ARM\ARMCC\Bin'
Build target 'SD_Test_3'
compiling main.c...
compiling stm32f4xx_it.c...
../Src/stm32f4xx_it.c(228): warning:  #177-D: variable "bytesread" was declared but never referenced
  	uint32_t byteswritten, bytesread;
../Src/stm32f4xx_it.c: 1 warning, 0 errors
linking...
Program Size: Code=21924 RO-data=676 RW-data=44 ZI-data=13812  
"SD_Test_3\SD_Test_3.axf" - 0 Error(s), 1 Warning(s).

<h2>Software Packages used:</h2>

Package Vendor: ARM
                http://www.keil.com/pack/ARM.CMSIS.5.3.0.pack
                ARM::CMSIS:CORE:5.1.1
                CMSIS (Cortex Microcontroller Software Interface Standard)
   * Component: CORE Version: 5.1.1

<h2>Collection of Component include folders:</h2>
  E:\Documents\Ботва\Микроконтроллеры\F429_SD_Gyro\Project\SD_Test_3\MDK-ARM\RTE
  E:\Programs\Keil_5\ARM\PACK\ARM\CMSIS\5.3.0\CMSIS\Include
  E:\Programs\Keil_5\ARM\PACK\Keil\STM32F4xx_DFP\2.11.0\Drivers\CMSIS\Device\ST\STM32F4xx\Include

<h2>Collection of Component Files used:</h2>

   * Component: ARM::CMSIS:CORE:5.1.1
Build Time Elapsed:  00:00:05
</pre>
</body>
</html>
