Component: ARM Compiler 5.06 update 1 (build 61) Tool: armlink [4d35a8]

==============================================================================

Section Cross References

    stm32f4xx_hal_gpio.o(i.HAL_GPIO_EXTI_IRQHandler) refers to stm32f4xx_it.o(i.HAL_GPIO_EXTI_Callback) for HAL_GPIO_EXTI_Callback
    stm32f4xx_hal_flash_ex.o(i.FLASH_OB_DisableWRP) refers to stm32f4xx_hal_flash.o(i.FLASH_WaitForLastOperation) for FLASH_WaitForLastOperation
    stm32f4xx_hal_flash_ex.o(i.FLASH_OB_EnableWRP) refers to stm32f4xx_hal_flash.o(i.FLASH_WaitForLastOperation) for FLASH_WaitForLastOperation
    stm32f4xx_hal_flash_ex.o(i.HAL_FLASHEx_AdvOBProgram) refers to stm32f4xx_hal_flash.o(i.FLASH_WaitForLastOperation) for FLASH_WaitForLastOperation
    stm32f4xx_hal_flash_ex.o(i.HAL_FLASHEx_Erase) refers to stm32f4xx_hal_flash.o(i.FLASH_WaitForLastOperation) for FLASH_WaitForLastOperation
    stm32f4xx_hal_flash_ex.o(i.HAL_FLASHEx_Erase) refers to stm32f4xx_hal_flash_ex.o(i.FLASH_MassErase) for FLASH_MassErase
    stm32f4xx_hal_flash_ex.o(i.HAL_FLASHEx_Erase) refers to stm32f4xx_hal_flash_ex.o(i.FLASH_Erase_Sector) for FLASH_Erase_Sector
    stm32f4xx_hal_flash_ex.o(i.HAL_FLASHEx_Erase) refers to stm32f4xx_hal_flash_ex.o(i.FLASH_FlushCaches) for FLASH_FlushCaches
    stm32f4xx_hal_flash_ex.o(i.HAL_FLASHEx_Erase) refers to stm32f4xx_hal_flash.o(.bss) for pFlash
    stm32f4xx_hal_flash_ex.o(i.HAL_FLASHEx_Erase_IT) refers to stm32f4xx_hal_flash_ex.o(i.FLASH_Erase_Sector) for FLASH_Erase_Sector
    stm32f4xx_hal_flash_ex.o(i.HAL_FLASHEx_Erase_IT) refers to stm32f4xx_hal_flash_ex.o(i.FLASH_MassErase) for FLASH_MassErase
    stm32f4xx_hal_flash_ex.o(i.HAL_FLASHEx_Erase_IT) refers to stm32f4xx_hal_flash.o(.bss) for pFlash
    stm32f4xx_hal_flash_ex.o(i.HAL_FLASHEx_OBProgram) refers to stm32f4xx_hal_flash_ex.o(i.FLASH_OB_DisableWRP) for FLASH_OB_DisableWRP
    stm32f4xx_hal_flash_ex.o(i.HAL_FLASHEx_OBProgram) refers to stm32f4xx_hal_flash.o(i.FLASH_WaitForLastOperation) for FLASH_WaitForLastOperation
    stm32f4xx_hal_flash_ex.o(i.HAL_FLASHEx_OBProgram) refers to stm32f4xx_hal_flash_ex.o(i.FLASH_OB_EnableWRP) for FLASH_OB_EnableWRP
    stm32f4xx_hal_flash_ex.o(i.HAL_FLASHEx_OBProgram) refers to stm32f4xx_hal_flash.o(.bss) for pFlash
    stm32f4xx_hal_tim_ex.o(i.HAL_TIMEx_ConfigCommutationEvent_DMA) refers to stm32f4xx_hal_tim_ex.o(i.TIMEx_DMACommutationCplt) for TIMEx_DMACommutationCplt
    stm32f4xx_hal_tim_ex.o(i.HAL_TIMEx_ConfigCommutationEvent_DMA) refers to stm32f4xx_hal_tim.o(i.TIM_DMAError) for TIM_DMAError
    stm32f4xx_hal_tim_ex.o(i.HAL_TIMEx_HallSensor_DeInit) refers to stm32f4xx_hal_tim_ex.o(i.HAL_TIMEx_HallSensor_MspDeInit) for HAL_TIMEx_HallSensor_MspDeInit
    stm32f4xx_hal_tim_ex.o(i.HAL_TIMEx_HallSensor_Init) refers to stm32f4xx_hal_tim_ex.o(i.HAL_TIMEx_HallSensor_MspInit) for HAL_TIMEx_HallSensor_MspInit
    stm32f4xx_hal_tim_ex.o(i.HAL_TIMEx_HallSensor_Init) refers to stm32f4xx_hal_tim.o(i.TIM_Base_SetConfig) for TIM_Base_SetConfig
    stm32f4xx_hal_tim_ex.o(i.HAL_TIMEx_HallSensor_Init) refers to stm32f4xx_hal_tim.o(i.TIM_TI1_SetConfig) for TIM_TI1_SetConfig
    stm32f4xx_hal_tim_ex.o(i.HAL_TIMEx_HallSensor_Init) refers to stm32f4xx_hal_tim.o(i.TIM_OC2_SetConfig) for TIM_OC2_SetConfig
    stm32f4xx_hal_tim_ex.o(i.HAL_TIMEx_HallSensor_Start) refers to stm32f4xx_hal_tim.o(i.TIM_CCxChannelCmd) for TIM_CCxChannelCmd
    stm32f4xx_hal_tim_ex.o(i.HAL_TIMEx_HallSensor_Start_DMA) refers to stm32f4xx_hal_tim.o(i.TIM_CCxChannelCmd) for TIM_CCxChannelCmd
    stm32f4xx_hal_tim_ex.o(i.HAL_TIMEx_HallSensor_Start_DMA) refers to stm32f4xx_hal_dma.o(i.HAL_DMA_Start_IT) for HAL_DMA_Start_IT
    stm32f4xx_hal_tim_ex.o(i.HAL_TIMEx_HallSensor_Start_DMA) refers to stm32f4xx_hal_tim.o(i.TIM_DMACaptureCplt) for TIM_DMACaptureCplt
    stm32f4xx_hal_tim_ex.o(i.HAL_TIMEx_HallSensor_Start_DMA) refers to stm32f4xx_hal_tim.o(i.TIM_DMAError) for TIM_DMAError
    stm32f4xx_hal_tim_ex.o(i.HAL_TIMEx_HallSensor_Start_IT) refers to stm32f4xx_hal_tim.o(i.TIM_CCxChannelCmd) for TIM_CCxChannelCmd
    stm32f4xx_hal_tim_ex.o(i.HAL_TIMEx_HallSensor_Stop) refers to stm32f4xx_hal_tim.o(i.TIM_CCxChannelCmd) for TIM_CCxChannelCmd
    stm32f4xx_hal_tim_ex.o(i.HAL_TIMEx_HallSensor_Stop_DMA) refers to stm32f4xx_hal_tim.o(i.TIM_CCxChannelCmd) for TIM_CCxChannelCmd
    stm32f4xx_hal_tim_ex.o(i.HAL_TIMEx_HallSensor_Stop_IT) refers to stm32f4xx_hal_tim.o(i.TIM_CCxChannelCmd) for TIM_CCxChannelCmd
    stm32f4xx_hal_tim_ex.o(i.HAL_TIMEx_OCN_Start) refers to stm32f4xx_hal_tim_ex.o(i.TIM_CCxNChannelCmd) for TIM_CCxNChannelCmd
    stm32f4xx_hal_tim_ex.o(i.HAL_TIMEx_OCN_Start_DMA) refers to stm32f4xx_hal_dma.o(i.HAL_DMA_Start_IT) for HAL_DMA_Start_IT
    stm32f4xx_hal_tim_ex.o(i.HAL_TIMEx_OCN_Start_DMA) refers to stm32f4xx_hal_tim_ex.o(i.TIM_CCxNChannelCmd) for TIM_CCxNChannelCmd
    stm32f4xx_hal_tim_ex.o(i.HAL_TIMEx_OCN_Start_DMA) refers to stm32f4xx_hal_tim.o(i.TIM_DMADelayPulseCplt) for TIM_DMADelayPulseCplt
[...]
    i.HAL_NVIC_DisableIRQ                    0x08000f8c   Section        0  stm32f4xx_hal_cortex.o(i.HAL_NVIC_DisableIRQ)
    i.HAL_NVIC_EnableIRQ                     0x08000fa2   Section        0  stm32f4xx_hal_cortex.o(i.HAL_NVIC_EnableIRQ)
    i.HAL_NVIC_SetPriority                   0x08000fb8   Section        0  stm32f4xx_hal_cortex.o(i.HAL_NVIC_SetPriority)
    i.HAL_NVIC_SetPriorityGrouping           0x08000ff8   Section        0  stm32f4xx_hal_cortex.o(i.HAL_NVIC_SetPriorityGrouping)
    i.HAL_RCC_ClockConfig                    0x0800101c   Section        0  stm32f4xx_hal_rcc.o(i.HAL_RCC_ClockConfig)
    i.HAL_RCC_GetHCLKFreq                    0x08001198   Section        0  stm32f4xx_hal_rcc.o(i.HAL_RCC_GetHCLKFreq)
    i.HAL_RCC_GetPCLK1Freq                   0x080011a4   Section        0  stm32f4xx_hal_rcc.o(i.HAL_RCC_GetPCLK1Freq)
    i.HAL_RCC_GetPCLK2Freq                   0x080011d4   Section        0  stm32f4xx_hal_rcc.o(i.HAL_RCC_GetPCLK2Freq)
    i.HAL_RCC_GetSysClockFreq                0x08001204   Section        0  stm32f4xx_hal_rcc.o(i.HAL_RCC_GetSysClockFreq)
    i.HAL_RCC_OscConfig                      0x08001278   Section        0  stm32f4xx_hal_rcc.o(i.HAL_RCC_OscConfig)
    i.HAL_SD_GetCardCSD                      0x0800158c   Section        0  stm32f4xx_hal_sd.o(i.HAL_SD_GetCardCSD)
    i.HAL_SD_GetCardInfo                     0x08001766   Section        0  stm32f4xx_hal_sd.o(i.HAL_SD_GetCardInfo)
    i.HAL_SD_GetCardState                    0x0800178a   Section        0  stm32f4xx_hal_sd.o(i.HAL_SD_GetCardState)
    i.HAL_SD_Init                            0x080017b6   Section        0  stm32f4xx_hal_sd.o(i.HAL_SD_Init)
    i.HAL_SD_InitCard                        0x080017ec   Section        0  stm32f4xx_hal_sd.o(i.HAL_SD_InitCard)
    i.HAL_SD_MspInit                         0x08001840   Section        0  stm32f4xx_hal_msp.o(i.HAL_SD_MspInit)
    i.HAL_SD_ReadBlocks                      0x080018c0   Section        0  stm32f4xx_hal_sd.o(i.HAL_SD_ReadBlocks)
    i.HAL_SD_WriteBlocks                     0x08001a74   Section        0  stm32f4xx_hal_sd.o(i.HAL_SD_WriteBlocks)
    i.HAL_SYSTICK_CLKSourceConfig            0x08001c0e   Section        0  stm32f4xx_hal_cortex.o(i.HAL_SYSTICK_CLKSourceConfig)
    i.HAL_SYSTICK_Callback                   0x08001c26   Section        0  stm32f4xx_hal_cortex.o(i.HAL_SYSTICK_Callback)
    i.HAL_SYSTICK_Config                     0x08001c28   Section        0  stm32f4xx_hal_cortex.o(i.HAL_SYSTICK_Config)
    i.HAL_SYSTICK_IRQHandler                 0x08001c50   Section        0  stm32f4xx_hal_cortex.o(i.HAL_SYSTICK_IRQHandler)
    i.HAL_TIMEx_BreakCallback                0x08001c58   Section        0  stm32f4xx_hal_tim_ex.o(i.HAL_TIMEx_BreakCallback)
    i.HAL_TIMEx_CommutationCallback          0x08001c5a   Section        0  stm32f4xx_hal_tim_ex.o(i.HAL_TIMEx_CommutationCallback)
    i.HAL_TIMEx_MasterConfigSynchronization  0x08001c5c   Section        0  stm32f4xx_hal_tim_ex.o(i.HAL_TIMEx_MasterConfigSynchronization)
    i.HAL_TIM_Base_Init                      0x08001cac   Section        0  stm32f4xx_hal_tim.o(i.HAL_TIM_Base_Init)
    i.HAL_TIM_Base_MspInit                   0x08001ce4   Section        0  stm32f4xx_hal_msp.o(i.HAL_TIM_Base_MspInit)
    i.HAL_TIM_ConfigClockSource              0x08001d1c   Section        0  stm32f4xx_hal_tim.o(i.HAL_TIM_ConfigClockSource)
    i.HAL_TIM_IC_CaptureCallback             0x08001e0e   Section        0  stm32f4xx_hal_tim.o(i.HAL_TIM_IC_CaptureCallback)
    i.HAL_TIM_IRQHandler                     0x08001e10   Section        0  stm32f4xx_hal_tim.o(i.HAL_TIM_IRQHandler)
    i.HAL_TIM_OC_DelayElapsedCallback        0x08001f76   Section        0  stm32f4xx_hal_tim.o(i.HAL_TIM_OC_DelayElapsedCallback)
    i.HAL_TIM_PWM_PulseFinishedCallback      0x08001f78   Section        0  stm32f4xx_hal_tim.o(i.HAL_TIM_PWM_PulseFinishedCallback)
    i.HAL_TIM_PeriodElapsedCallback          0x08001f7a   Section        0  stm32f4xx_hal_tim.o(i.HAL_TIM_PeriodElapsedCallback)
    i.HAL_TIM_TriggerCallback                0x08001f7c   Section        0  stm32f4xx_hal_tim.o(i.HAL_TIM_TriggerCallback)
    i.HAL_UART_ErrorCallback                 0x08001f7e   Section        0  stm32f4xx_hal_uart.o(i.HAL_UART_ErrorCallback)
    i.HAL_UART_IRQHandler                    0x08001f80   Section        0  stm32f4xx_hal_uart.o(i.HAL_UART_IRQHandler)
    i.HAL_UART_Init                          0x08002090   Section        0  stm32f4xx_hal_uart.o(i.HAL_UART_Init)
    i.HAL_UART_MspInit                       0x080020f4   Section        0  stm32f4xx_hal_msp.o(i.HAL_UART_MspInit)
    i.HAL_UART_Receive                       0x08002150   Section        0  stm32f4xx_hal_uart.o(i.HAL_UART_Receive)
    i.HAL_UART_RxCpltCallback                0x08002208   Section        0  stm32f4xx_hal_uart.o(i.HAL_UART_RxCpltCallback)
    i.HAL_UART_Transmit                      0x0800220a   Section        0  stm32f4xx_hal_uart.o(i.HAL_UART_Transmit)
    i.HAL_UART_TxCpltCallback                0x080022c4   Section        0  stm32f4xx_hal_uart.o(i.HAL_UART_TxCpltCallback)
    i.HardFault_Handler                      0x080022c6   Section        0  stm32f4xx_it.o(i.HardFault_Handler)
    i.I2C1_EV_IRQHandler                     0x080022c8   Section        0  stm32f4xx_it.o(i.I2C1_EV_IRQHandler)
    i.I2C_DMAAbort                           0x080022d4   Section        0  stm32f4xx_hal_i2c.o(i.I2C_DMAAbort)
    I2C_DMAAbort                             0x080022d5   Thumb Code    78  stm32f4xx_hal_i2c.o(i.I2C_DMAAbort)
    i.I2C_ITError                            0x08002324   Section        0  stm32f4xx_hal_i2c.o(i.I2C_ITError)
    I2C_ITError                              0x08002325   Thumb Code   284  stm32f4xx_hal_i2c.o(i.I2C_ITError)
    i.I2C_IsAcknowledgeFailed                0x08002448   Section        0  stm32f4xx_hal_i2c.o(i.I2C_IsAcknowledgeFailed)
    I2C_IsAcknowledgeFailed                  0x08002449   Thumb Code    40  stm32f4xx_hal_i2c.o(i.I2C_IsAcknowledgeFailed)
    i.I2C_MasterReceive_BTF                  0x08002470   Section        0  stm32f4xx_hal_i2c.o(i.I2C_MasterReceive_BTF)
    I2C_MasterReceive_BTF                    0x08002471   Thumb Code   194  stm32f4xx_hal_i2c.o(i.I2C_MasterReceive_BTF)
    i.I2C_MasterReceive_RXNE                 0x08002538   Section        0  stm32f4xx_hal_i2c.o(i.I2C_MasterReceive_RXNE)
    I2C_MasterReceive_RXNE                   0x08002539   Thumb Code   168  stm32f4xx_hal_i2c.o(i.I2C_MasterReceive_RXNE)
    i.I2C_MasterTransmit_BTF                 0x080025e0   Section        0  stm32f4xx_hal_i2c.o(i.I2C_MasterTransmit_BTF)
    I2C_MasterTransmit_BTF                   0x080025e1   Thumb Code   128  stm32f4xx_hal_i2c.o(i.I2C_MasterTransmit_BTF)
    i.I2C_MasterTransmit_TXE                 0x08002660   Section        0  stm32f4xx_hal_i2c.o(i.I2C_MasterTransmit_TXE)
    I2C_MasterTransmit_TXE                   0x08002661   Thumb Code   264  stm32f4xx_hal_i2c.o(i.I2C_MasterTransmit_TXE)
    i.I2C_Master_ADDR                        0x08002768   Section        0  stm32f4xx_hal_i2c.o(i.I2C_Master_ADDR)
    I2C_Master_ADDR                          0x08002769   Thumb Code   244  stm32f4xx_hal_i2c.o(i.I2C_Master_ADDR)
    i.I2C_Master_SB                          0x0800285c   Section        0  stm32f4xx_hal_i2c.o(i.I2C_Master_SB)
    I2C_Master_SB                            0x0800285d   Thumb Code    90  stm32f4xx_hal_i2c.o(i.I2C_Master_SB)
    i.I2C_RequestMemoryRead                  0x080028b6   Section        0  stm32f4xx_hal_i2c.o(i.I2C_RequestMemoryRead)
    I2C_RequestMemoryRead                    0x080028b7   Thumb Code   240  stm32f4xx_hal_i2c.o(i.I2C_RequestMemoryRead)
    i.I2C_RequestMemoryWrite                 0x080029a8   Section        0  stm32f4xx_hal_i2c.o(i.I2C_RequestMemoryWrite)
    I2C_RequestMemoryWrite                   0x080029a9   Thumb Code   156  stm32f4xx_hal_i2c.o(i.I2C_RequestMemoryWrite)
    i.I2C_Slave_STOPF                        0x08002a48   Section        0  stm32f4xx_hal_i2c.o(i.I2C_Slave_STOPF)
    I2C_Slave_STOPF                          0x08002a49   Thumb Code   214  stm32f4xx_hal_i2c.o(i.I2C_Slave_STOPF)
    i.I2C_WaitOnBTFFlagUntilTimeout          0x08002b24   Section        0  stm32f4xx_hal_i2c.o(i.I2C_WaitOnBTFFlagUntilTimeout)
    I2C_WaitOnBTFFlagUntilTimeout            0x08002b25   Thumb Code    78  stm32f4xx_hal_i2c.o(i.I2C_WaitOnBTFFlagUntilTimeout)
    i.I2C_WaitOnFlagUntilTimeout             0x08002b72   Section        0  stm32f4xx_hal_i2c.o(i.I2C_WaitOnFlagUntilTimeout)
    I2C_WaitOnFlagUntilTimeout               0x08002b73   Thumb Code    96  stm32f4xx_hal_i2c.o(i.I2C_WaitOnFlagUntilTimeout)
    i.I2C_WaitOnMasterAddressFlagUntilTimeout 0x08002bd4   Section        0  stm32f4xx_hal_i2c.o(i.I2C_WaitOnMasterAddressFlagUntilTimeout)
    I2C_WaitOnMasterAddressFlagUntilTimeout  0x08002bd5   Thumb Code   136  stm32f4xx_hal_i2c.o(i.I2C_WaitOnMasterAddressFlagUntilTimeout)
    i.I2C_WaitOnRXNEFlagUntilTimeout         0x08002c5c   Section        0  stm32f4xx_hal_i2c.o(i.I2C_WaitOnRXNEFlagUntilTimeout)
    I2C_WaitOnRXNEFlagUntilTimeout           0x08002c5d   Thumb Code    98  stm32f4xx_hal_i2c.o(i.I2C_WaitOnRXNEFlagUntilTimeout)
    i.I2C_WaitOnTXEFlagUntilTimeout          0x08002cbe   Section        0  stm32f4xx_hal_i2c.o(i.I2C_WaitOnTXEFlagUntilTimeout)
    I2C_WaitOnTXEFlagUntilTimeout            0x08002cbf   Thumb Code    78  stm32f4xx_hal_i2c.o(i.I2C_WaitOnTXEFlagUntilTimeout)
    i.MPU9250_CalAvgValue                    0x08002d0c   Section        0  mpu9255.o(i.MPU9250_CalAvgValue)
    i.MPU9250_Check                          0x08002d3c   Section        0  mpu9255.o(i.MPU9250_Check)
    i.MPU9250_Init                           0x08002d70   Section        0  mpu9255.o(i.MPU9250_Init)
    i.MPU9250_READ_ACCEL                     0x08002e80   Section        0  mpu9255.o(i.MPU9250_READ_ACCEL)
    i.MPU9250_READ_GYRO                      0x08002f60   Section        0  mpu9255.o(i.MPU9250_READ_GYRO)
    i.MX_FATFS_Init                          0x08003054   Section        0  fatfs.o(i.MX_FATFS_Init)
    i.MX_GPIO_Init                           0x08003070   Section        0  main.o(i.MX_GPIO_Init)
    MX_GPIO_Init                             0x08003071   Thumb Code   176  main.o(i.MX_GPIO_Init)
    i.MX_I2C1_Init                           0x08003130   Section        0  main.o(i.MX_I2C1_Init)
    MX_I2C1_Init                             0x08003131   Thumb Code    44  main.o(i.MX_I2C1_Init)
    i.MX_TIM2_Init                           0x08003168   Section        0  main.o(i.MX_TIM2_Init)
    MX_TIM2_Init                             0x08003169   Thumb Code    76  main.o(i.MX_TIM2_Init)
    i.MemManage_Handler                      0x080031b8   Section        0  stm32f4xx_it.o(i.MemManage_Handler)
    i.NMI_Handler                            0x080031ba   Section        0  stm32f4xx_it.o(i.NMI_Handler)
    i.NVIC_SetPriority                       0x080031bc   Section        0  stm32f4xx_hal_cortex.o(i.NVIC_SetPriority)
    NVIC_SetPriority                         0x080031bd   Thumb Code    32  stm32f4xx_hal_cortex.o(i.NVIC_SetPriority)
    i.PendSV_Handler                         0x080031dc   Section        0  stm32f4xx_it.o(i.PendSV_Handler)
    i.RCC_IRQHandler                         0x080031de   Section        0  stm32f4xx_it.o(i.RCC_IRQHandler)
    i.SDIO_ConfigData                        0x080031e0   Section        0  stm32f4xx_ll_sdmmc.o(i.SDIO_ConfigData)
    i.SDIO_GetPowerState                     0x08003204   Section        0  stm32f4xx_ll_sdmmc.o(i.SDIO_GetPowerState)
    i.SDIO_GetResponse                       0x0800320c   Section        0  stm32f4xx_ll_sdmmc.o(i.SDIO_GetResponse)
    i.SDIO_Init                              0x08003218   Section        0  stm32f4xx_ll_sdmmc.o(i.SDIO_Init)
    i.SDIO_PowerState_ON                     0x0800323c   Section        0  stm32f4xx_ll_sdmmc.o(i.SDIO_PowerState_ON)
    i.SDIO_ReadFIFO                          0x08003244   Section        0  stm32f4xx_ll_sdmmc.o(i.SDIO_ReadFIFO)
    i.SDIO_SendCommand                       0x0800324a   Section        0  stm32f4xx_ll_sdmmc.o(i.SDIO_SendCommand)
    i.SDIO_WriteFIFO                         0x0800326a   Section        0  stm32f4xx_ll_sdmmc.o(i.SDIO_WriteFIFO)
    i.SDMMC_CmdAppCommand                    0x08003274   Section        0  stm32f4xx_ll_sdmmc.o(i.SDMMC_CmdAppCommand)
    i.SDMMC_CmdAppOperCommand                0x080032a8   Section        0  stm32f4xx_ll_sdmmc.o(i.SDMMC_CmdAppOperCommand)
    i.SDMMC_CmdBlockLength                   0x080032dc   Section        0  stm32f4xx_ll_sdmmc.o(i.SDMMC_CmdBlockLength)
    i.SDMMC_CmdGoIdleState                   0x08003310   Section        0  stm32f4xx_ll_sdmmc.o(i.SDMMC_CmdGoIdleState)
    i.SDMMC_CmdOperCond                      0x08003360   Section        0  stm32f4xx_ll_sdmmc.o(i.SDMMC_CmdOperCond)
    i.SDMMC_CmdReadMultiBlock                0x080033c8   Section        0  stm32f4xx_ll_sdmmc.o(i.SDMMC_CmdReadMultiBlock)
    i.SDMMC_CmdReadSingleBlock               0x080033fa   Section        0  stm32f4xx_ll_sdmmc.o(i.SDMMC_CmdReadSingleBlock)
    i.SDMMC_CmdSelDesel                      0x0800342c   Section        0  stm32f4xx_ll_sdmmc.o(i.SDMMC_CmdSelDesel)
    i.SDMMC_CmdSendCID                       0x0800345e   Section        0  stm32f4xx_ll_sdmmc.o(i.SDMMC_CmdSendCID)
    i.SDMMC_CmdSendCSD                       0x0800348a   Section        0  stm32f4xx_ll_sdmmc.o(i.SDMMC_CmdSendCSD)
    i.SDMMC_CmdSendStatus                    0x080034b6   Section        0  stm32f4xx_ll_sdmmc.o(i.SDMMC_CmdSendStatus)
    i.SDMMC_CmdSetRelAdd                     0x080034e8   Section        0  stm32f4xx_ll_sdmmc.o(i.SDMMC_CmdSetRelAdd)
    i.SDMMC_CmdStopTransfer                  0x08003518   Section        0  stm32f4xx_ll_sdmmc.o(i.SDMMC_CmdStopTransfer)
    i.SDMMC_CmdWriteMultiBlock               0x0800354c   Section        0  stm32f4xx_ll_sdmmc.o(i.SDMMC_CmdWriteMultiBlock)
    i.SDMMC_CmdWriteSingleBlock              0x0800357e   Section        0  stm32f4xx_ll_sdmmc.o(i.SDMMC_CmdWriteSingleBlock)
    i.SDMMC_GetCmdResp1                      0x080035b0   Section        0  stm32f4xx_ll_sdmmc.o(i.SDMMC_GetCmdResp1)
    SDMMC_GetCmdResp1                        0x080035b1   Thumb Code   276  stm32f4xx_ll_sdmmc.o(i.SDMMC_GetCmdResp1)
    i.SDMMC_GetCmdResp2                      0x080036cc   Section        0  stm32f4xx_ll_sdmmc.o(i.SDMMC_GetCmdResp2)
    SDMMC_GetCmdResp2                        0x080036cd   Thumb Code    74  stm32f4xx_ll_sdmmc.o(i.SDMMC_GetCmdResp2)
    i.SDMMC_GetCmdResp3                      0x0800371c   Section        0  stm32f4xx_ll_sdmmc.o(i.SDMMC_GetCmdResp3)
    SDMMC_GetCmdResp3                        0x0800371d   Thumb Code    60  stm32f4xx_ll_sdmmc.o(i.SDMMC_GetCmdResp3)
    i.SDMMC_GetCmdResp6                      0x0800375c   Section        0  stm32f4xx_ll_sdmmc.o(i.SDMMC_GetCmdResp6)
    SDMMC_GetCmdResp6                        0x0800375d   Thumb Code   128  stm32f4xx_ll_sdmmc.o(i.SDMMC_GetCmdResp6)
    i.SD_InitCard                            0x080037e0   Section        0  stm32f4xx_hal_sd.o(i.SD_InitCard)
    SD_InitCard                              0x080037e1   Thumb Code   230  stm32f4xx_hal_sd.o(i.SD_InitCard)
    i.SD_PowerON                             0x080038c6   Section        0  stm32f4xx_hal_sd.o(i.SD_PowerON)
    SD_PowerON                               0x080038c7   Thumb Code   162  stm32f4xx_hal_sd.o(i.SD_PowerON)
    i.SD_initialize                          0x08003968   Section        0  sd_diskio.o(i.SD_initialize)
    i.SD_ioctl                               0x08003988   Section        0  sd_diskio.o(i.SD_ioctl)
    i.SD_read                                0x080039d8   Section        0  sd_diskio.o(i.SD_read)
    i.SD_status                              0x08003a14   Section        0  sd_diskio.o(i.SD_status)
    i.SD_write                               0x08003a34   Section        0  sd_diskio.o(i.SD_write)
    i.SVC_Handler                            0x08003a70   Section        0  stm32f4xx_it.o(i.SVC_Handler)
    i.SysTick_Handler                        0x08003a72   Section        0  stm32f4xx_it.o(i.SysTick_Handler)
    i.SystemClock_Config                     0x08003a80   Section        0  main.o(i.SystemClock_Config)
    i.SystemInit                             0x08003b20   Section        0  system_stm32f4xx.o(i.SystemInit)
    i.TIM2_IRQHandler                        0x08003b74   Section        0  stm32f4xx_it.o(i.TIM2_IRQHandler)
    i.TIM_Base_SetConfig                     0x08003b80   Section        0  stm32f4xx_hal_tim.o(i.TIM_Base_SetConfig)
    i.TIM_ETR_SetConfig                      0x08003c40   Section        0  stm32f4xx_hal_tim.o(i.TIM_ETR_SetConfig)
    TIM_ETR_SetConfig                        0x08003c41   Thumb Code    20  stm32f4xx_hal_tim.o(i.TIM_ETR_SetConfig)
    i.TIM_ITRx_SetConfig                     0x08003c54   Section        0  stm32f4xx_hal_tim.o(i.TIM_ITRx_SetConfig)
    TIM_ITRx_SetConfig                       0x08003c55   Thumb Code    16  stm32f4xx_hal_tim.o(i.TIM_ITRx_SetConfig)
    i.TIM_TI1_ConfigInputStage               0x08003c64   Section        0  stm32f4xx_hal_tim.o(i.TIM_TI1_ConfigInputStage)
    TIM_TI1_ConfigInputStage                 0x08003c65   Thumb Code    34  stm32f4xx_hal_tim.o(i.TIM_TI1_ConfigInputStage)
    i.TIM_TI2_ConfigInputStage               0x08003c86   Section        0  stm32f4xx_hal_tim.o(i.TIM_TI2_ConfigInputStage)
    TIM_TI2_ConfigInputStage                 0x08003c87   Thumb Code    36  stm32f4xx_hal_tim.o(i.TIM_TI2_ConfigInputStage)
    i.UART_DMAAbortOnError                   0x08003caa   Section        0  stm32f4xx_hal_uart.o(i.UART_DMAAbortOnError)
    UART_DMAAbortOnError                     0x08003cab   Thumb Code    16  stm32f4xx_hal_uart.o(i.UART_DMAAbortOnError)
    i.UART_EndRxTransfer                     0x08003cba   Section        0  stm32f4xx_hal_uart.o(i.UART_EndRxTransfer)
    UART_EndRxTransfer                       0x08003cbb   Thumb Code    28  stm32f4xx_hal_uart.o(i.UART_EndRxTransfer)
    i.UART_Receive_IT                        0x08003cd6   Section        0  stm32f4xx_hal_uart.o(i.UART_Receive_IT)
    UART_Receive_IT                          0x08003cd7   Thumb Code   140  stm32f4xx_hal_uart.o(i.UART_Receive_IT)
    i.UART_SetConfig                         0x08003d64   Section        0  stm32f4xx_hal_uart.o(i.UART_SetConfig)
    UART_SetConfig                           0x08003d65   Thumb Code   676  stm32f4xx_hal_uart.o(i.UART_SetConfig)
    i.UART_Transmit_IT                       0x08004010   Section        0  stm32f4xx_hal_uart.o(i.UART_Transmit_IT)
    UART_Transmit_IT                         0x08004011   Thumb Code    98  stm32f4xx_hal_uart.o(i.UART_Transmit_IT)
    i.UART_WaitOnFlagUntilTimeout            0x08004072   Section        0  stm32f4xx_hal_uart.o(i.UART_WaitOnFlagUntilTimeout)
    UART_WaitOnFlagUntilTimeout              0x08004073   Thumb Code   100  stm32f4xx_hal_uart.o(i.UART_WaitOnFlagUntilTimeout)
    i.USART1_IRQHandler                      0x080040d8   Section        0  stm32f4xx_it.o(i.USART1_IRQHandler)
    i.UsageFault_Handler                     0x08004284   Section        0  stm32f4xx_it.o(i.UsageFault_Handler)
    i._Error_Handler                         0x08004286   Section        0  main.o(i._Error_Handler)
    i.__aeabi_errno_addr                     0x08004288   Section        0  errno.o(i.__aeabi_errno_addr)
    i.__scatterload_copy                     0x08004290   Section       14  handlers.o(i.__scatterload_copy)
    i.__scatterload_null                     0x0800429e   Section        2  handlers.o(i.__scatterload_null)
    i.__scatterload_zeroinit                 0x080042a0   Section       14  handlers.o(i.__scatterload_zeroinit)
    i.check_fs                               0x080042b0   Section        0  ff.o(i.check_fs)
    check_fs                                 0x080042b1   Thumb Code    90  ff.o(i.check_fs)
    i.chk_chr                                0x08004310   Section        0  ff.o(i.chk_chr)
    chk_chr                                  0x08004311   Thumb Code    16  ff.o(i.chk_chr)
    i.chk_lock                               0x08004320   Section        0  ff.o(i.chk_lock)
    chk_lock                                 0x08004321   Thumb Code   100  ff.o(i.chk_lock)
    i.clear_lock                             0x08004388   Section        0  ff.o(i.clear_lock)
    clear_lock                               0x08004389   Thumb Code    32  ff.o(i.clear_lock)
    i.clmt_clust                             0x080043ac   Section        0  ff.o(i.clmt_clust)
    clmt_clust                               0x080043ad   Thumb Code    46  ff.o(i.clmt_clust)
    i.clust2sect                             0x080043da   Section        0  ff.o(i.clust2sect)
    i.create_chain                           0x080043f6   Section        0  ff.o(i.create_chain)
    create_chain                             0x080043f7   Thumb Code   164  ff.o(i.create_chain)
    i.create_name                            0x0800449c   Section        0  ff.o(i.create_name)
    create_name                              0x0800449d   Thumb Code   492  ff.o(i.create_name)
    i.dec_lock                               0x080046a0   Section        0  ff.o(i.dec_lock)
    dec_lock                                 0x080046a1   Thumb Code    54  ff.o(i.dec_lock)
    i.dir_find                               0x080046dc   Section        0  ff.o(i.dir_find)
    dir_find                                 0x080046dd   Thumb Code   314  ff.o(i.dir_find)
    i.dir_next                               0x0800481c   Section        0  ff.o(i.dir_next)
    dir_next                                 0x0800481d   Thumb Code   284  ff.o(i.dir_next)
    i.dir_register                           0x08004938   Section        0  ff.o(i.dir_register)
    dir_register                             0x08004939   Thumb Code   444  ff.o(i.dir_register)
    i.dir_sdi                                0x08004af8   Section        0  ff.o(i.dir_sdi)
    dir_sdi                                  0x08004af9   Thumb Code   158  ff.o(i.dir_sdi)
    i.disk_initialize                        0x08004b98   Section        0  diskio.o(i.disk_initialize)
    i.disk_ioctl                             0x08004bc0   Section        0  diskio.o(i.disk_ioctl)
    i.disk_read                              0x08004bdc   Section        0  diskio.o(i.disk_read)
    i.disk_status                            0x08004bf8   Section        0  diskio.o(i.disk_status)
    i.disk_write                             0x08004c10   Section        0  diskio.o(i.disk_write)
    i.f_close                                0x08004c2c   Section        0  ff.o(i.f_close)
    i.f_lseek                                0x08004c56   Section        0  ff.o(i.f_lseek)
    i.f_mount                                0x08004ebc   Section        0  ff.o(i.f_mount)
    i.f_open                                 0x08004f1c   Section        0  ff.o(i.f_open)
    i.f_sync                                 0x0800510c   Section        0  ff.o(i.f_sync)
    i.f_write                                0x080051ae   Section        0  ff.o(i.f_write)
    i.ff_convert                             0x08005374   Section        0  unicode.o(i.ff_convert)
    i.ff_wtoupper                            0x080053ac   Section        0  unicode.o(i.ff_wtoupper)
    i.find_volume                            0x080053d0   Section        0  ff.o(i.find_volume)
    find_volume                              0x080053d1   Thumb Code   606  ff.o(i.find_volume)
    i.follow_path                            0x0800563c   Section        0  ff.o(i.follow_path)
    follow_path                              0x0800563d   Thumb Code   106  ff.o(i.follow_path)
    i.gen_numname                            0x080056a8   Section        0  ff.o(i.gen_numname)
    gen_numname                              0x080056a9   Thumb Code   122  ff.o(i.gen_numname)
    i.get_fat                                0x08005728   Section        0  ff.o(i.get_fat)
    i.get_fattime                            0x0800580e   Section        0  fatfs.o(i.get_fattime)
    i.get_ldnumber                           0x08005812   Section        0  ff.o(i.get_ldnumber)
    get_ldnumber                             0x08005813   Thumb Code    60  ff.o(i.get_ldnumber)
    i.inc_lock                               0x08005850   Section        0  ff.o(i.inc_lock)
    inc_lock                                 0x08005851   Thumb Code   146  ff.o(i.inc_lock)
    i.ld_clust                               0x080058e8   Section        0  ff.o(i.ld_clust)
    ld_clust                                 0x080058e9   Thumb Code    22  ff.o(i.ld_clust)
    i.main                                   0x08005900   Section        0  main.o(i.main)
    i.mem_cpy                                0x080059a4   Section        0  ff.o(i.mem_cpy)
    mem_cpy                                  0x080059a5   Thumb Code    18  ff.o(i.mem_cpy)
    i.mem_set                                0x080059b6   Section        0  ff.o(i.mem_set)
    mem_set                                  0x080059b7   Thumb Code    14  ff.o(i.mem_set)
    i.move_window                            0x080059c4   Section        0  ff.o(i.move_window)
    move_window                              0x080059c5   Thumb Code    56  ff.o(i.move_window)
    i.put_fat                                0x080059fc   Section        0  ff.o(i.put_fat)
    i.remove_chain                           0x08005b1a   Section        0  ff.o(i.remove_chain)
    remove_chain                             0x08005b1b   Thumb Code   102  ff.o(i.remove_chain)
    i.st_clust                               0x08005b80   Section        0  ff.o(i.st_clust)
    st_clust                                 0x08005b81   Thumb Code    16  ff.o(i.st_clust)
    i.sum_sfn                                0x08005b90   Section        0  ff.o(i.sum_sfn)
    sum_sfn                                  0x08005b91   Thumb Code    26  ff.o(i.sum_sfn)
    i.sync_fs                                0x08005baa   Section        0  ff.o(i.sync_fs)
    sync_fs                                  0x08005bab   Thumb Code   168  ff.o(i.sync_fs)
    i.sync_window                            0x08005c52   Section        0  ff.o(i.sync_window)
    sync_window                              0x08005c53   Thumb Code    82  ff.o(i.sync_window)
    i.validate                               0x08005ca4   Section        0  ff.o(i.validate)
    validate                                 0x08005ca5   Thumb Code    42  ff.o(i.validate)
    .constdata                               0x08005cce   Section       16  system_stm32f4xx.o(.constdata)
    .constdata                               0x08005cde   Section        8  system_stm32f4xx.o(.constdata)
    .constdata                               0x08005ce6   Section      186  ff.o(.constdata)
    ExCvt                                    0x08005ce6   Data         128  ff.o(.constdata)
    LfnOfs                                   0x08005d66   Data          13  ff.o(.constdata)
    vst                                      0x08005d74   Data          22  ff.o(.constdata)
    cst                                      0x08005d8a   Data          22  ff.o(.constdata)
    .constdata                               0x08005da0   Section       20  sd_diskio.o(.constdata)
    .constdata                               0x08005db4   Section     1216  unicode.o(.constdata)
    Tbl                                      0x08005db4   Data         256  unicode.o(.constdata)
    tbl_lower                                0x08005eb4   Data         480  unicode.o(.constdata)
    tbl_upper                                0x08006094   Data         480  unicode.o(.constdata)
    .constdata                               0x08006274   Section      129  ctype_o.o(.constdata)
    .constdata                               0x080062f8   Section        4  ctype_o.o(.constdata)
    table                                    0x080062f8   Data           4  ctype_o.o(.constdata)
    .data                                    0x20000000   Section        4  stm32f4xx_hal.o(.data)
    .data                                    0x20000004   Section        4  system_stm32f4xx.o(.data)
    .data                                    0x20000008   Section        8  ff.o(.data)
    Fsid                                     0x20000008   Data           2  ff.o(.data)
    FatFs                                    0x2000000c   Data           4  ff.o(.data)
    .data                                    0x20000010   Section        1  sd_diskio.o(.data)
    Stat                                     0x20000010   Data           1  sd_diskio.o(.data)
    .data                                    0x20000014   Section       24  stm32f4xx_it.o(.data)
    .data                                    0x2000002c   Section        5  fatfs.o(.data)
    .data                                    0x20000032   Section        6  main.o(.data)
    .data                                    0x20000038   Section        6  main.o(.data)
    .data                                    0x2000003e   Section        6  mpu9255.o(.data)
    .data                                    0x20000044   Section        4  strtok.o(.data)
    state                                    0x20000044   Data           4  strtok.o(.data)
    .data                                    0x20000048   Section        4  errno.o(.data)
    _errno                                   0x20000048   Data           4  errno.o(.data)
    .bss                                     0x2000004c   Section      536  ff.o(.bss)
    Files                                    0x2000004c   Data          24  ff.o(.bss)
    LfnBuf                                   0x20000064   Data         512  ff.o(.bss)
    .bss                                     0x20000264   Section       12  ff_gen_drv.o(.bss)
    .bss                                     0x20000270   Section       90  stm32f4xx_it.o(.bss)
    .bss                                     0x200002cc   Section      340  main.o(.bss)
    .bss                                     0x20000420   Section     4144  main.o(.bss)
    .bss                                     0x20001450   Section     4140  main.o(.bss)
    .bss                                     0x2000247c   Section      144  mpu9255.o(.bss)
    OutBuffer                                0x2000247c   Data          12  mpu9255.o(.bss)
    MPU9250_Filter                           0x20002488   Data          54  mpu9255.o(.bss)
    OutBuffer                                0x200024c0   Data          12  mpu9255.o(.bss)
    MPU9250_Filter                           0x200024cc   Data          54  mpu9255.o(.bss)
    STACK                                    0x20002510   Section     1024  startup_stm32f429xx.o(STACK)

    Global Symbols

    Symbol Name                              Value     Ov Type        Size  Object(Section)

    BuildAttributes$$THM_ISAv4$E$P$D$K$B$S$7EM$VFPi3$EXTD16$VFPS$VFMA$PE$A:L22UL41UL21$X:L11$S22US41US21$IEEE1$IW$USESV6$~STKCKD$USESV7$~SHL$OSPACE$EBA8$MICROLIB$REQ8$PRES8$EABIv2 0x00000000   Number         0  anon$$obj.o ABSOLUTE
    __ARM_use_no_argv                        0x00000000   Number         0  main.o ABSOLUTE
    __cpp_initialize__aeabi_                  - Undefined Weak Reference
    __cxa_finalize                            - Undefined Weak Reference
    __decompress                              - Undefined Weak Reference
    _clock_init                               - Undefined Weak Reference
    _microlib_exit                            - Undefined Weak Reference
    __Vectors_Size                           0x000001ac   Number         0  startup_stm32f429xx.o ABSOLUTE
    __Vectors                                0x08000000   Data           4  startup_stm32f429xx.o(RESET)
    __Vectors_End                            0x080001ac   Data           0  startup_stm32f429xx.o(RESET)
    __main                                   0x080001ad   Thumb Code     0  entry.o(.ARM.Collect$$$$00000000)
    _main_stk                                0x080001ad   Thumb Code     0  entry2.o(.ARM.Collect$$$$00000001)
    _main_scatterload                        0x080001b1   Thumb Code     0  entry5.o(.ARM.Collect$$$$00000004)
    __main_after_scatterload                 0x080001b5   Thumb Code     0  entry5.o(.ARM.Collect$$$$00000004)
    _main_clock                              0x080001b5   Thumb Code     0  entry7b.o(.ARM.Collect$$$$00000008)
    _main_cpp_init                           0x080001b5   Thumb Code     0  entry8b.o(.ARM.Collect$$$$0000000A)
    _main_init                               0x080001b5   Thumb Code     0  entry9a.o(.ARM.Collect$$$$0000000B)
    __rt_final_cpp                           0x080001bd   Thumb Code     0  entry10a.o(.ARM.Collect$$$$0000000D)
    __rt_final_exit                          0x080001bd   Thumb Code     0  entry11a.o(.ARM.Collect$$$$0000000F)
    Reset_Handler                            0x080001c1   Thumb Code     8  startup_stm32f429xx.o(.text)
    ADC_IRQHandler                           0x080001db   Thumb Code     0  startup_stm32f429xx.o(.text)
    CAN1_RX0_IRQHandler                      0x080001db   Thumb Code     0  startup_stm32f429xx.o(.text)
    CAN1_RX1_IRQHandler                      0x080001db   Thumb Code     0  startup_stm32f429xx.o(.text)
    CAN1_SCE_IRQHandler                      0x080001db   Thumb Code     0  startup_stm32f429xx.o(.text)
    CAN1_TX_IRQHandler                       0x080001db   Thumb Code     0  startup_stm32f429xx.o(.text)
    CAN2_RX0_IRQHandler                      0x080001db   Thumb Code     0  startup_stm32f429xx.o(.text)
    CAN2_RX1_IRQHandler                      0x080001db   Thumb Code     0  startup_stm32f429xx.o(.text)
    CAN2_SCE_IRQHandler                      0x080001db   Thumb Code     0  startup_stm32f429xx.o(.text)
    CAN2_TX_IRQHandler                       0x080001db   Thumb Code     0  startup_stm32f429xx.o(.text)
    DCMI_IRQHandler                          0x080001db   Thumb Code     0  startup_stm32f429xx.o(.text)
    DMA1_Stream0_IRQHandler                  0x080001db   Thumb Code     0  startup_stm32f429xx.o(.text)
    DMA1_Stream1_IRQHandler                  0x080001db   Thumb Code     0  startup_stm32f429xx.o(.text)
    DMA1_Stream2_IRQHandler                  0x080001db   Thumb Code     0  startup_stm32f429xx.o(.text)
    DMA1_Stream3_IRQHandler                  0x080001db   Thumb Code     0  startup_stm32f429xx.o(.text)
    DMA1_Stream4_IRQHandler                  0x080001db   Thumb Code     0  startup_stm32f429xx.o(.text)
    DMA1_Stream5_IRQHandler                  0x080001db   Thumb Code     0  startup_stm32f429xx.o(.text)
    DMA1_Stream6_IRQHandler                  0x080001db   Thumb Code     0  startup_stm32f429xx.o(.text)
    DMA1_Stream7_IRQHandler                  0x080001db   Thumb Code     0  startup_stm32f429xx.o(.text)
    DMA2D_IRQHandler                         0x080001db   Thumb Code     0  startup_stm32f429xx.o(.text)
    DMA2_Stream0_IRQHandler                  0x080001db   Thumb Code     0  startup_stm32f429xx.o(.text)
    DMA2_Stream1_IRQHandler                  0x080001db   Thumb Code     0  startup_stm32f429xx.o(.text)
    DMA2_Stream2_IRQHandler                  0x080001db   Thumb Code     0  startup_stm32f429xx.o(.text)
    DMA2_Stream3_IRQHandler                  0x080001db   Thumb Code     0  startup_stm32f429xx.o(.text)
    DMA2_Stream4_IRQHandler                  0x080001db   Thumb Code     0  startup_stm32f429xx.o(.text)
    DMA2_Stream5_IRQHandler                  0x080001db   Thumb Code     0  startup_stm32f429xx.o(.text)
    DMA2_Stream6_IRQHandler                  0x080001db   Thumb Code     0  startup_stm32f429xx.o(.text)
    DMA2_Stream7_IRQHandler                  0x080001db   Thumb Code     0  startup_stm32f429xx.o(.text)
    ETH_IRQHandler                           0x080001db   Thumb Code     0  startup_stm32f429xx.o(.text)
    ETH_WKUP_IRQHandler                      0x080001db   Thumb Code     0  startup_stm32f429xx.o(.text)
    EXTI0_IRQHandler                         0x080001db   Thumb Code     0  startup_stm32f429xx.o(.text)
    EXTI15_10_IRQHandler                     0x080001db   Thumb Code     0  startup_stm32f429xx.o(.text)
    EXTI1_IRQHandler                         0x080001db   Thumb Code     0  startup_stm32f429xx.o(.text)
    EXTI2_IRQHandler                         0x080001db   Thumb Code     0  startup_stm32f429xx.o(.text)
    EXTI3_IRQHandler                         0x080001db   Thumb Code     0  startup_stm32f429xx.o(.text)
    EXTI4_IRQHandler                         0x080001db   Thumb Code     0  startup_stm32f429xx.o(.text)
    FLASH_IRQHandler                         0x080001db   Thumb Code     0  startup_stm32f429xx.o(.text)
    FMC_IRQHandler                           0x080001db   Thumb Code     0  startup_stm32f429xx.o(.text)
    FPU_IRQHandler                           0x080001db   Thumb Code     0  startup_stm32f429xx.o(.text)
    HASH_RNG_IRQHandler                      0x080001db   Thumb Code     0  startup_stm32f429xx.o(.text)
    I2C1_ER_IRQHandler                       0x080001db   Thumb Code     0  startup_stm32f429xx.o(.text)
    I2C2_ER_IRQHandler                       0x080001db   Thumb Code     0  startup_stm32f429xx.o(.text)
    I2C2_EV_IRQHandler                       0x080001db   Thumb Code     0  startup_stm32f429xx.o(.text)
    I2C3_ER_IRQHandler                       0x080001db   Thumb Code     0  startup_stm32f429xx.o(.text)
    I2C3_EV_IRQHandler                       0x080001db   Thumb Code     0  startup_stm32f429xx.o(.text)
    LTDC_ER_IRQHandler                       0x080001db   Thumb Code     0  startup_stm32f429xx.o(.text)
    LTDC_IRQHandler                          0x080001db   Thumb Code     0  startup_stm32f429xx.o(.text)
    OTG_FS_IRQHandler                        0x080001db   Thumb Code     0  startup_stm32f429xx.o(.text)
    OTG_FS_WKUP_IRQHandler                   0x080001db   Thumb Code     0  startup_stm32f429xx.o(.text)
    OTG_HS_EP1_IN_IRQHandler                 0x080001db   Thumb Code     0  startup_stm32f429xx.o(.text)
    OTG_HS_EP1_OUT_IRQHandler                0x080001db   Thumb Code     0  startup_stm32f429xx.o(.text)
    OTG_HS_IRQHandler                        0x080001db   Thumb Code     0  startup_stm32f429xx.o(.text)
    OTG_HS_WKUP_IRQHandler                   0x080001db   Thumb Code     0  startup_stm32f429xx.o(.text)
    PVD_IRQHandler                           0x080001db   Thumb Code     0  startup_stm32f429xx.o(.text)
    RTC_Alarm_IRQHandler                     0x080001db   Thumb Code     0  startup_stm32f429xx.o(.text)
    RTC_WKUP_IRQHandler                      0x080001db   Thumb Code     0  startup_stm32f429xx.o(.text)
    SAI1_IRQHandler                          0x080001db   Thumb Code     0  startup_stm32f429xx.o(.text)
    SDIO_IRQHandler                          0x080001db   Thumb Code     0  startup_stm32f429xx.o(.text)
    SPI1_IRQHandler                          0x080001db   Thumb Code     0  startup_stm32f429xx.o(.text)
    SPI2_IRQHandler                          0x080001db   Thumb Code     0  startup_stm32f429xx.o(.text)
    SPI3_IRQHandler                          0x080001db   Thumb Code     0  startup_stm32f429xx.o(.text)
    SPI4_IRQHandler                          0x080001db   Thumb Code     0  startup_stm32f429xx.o(.text)
    SPI5_IRQHandler                          0x080001db   Thumb Code     0  startup_stm32f429xx.o(.text)
    SPI6_IRQHandler                          0x080001db   Thumb Code     0  startup_stm32f429xx.o(.text)
    TAMP_STAMP_IRQHandler                    0x080001db   Thumb Code     0  startup_stm32f429xx.o(.text)
    TIM1_BRK_TIM9_IRQHandler                 0x080001db   Thumb Code     0  startup_stm32f429xx.o(.text)
    TIM1_CC_IRQHandler                       0x080001db   Thumb Code     0  startup_stm32f429xx.o(.text)
    TIM1_TRG_COM_TIM11_IRQHandler            0x080001db   Thumb Code     0  startup_stm32f429xx.o(.text)
    TIM1_UP_TIM10_IRQHandler                 0x080001db   Thumb Code     0  startup_stm32f429xx.o(.text)
    TIM3_IRQHandler                          0x080001db   Thumb Code     0  startup_stm32f429xx.o(.text)
    TIM4_IRQHandler                          0x080001db   Thumb Code     0  startup_stm32f429xx.o(.text)
    TIM5_IRQHandler                          0x080001db   Thumb Code     0  startup_stm32f429xx.o(.text)
    TIM6_DAC_IRQHandler                      0x080001db   Thumb Code     0  startup_stm32f429xx.o(.text)
    TIM7_IRQHandler                          0x080001db   Thumb Code     0  startup_stm32f429xx.o(.text)
    TIM8_BRK_TIM12_IRQHandler                0x080001db   Thumb Code     0  startup_stm32f429xx.o(.text)
    TIM8_CC_IRQHandler                       0x080001db   Thumb Code     0  startup_stm32f429xx.o(.text)
    TIM8_TRG_COM_TIM14_IRQHandler            0x080001db   Thumb Code     0  startup_stm32f429xx.o(.text)
    TIM8_UP_TIM13_IRQHandler                 0x080001db   Thumb Code     0  startup_stm32f429xx.o(.text)
    UART4_IRQHandler                         0x080001db   Thumb Code     0  startup_stm32f429xx.o(.text)
    UART5_IRQHandler                         0x080001db   Thumb Code     0  startup_stm32f429xx.o(.text)
    UART7_IRQHandler                         0x080001db   Thumb Code     0  startup_stm32f429xx.o(.text)
    UART8_IRQHandler                         0x080001db   Thumb Code     0  startup_stm32f429xx.o(.text)
    USART2_IRQHandler                        0x080001db   Thumb Code     0  startup_stm32f429xx.o(.text)
    USART3_IRQHandler                        0x080001db   Thumb Code     0  startup_stm32f429xx.o(.text)
    USART6_IRQHandler                        0x080001db   Thumb Code     0  startup_stm32f429xx.o(.text)
    WWDG_IRQHandler                          0x080001db   Thumb Code     0  startup_stm32f429xx.o(.text)
    strncpy                                  0x080001e5   Thumb Code    24  strncpy.o(.text)
    strtok                                   0x080001fd   Thumb Code    62  strtok.o(.text)
    atol                                     0x08000241   Thumb Code    26  atol.o(.text)
    strtol                                   0x0800025b   Thumb Code   112  strtol.o(.text)
    __scatterload                            0x080002cd   Thumb Code    28  init.o(.text)
    __scatterload_rt2                        0x080002cd   Thumb Code     0  init.o(.text)
    __rt_ctype_table                         0x080002f1   Thumb Code     4  ctype_o.o(.text)
    _strtoul                                 0x080002f9   Thumb Code   158  _strtoul.o(.text)
    _chval                                   0x08000397   Thumb Code    28  _chval.o(.text)
    BSP_SD_GetCardInfo                       0x080003b5   Thumb Code     8  bsp_driver_sd.o(i.BSP_SD_GetCardInfo)
    BSP_SD_GetCardState                      0x080003c1   Thumb Code    20  bsp_driver_sd.o(i.BSP_SD_GetCardState)
    BSP_SD_Init                              0x080003d9   Thumb Code    30  bsp_driver_sd.o(i.BSP_SD_Init)
    BSP_SD_ReadBlocks                        0x080003fd   Thumb Code    26  bsp_driver_sd.o(i.BSP_SD_ReadBlocks)
    BSP_SD_WriteBlocks                       0x0800041d   Thumb Code    26  bsp_driver_sd.o(i.BSP_SD_WriteBlocks)
    BusFault_Handler                         0x0800043d   Thumb Code     2  stm32f4xx_it.o(i.BusFault_Handler)
    DebugMon_Handler                         0x0800043f   Thumb Code     2  stm32f4xx_it.o(i.DebugMon_Handler)
    EXTI9_5_IRQHandler                       0x08000441   Thumb Code     8  stm32f4xx_it.o(i.EXTI9_5_IRQHandler)
    FATFS_LinkDriver                         0x08000449   Thumb Code     6  ff_gen_drv.o(i.FATFS_LinkDriver)
    FATFS_LinkDriverEx                       0x08000451   Thumb Code    60  ff_gen_drv.o(i.FATFS_LinkDriverEx)
    HAL_DMA_Abort_IT                         0x08000491   Thumb Code    36  stm32f4xx_hal_dma.o(i.HAL_DMA_Abort_IT)
    HAL_Delay                                0x080004b5   Thumb Code    28  stm32f4xx_hal.o(i.HAL_Delay)
    HAL_GPIO_EXTI_Callback                   0x080004d1   Thumb Code   242  stm32f4xx_it.o(i.HAL_GPIO_EXTI_Callback)
    HAL_GPIO_EXTI_IRQHandler                 0x08000609   Thumb Code    18  stm32f4xx_hal_gpio.o(i.HAL_GPIO_EXTI_IRQHandler)
    HAL_GPIO_Init                            0x08000621   Thumb Code   408  stm32f4xx_hal_gpio.o(i.HAL_GPIO_Init)
    HAL_GPIO_ReadPin                         0x080007ed   Thumb Code    10  stm32f4xx_hal_gpio.o(i.HAL_GPIO_ReadPin)
    HAL_GPIO_TogglePin                       0x080007f7   Thumb Code     8  stm32f4xx_hal_gpio.o(i.HAL_GPIO_TogglePin)
    HAL_GPIO_WritePin                        0x080007ff   Thumb Code    10  stm32f4xx_hal_gpio.o(i.HAL_GPIO_WritePin)
    HAL_GetTick                              0x08000809   Thumb Code     6  stm32f4xx_hal.o(i.HAL_GetTick)
    HAL_I2C_AbortCpltCallback                0x08000815   Thumb Code     2  stm32f4xx_hal_i2c.o(i.HAL_I2C_AbortCpltCallback)
    HAL_I2C_AddrCallback                     0x08000817   Thumb Code     2  stm32f4xx_hal_i2c.o(i.HAL_I2C_AddrCallback)
    HAL_I2C_EV_IRQHandler                    0x08000819   Thumb Code   486  stm32f4xx_hal_i2c.o(i.HAL_I2C_EV_IRQHandler)
    HAL_I2C_ErrorCallback                    0x08000a09   Thumb Code     2  stm32f4xx_hal_i2c.o(i.HAL_I2C_ErrorCallback)
    HAL_I2C_Init                             0x08000a0d   Thumb Code   254  stm32f4xx_hal_i2c.o(i.HAL_I2C_Init)
    HAL_I2C_ListenCpltCallback               0x08000b15   Thumb Code     2  stm32f4xx_hal_i2c.o(i.HAL_I2C_ListenCpltCallback)
    HAL_I2C_MasterRxCpltCallback             0x08000b17   Thumb Code     2  stm32f4xx_hal_i2c.o(i.HAL_I2C_MasterRxCpltCallback)
    HAL_I2C_MasterTxCpltCallback             0x08000b19   Thumb Code     2  stm32f4xx_hal_i2c.o(i.HAL_I2C_MasterTxCpltCallback)
    HAL_I2C_MemRxCpltCallback                0x08000b1b   Thumb Code     2  stm32f4xx_hal_i2c.o(i.HAL_I2C_MemRxCpltCallback)
    HAL_I2C_MemTxCpltCallback                0x08000b1d   Thumb Code     2  stm32f4xx_hal_i2c.o(i.HAL_I2C_MemTxCpltCallback)
    HAL_I2C_Mem_Read                         0x08000b21   Thumb Code   496  stm32f4xx_hal_i2c.o(i.HAL_I2C_Mem_Read)
    HAL_I2C_Mem_Write                        0x08000d1d   Thumb Code   306  stm32f4xx_hal_i2c.o(i.HAL_I2C_Mem_Write)
    HAL_I2C_MspInit                          0x08000e59   Thumb Code    78  stm32f4xx_hal_msp.o(i.HAL_I2C_MspInit)
    HAL_I2C_SlaveRxCpltCallback              0x08000eb5   Thumb Code     2  stm32f4xx_hal_i2c.o(i.HAL_I2C_SlaveRxCpltCallback)
    HAL_I2C_SlaveTxCpltCallback              0x08000eb7   Thumb Code     2  stm32f4xx_hal_i2c.o(i.HAL_I2C_SlaveTxCpltCallback)
    HAL_IncTick                              0x08000eb9   Thumb Code    10  stm32f4xx_hal.o(i.HAL_IncTick)
    HAL_Init                                 0x08000ec9   Thumb Code    48  stm32f4xx_hal.o(i.HAL_Init)
    HAL_InitTick                             0x08000efd   Thumb Code    34  stm32f4xx_hal.o(i.HAL_InitTick)
    HAL_MspInit                              0x08000f25   Thumb Code   104  stm32f4xx_hal_msp.o(i.HAL_MspInit)
    HAL_NVIC_DisableIRQ                      0x08000f8d   Thumb Code    22  stm32f4xx_hal_cortex.o(i.HAL_NVIC_DisableIRQ)
    HAL_NVIC_EnableIRQ                       0x08000fa3   Thumb Code    22  stm32f4xx_hal_cortex.o(i.HAL_NVIC_EnableIRQ)
    HAL_NVIC_SetPriority                     0x08000fb9   Thumb Code    60  stm32f4xx_hal_cortex.o(i.HAL_NVIC_SetPriority)
    HAL_NVIC_SetPriorityGrouping             0x08000ff9   Thumb Code    26  stm32f4xx_hal_cortex.o(i.HAL_NVIC_SetPriorityGrouping)
    HAL_RCC_ClockConfig                      0x0800101d   Thumb Code   364  stm32f4xx_hal_rcc.o(i.HAL_RCC_ClockConfig)
    HAL_RCC_GetHCLKFreq                      0x08001199   Thumb Code     6  stm32f4xx_hal_rcc.o(i.HAL_RCC_GetHCLKFreq)
    HAL_RCC_GetPCLK1Freq                     0x080011a5   Thumb Code    34  stm32f4xx_hal_rcc.o(i.HAL_RCC_GetPCLK1Freq)
    HAL_RCC_GetPCLK2Freq                     0x080011d5   Thumb Code    34  stm32f4xx_hal_rcc.o(i.HAL_RCC_GetPCLK2Freq)
    HAL_RCC_GetSysClockFreq                  0x08001205   Thumb Code   104  stm32f4xx_hal_rcc.o(i.HAL_RCC_GetSysClockFreq)
    HAL_RCC_OscConfig                        0x08001279   Thumb Code   770  stm32f4xx_hal_rcc.o(i.HAL_RCC_OscConfig)
    HAL_SD_GetCardCSD                        0x0800158d   Thumb Code   474  stm32f4xx_hal_sd.o(i.HAL_SD_GetCardCSD)
    HAL_SD_GetCardInfo                       0x08001767   Thumb Code    36  stm32f4xx_hal_sd.o(i.HAL_SD_GetCardInfo)
    HAL_SD_GetCardState                      0x0800178b   Thumb Code    44  stm32f4xx_hal_sd.o(i.HAL_SD_GetCardState)
    HAL_SD_Init                              0x080017b7   Thumb Code    54  stm32f4xx_hal_sd.o(i.HAL_SD_Init)
    HAL_SD_InitCard                          0x080017ed   Thumb Code    80  stm32f4xx_hal_sd.o(i.HAL_SD_InitCard)
    HAL_SD_MspInit                           0x08001841   Thumb Code   110  stm32f4xx_hal_msp.o(i.HAL_SD_MspInit)
    HAL_SD_ReadBlocks                        0x080018c1   Thumb Code   434  stm32f4xx_hal_sd.o(i.HAL_SD_ReadBlocks)
    HAL_SD_WriteBlocks                       0x08001a75   Thumb Code   410  stm32f4xx_hal_sd.o(i.HAL_SD_WriteBlocks)
    HAL_SYSTICK_CLKSourceConfig              0x08001c0f   Thumb Code    24  stm32f4xx_hal_cortex.o(i.HAL_SYSTICK_CLKSourceConfig)
    HAL_SYSTICK_Callback                     0x08001c27   Thumb Code     2  stm32f4xx_hal_cortex.o(i.HAL_SYSTICK_Callback)
    HAL_SYSTICK_Config                       0x08001c29   Thumb Code    40  stm32f4xx_hal_cortex.o(i.HAL_SYSTICK_Config)
    HAL_SYSTICK_IRQHandler                   0x08001c51   Thumb Code     8  stm32f4xx_hal_cortex.o(i.HAL_SYSTICK_IRQHandler)
    HAL_TIMEx_BreakCallback                  0x08001c59   Thumb Code     2  stm32f4xx_hal_tim_ex.o(i.HAL_TIMEx_BreakCallback)
    HAL_TIMEx_CommutationCallback            0x08001c5b   Thumb Code     2  stm32f4xx_hal_tim_ex.o(i.HAL_TIMEx_CommutationCallback)
    HAL_TIMEx_MasterConfigSynchronization    0x08001c5d   Thumb Code    80  stm32f4xx_hal_tim_ex.o(i.HAL_TIMEx_MasterConfigSynchronization)
    HAL_TIM_Base_Init                        0x08001cad   Thumb Code    54  stm32f4xx_hal_tim.o(i.HAL_TIM_Base_Init)
    HAL_TIM_Base_MspInit                     0x08001ce5   Thumb Code    50  stm32f4xx_hal_msp.o(i.HAL_TIM_Base_MspInit)
    HAL_TIM_ConfigClockSource                0x08001d1d   Thumb Code   242  stm32f4xx_hal_tim.o(i.HAL_TIM_ConfigClockSource)
    HAL_TIM_IC_CaptureCallback               0x08001e0f   Thumb Code     2  stm32f4xx_hal_tim.o(i.HAL_TIM_IC_CaptureCallback)
    HAL_TIM_IRQHandler                       0x08001e11   Thumb Code   358  stm32f4xx_hal_tim.o(i.HAL_TIM_IRQHandler)
    HAL_TIM_OC_DelayElapsedCallback          0x08001f77   Thumb Code     2  stm32f4xx_hal_tim.o(i.HAL_TIM_OC_DelayElapsedCallback)
    HAL_TIM_PWM_PulseFinishedCallback        0x08001f79   Thumb Code     2  stm32f4xx_hal_tim.o(i.HAL_TIM_PWM_PulseFinishedCallback)
    HAL_TIM_PeriodElapsedCallback            0x08001f7b   Thumb Code     2  stm32f4xx_hal_tim.o(i.HAL_TIM_PeriodElapsedCallback)
    HAL_TIM_TriggerCallback                  0x08001f7d   Thumb Code     2  stm32f4xx_hal_tim.o(i.HAL_TIM_TriggerCallback)
    HAL_UART_ErrorCallback                   0x08001f7f   Thumb Code     2  stm32f4xx_hal_uart.o(i.HAL_UART_ErrorCallback)
    HAL_UART_IRQHandler                      0x08001f81   Thumb Code   266  stm32f4xx_hal_uart.o(i.HAL_UART_IRQHandler)
    HAL_UART_Init                            0x08002091   Thumb Code    98  stm32f4xx_hal_uart.o(i.HAL_UART_Init)
    HAL_UART_MspInit                         0x080020f5   Thumb Code    80  stm32f4xx_hal_msp.o(i.HAL_UART_MspInit)
    HAL_UART_Receive                         0x08002151   Thumb Code   184  stm32f4xx_hal_uart.o(i.HAL_UART_Receive)
    HAL_UART_RxCpltCallback                  0x08002209   Thumb Code     2  stm32f4xx_hal_uart.o(i.HAL_UART_RxCpltCallback)
    HAL_UART_Transmit                        0x0800220b   Thumb Code   186  stm32f4xx_hal_uart.o(i.HAL_UART_Transmit)
    HAL_UART_TxCpltCallback                  0x080022c5   Thumb Code     2  stm32f4xx_hal_uart.o(i.HAL_UART_TxCpltCallback)
    HardFault_Handler                        0x080022c7   Thumb Code     2  stm32f4xx_it.o(i.HardFault_Handler)
    I2C1_EV_IRQHandler                       0x080022c9   Thumb Code     6  stm32f4xx_it.o(i.I2C1_EV_IRQHandler)
    MPU9250_CalAvgValue                      0x08002d0d   Thumb Code    48  mpu9255.o(i.MPU9250_CalAvgValue)
    MPU9250_Check                            0x08002d3d   Thumb Code    48  mpu9255.o(i.MPU9250_Check)
    MPU9250_Init                             0x08002d71   Thumb Code   264  mpu9255.o(i.MPU9250_Init)
    MPU9250_READ_ACCEL                       0x08002e81   Thumb Code   212  mpu9255.o(i.MPU9250_READ_ACCEL)
    MPU9250_READ_GYRO                        0x08002f61   Thumb Code   226  mpu9255.o(i.MPU9250_READ_GYRO)
    MX_FATFS_Init                            0x08003055   Thumb Code    18  fatfs.o(i.MX_FATFS_Init)
    MemManage_Handler                        0x080031b9   Thumb Code     2  stm32f4xx_it.o(i.MemManage_Handler)
    NMI_Handler                              0x080031bb   Thumb Code     2  stm32f4xx_it.o(i.NMI_Handler)
    PendSV_Handler                           0x080031dd   Thumb Code     2  stm32f4xx_it.o(i.PendSV_Handler)
    RCC_IRQHandler                           0x080031df   Thumb Code     2  stm32f4xx_it.o(i.RCC_IRQHandler)
    SDIO_ConfigData                          0x080031e1   Thumb Code    36  stm32f4xx_ll_sdmmc.o(i.SDIO_ConfigData)
    SDIO_GetPowerState                       0x08003205   Thumb Code     8  stm32f4xx_ll_sdmmc.o(i.SDIO_GetPowerState)
    SDIO_GetResponse                         0x0800320d   Thumb Code    12  stm32f4xx_ll_sdmmc.o(i.SDIO_GetResponse)
    SDIO_Init                                0x08003219   Thumb Code    36  stm32f4xx_ll_sdmmc.o(i.SDIO_Init)
    SDIO_PowerState_ON                       0x0800323d   Thumb Code     8  stm32f4xx_ll_sdmmc.o(i.SDIO_PowerState_ON)
    SDIO_ReadFIFO                            0x08003245   Thumb Code     6  stm32f4xx_ll_sdmmc.o(i.SDIO_ReadFIFO)
    SDIO_SendCommand                         0x0800324b   Thumb Code    32  stm32f4xx_ll_sdmmc.o(i.SDIO_SendCommand)
    SDIO_WriteFIFO                           0x0800326b   Thumb Code    10  stm32f4xx_ll_sdmmc.o(i.SDIO_WriteFIFO)
    SDMMC_CmdAppCommand                      0x08003275   Thumb Code    50  stm32f4xx_ll_sdmmc.o(i.SDMMC_CmdAppCommand)
    SDMMC_CmdAppOperCommand                  0x080032a9   Thumb Code    48  stm32f4xx_ll_sdmmc.o(i.SDMMC_CmdAppOperCommand)
    SDMMC_CmdBlockLength                     0x080032dd   Thumb Code    50  stm32f4xx_ll_sdmmc.o(i.SDMMC_CmdBlockLength)
    SDMMC_CmdGoIdleState                     0x08003311   Thumb Code    76  stm32f4xx_ll_sdmmc.o(i.SDMMC_CmdGoIdleState)
    SDMMC_CmdOperCond                        0x08003361   Thumb Code    98  stm32f4xx_ll_sdmmc.o(i.SDMMC_CmdOperCond)
    SDMMC_CmdReadMultiBlock                  0x080033c9   Thumb Code    50  stm32f4xx_ll_sdmmc.o(i.SDMMC_CmdReadMultiBlock)
    SDMMC_CmdReadSingleBlock                 0x080033fb   Thumb Code    50  stm32f4xx_ll_sdmmc.o(i.SDMMC_CmdReadSingleBlock)
    SDMMC_CmdSelDesel                        0x0800342d   Thumb Code    50  stm32f4xx_ll_sdmmc.o(i.SDMMC_CmdSelDesel)
    SDMMC_CmdSendCID                         0x0800345f   Thumb Code    44  stm32f4xx_ll_sdmmc.o(i.SDMMC_CmdSendCID)
    SDMMC_CmdSendCSD                         0x0800348b   Thumb Code    44  stm32f4xx_ll_sdmmc.o(i.SDMMC_CmdSendCSD)
    SDMMC_CmdSendStatus                      0x080034b7   Thumb Code    50  stm32f4xx_ll_sdmmc.o(i.SDMMC_CmdSendStatus)
    SDMMC_CmdSetRelAdd                       0x080034e9   Thumb Code    48  stm32f4xx_ll_sdmmc.o(i.SDMMC_CmdSetRelAdd)
    SDMMC_CmdStopTransfer                    0x08003519   Thumb Code    46  stm32f4xx_ll_sdmmc.o(i.SDMMC_CmdStopTransfer)
    SDMMC_CmdWriteMultiBlock                 0x0800354d   Thumb Code    50  stm32f4xx_ll_sdmmc.o(i.SDMMC_CmdWriteMultiBlock)
    SDMMC_CmdWriteSingleBlock                0x0800357f   Thumb Code    50  stm32f4xx_ll_sdmmc.o(i.SDMMC_CmdWriteSingleBlock)
    SD_initialize                            0x08003969   Thumb Code    26  sd_diskio.o(i.SD_initialize)
    SD_ioctl                                 0x08003989   Thumb Code    74  sd_diskio.o(i.SD_ioctl)
    SD_read                                  0x080039d9   Thumb Code    52  sd_diskio.o(i.SD_read)
    SD_status                                0x08003a15   Thumb Code    26  sd_diskio.o(i.SD_status)
    SD_write                                 0x08003a35   Thumb Code    52  sd_diskio.o(i.SD_write)
    SVC_Handler                              0x08003a71   Thumb Code     2  stm32f4xx_it.o(i.SVC_Handler)
    SysTick_Handler                          0x08003a73   Thumb Code    14  stm32f4xx_it.o(i.SysTick_Handler)
    SystemClock_Config                       0x08003a81   Thumb Code   150  main.o(i.SystemClock_Config)
    SystemInit                               0x08003b21   Thumb Code    66  system_stm32f4xx.o(i.SystemInit)
    TIM2_IRQHandler                          0x08003b75   Thumb Code     6  stm32f4xx_it.o(i.TIM2_IRQHandler)
    TIM_Base_SetConfig                       0x08003b81   Thumb Code   148  stm32f4xx_hal_tim.o(i.TIM_Base_SetConfig)
    USART1_IRQHandler                        0x080040d9   Thumb Code   360  stm32f4xx_it.o(i.USART1_IRQHandler)
    UsageFault_Handler                       0x08004285   Thumb Code     2  stm32f4xx_it.o(i.UsageFault_Handler)
    _Error_Handler                           0x08004287   Thumb Code     2  main.o(i._Error_Handler)
    __aeabi_errno_addr                       0x08004289   Thumb Code     4  errno.o(i.__aeabi_errno_addr)
    __rt_errno_addr                          0x08004289   Thumb Code     0  errno.o(i.__aeabi_errno_addr)
    __scatterload_copy                       0x08004291   Thumb Code    14  handlers.o(i.__scatterload_copy)
    __scatterload_null                       0x0800429f   Thumb Code     2  handlers.o(i.__scatterload_null)
    __scatterload_zeroinit                   0x080042a1   Thumb Code    14  handlers.o(i.__scatterload_zeroinit)
    clust2sect                               0x080043db   Thumb Code    28  ff.o(i.clust2sect)
    disk_initialize                          0x08004b99   Thumb Code    36  diskio.o(i.disk_initialize)
    disk_ioctl                               0x08004bc1   Thumb Code    24  diskio.o(i.disk_ioctl)
    disk_read                                0x08004bdd   Thumb Code    24  diskio.o(i.disk_read)
    disk_status                              0x08004bf9   Thumb Code    18  diskio.o(i.disk_status)
    disk_write                               0x08004c11   Thumb Code    24  diskio.o(i.disk_write)
    f_close                                  0x08004c2d   Thumb Code    42  ff.o(i.f_close)
    f_lseek                                  0x08004c57   Thumb Code   614  ff.o(i.f_lseek)
    f_mount                                  0x08004ebd   Thumb Code    92  ff.o(i.f_mount)
    f_open                                   0x08004f1d   Thumb Code   492  ff.o(i.f_open)
    f_sync                                   0x0800510d   Thumb Code   162  ff.o(i.f_sync)
    f_write                                  0x080051af   Thumb Code   454  ff.o(i.f_write)
    ff_convert                               0x08005375   Thumb Code    52  unicode.o(i.ff_convert)
    ff_wtoupper                              0x080053ad   Thumb Code    28  unicode.o(i.ff_wtoupper)
    get_fat                                  0x08005729   Thumb Code   230  ff.o(i.get_fat)
    get_fattime                              0x0800580f   Thumb Code     4  fatfs.o(i.get_fattime)
    main                                     0x08005901   Thumb Code   144  main.o(i.main)
    put_fat                                  0x080059fd   Thumb Code   286  ff.o(i.put_fat)
    AHBPrescTable                            0x08005cce   Data          16  system_stm32f4xx.o(.constdata)
    APBPrescTable                            0x08005cde   Data           8  system_stm32f4xx.o(.constdata)
    SD_Driver                                0x08005da0   Data          20  sd_diskio.o(.constdata)
    __ctype_table                            0x08006274   Data         129  ctype_o.o(.constdata)
    Region$$Table$$Base                      0x080062fc   Number         0  anon$$obj.o(Region$$Table)
    Region$$Table$$Limit                     0x0800631c   Number         0  anon$$obj.o(Region$$Table)
    uwTick                                   0x20000000   Data           4  stm32f4xx_hal.o(.data)
    SystemCoreClock                          0x20000004   Data           4  system_stm32f4xx.o(.data)
    INT_flag                                 0x20000014   Data           1  stm32f4xx_it.o(.data)
    STOP_flag                                0x20000015   Data           1  stm32f4xx_it.o(.data)
    res                                      0x20000016   Data           1  stm32f4xx_it.o(.data)
    num_str                                  0x20000018   Data           4  stm32f4xx_it.o(.data)
    num_str8bit                              0x2000001c   Data           4  stm32f4xx_it.o(.data)
    buf_accel                                0x20000020   Data           6  stm32f4xx_it.o(.data)
    buf_gyro                                 0x20000026   Data           6  stm32f4xx_it.o(.data)
    retSD                                    0x2000002c   Data           1  fatfs.o(.data)
    SD_Path                                  0x2000002d   Data           4  fatfs.o(.data)
    accel                                    0x20000032   Data           6  main.o(.data)
    gyro                                     0x20000038   Data           6  main.o(.data)
    MPU9250_Offset                           0x2000003e   Data           6  mpu9255.o(.data)
    disk                                     0x20000264   Data          12  ff_gen_drv.o(.bss)
    command                                  0x20000270   Data          24  stm32f4xx_it.o(.bss)
    DATE_Path                                0x20000288   Data          28  stm32f4xx_it.o(.bss)
    bufDATE_Path                             0x200002a4   Data          23  stm32f4xx_it.o(.bss)
    date                                     0x200002bc   Data          14  stm32f4xx_it.o(.bss)
    hi2c1                                    0x200002cc   Data          84  main.o(.bss)
    hsd                                      0x20000320   Data         132  main.o(.bss)
    htim2                                    0x200003a4   Data          60  main.o(.bss)
    huart1                                   0x200003e0   Data          64  main.o(.bss)
    SDFatFs                                  0x20000420   Data        4144  main.o(.bss)
    MyFile                                   0x20001450   Data        4140  main.o(.bss)
    BUF                                      0x20002502   Data          10  mpu9255.o(.bss)
    __initial_sp                             0x20002910   Data           0  startup_stm32f429xx.o(STACK)



==============================================================================

Memory Map of the image

  Image Entry point : 0x080001ad

  Load Region LR_IROM1 (Base: 0x08000000, Size: 0x00006368, Max: 0x00200000, ABSOLUTE)

    Execution Region ER_IROM1 (Base: 0x08000000, Size: 0x0000631c, Max: 0x00200000, ABSOLUTE)

    Base Addr    Size         Type   Attr      Idx    E Section Name        Object

    0x08000000   0x000001ac   Data   RO         3319    RESET               startup_stm32f429xx.o
    0x080001ac   0x00000000   Code   RO         4426  * .ARM.Collect$$$$00000000  mc_w.l(entry.o)
    0x080001ac   0x00000004   Code   RO         4439    .ARM.Collect$$$$00000001  mc_w.l(entry2.o)
    0x080001b0   0x00000004   Code   RO         4442    .ARM.Collect$$$$00000004  mc_w.l(entry5.o)
    0x080001b4   0x00000000   Code   RO         4444    .ARM.Collect$$$$00000008  mc_w.l(entry7b.o)
    0x080001b4   0x00000000   Code   RO         4446    .ARM.Collect$$$$0000000A  mc_w.l(entry8b.o)
    0x080001b4   0x00000008   Code   RO         4447    .ARM.Collect$$$$0000000B  mc_w.l(entry9a.o)
    0x080001bc   0x00000000   Code   RO         4449    .ARM.Collect$$$$0000000D  mc_w.l(entry10a.o)
    0x080001bc   0x00000000   Code   RO         4451    .ARM.Collect$$$$0000000F  mc_w.l(entry11a.o)
    0x080001bc   0x00000004   Code   RO         4440    .ARM.Collect$$$$00002712  mc_w.l(entry2.o)
    0x080001c0   0x00000024   Code   RO         3320    .text               startup_stm32f429xx.o
    0x080001e4   0x00000018   Code   RO         4429    .text               mc_w.l(strncpy.o)
    0x080001fc   0x00000044   Code   RO         4431    .text               mc_w.l(strtok.o)
    0x08000240   0x0000001a   Code   RO         4437    .text               mc_w.l(atol.o)
    0x0800025a   0x00000070   Code   RO         4460    .text               mc_w.l(strtol.o)
    0x080002ca   0x00000002   PAD
    0x080002cc   0x00000024   Code   RO         4462    .text               mc_w.l(init.o)
    0x080002f0   0x00000008   Code   RO         4464    .text               mc_w.l(ctype_o.o)
    0x080002f8   0x0000009e   Code   RO         4492    .text               mc_w.l(_strtoul.o)
    0x08000396   0x0000001c   Code   RO         4494    .text               mc_w.l(_chval.o)
    0x080003b2   0x00000002   PAD
    0x080003b4   0x0000000c   Code   RO         4107    i.BSP_SD_GetCardInfo  bsp_driver_sd.o
    0x080003c0   0x00000018   Code   RO         4108    i.BSP_SD_GetCardState  bsp_driver_sd.o
    0x080003d8   0x00000024   Code   RO         4111    i.BSP_SD_Init       bsp_driver_sd.o
    0x080003fc   0x00000020   Code   RO         4113    i.BSP_SD_ReadBlocks  bsp_driver_sd.o
    0x0800041c   0x00000020   Code   RO         4115    i.BSP_SD_WriteBlocks  bsp_driver_sd.o
    0x0800043c   0x00000002   Code   RO         3960    i.BusFault_Handler  stm32f4xx_it.o
    0x0800043e   0x00000002   Code   RO         3961    i.DebugMon_Handler  stm32f4xx_it.o
    0x08000440   0x00000008   Code   RO         3962    i.EXTI9_5_IRQHandler  stm32f4xx_it.o
    0x08000448   0x00000006   Code   RO         3814    i.FATFS_LinkDriver  ff_gen_drv.o
    0x0800044e   0x00000002   PAD
    0x08000450   0x00000040   Code   RO         3815    i.FATFS_LinkDriverEx  ff_gen_drv.o
    0x08000490   0x00000024   Code   RO         1626    i.HAL_DMA_Abort_IT  stm32f4xx_hal_dma.o
    0x080004b4   0x0000001c   Code   RO         1226    i.HAL_Delay         stm32f4xx_hal.o
    0x080004d0   0x00000138   Code   RO         3963    i.HAL_GPIO_EXTI_Callback  stm32f4xx_it.o
    0x08000608   0x00000018   Code   RO            6    i.HAL_GPIO_EXTI_IRQHandler  stm32f4xx_hal_gpio.o
    0x08000620   0x000001cc   Code   RO            7    i.HAL_GPIO_Init     stm32f4xx_hal_gpio.o
    0x080007ec   0x0000000a   Code   RO            9    i.HAL_GPIO_ReadPin  stm32f4xx_hal_gpio.o
    0x080007f6   0x00000008   Code   RO           10    i.HAL_GPIO_TogglePin  stm32f4xx_hal_gpio.o
    0x080007fe   0x0000000a   Code   RO           11    i.HAL_GPIO_WritePin  stm32f4xx_hal_gpio.o
    0x08000808   0x0000000c   Code   RO         1234    i.HAL_GetTick       stm32f4xx_hal.o
    0x08000814   0x00000002   Code   RO         2566    i.HAL_I2C_AbortCpltCallback  stm32f4xx_hal_i2c.o
    0x08000816   0x00000002   Code   RO         2567    i.HAL_I2C_AddrCallback  stm32f4xx_hal_i2c.o
    0x08000818   0x000001f0   Code   RO         2571    i.HAL_I2C_EV_IRQHandler  stm32f4xx_hal_i2c.o
    0x08000a08   0x00000002   Code   RO         2573    i.HAL_I2C_ErrorCallback  stm32f4xx_hal_i2c.o
    0x08000a0a   0x00000002   PAD
    0x08000a0c   0x00000108   Code   RO         2577    i.HAL_I2C_Init      stm32f4xx_hal_i2c.o
    0x08000b14   0x00000002   Code   RO         2579    i.HAL_I2C_ListenCpltCallback  stm32f4xx_hal_i2c.o
    0x08000b16   0x00000002   Code   RO         2580    i.HAL_I2C_MasterRxCpltCallback  stm32f4xx_hal_i2c.o
    0x08000b18   0x00000002   Code   RO         2581    i.HAL_I2C_MasterTxCpltCallback  stm32f4xx_hal_i2c.o
    0x08000b1a   0x00000002   Code   RO         2591    i.HAL_I2C_MemRxCpltCallback  stm32f4xx_hal_i2c.o
    0x08000b1c   0x00000002   Code   RO         2592    i.HAL_I2C_MemTxCpltCallback  stm32f4xx_hal_i2c.o
    0x08000b1e   0x00000002   PAD
    0x08000b20   0x000001fc   Code   RO         2593    i.HAL_I2C_Mem_Read  stm32f4xx_hal_i2c.o
    0x08000d1c   0x0000013c   Code   RO         2596    i.HAL_I2C_Mem_Write  stm32f4xx_hal_i2c.o
    0x08000e58   0x0000005c   Code   RO         4247    i.HAL_I2C_MspInit   stm32f4xx_hal_msp.o
    0x08000eb4   0x00000002   Code   RO         2601    i.HAL_I2C_SlaveRxCpltCallback  stm32f4xx_hal_i2c.o
    0x08000eb6   0x00000002   Code   RO         2602    i.HAL_I2C_SlaveTxCpltCallback  stm32f4xx_hal_i2c.o
    0x08000eb8   0x00000010   Code   RO         1236    i.HAL_IncTick       stm32f4xx_hal.o
    0x08000ec8   0x00000034   Code   RO         1237    i.HAL_Init          stm32f4xx_hal.o
    0x08000efc   0x00000028   Code   RO         1238    i.HAL_InitTick      stm32f4xx_hal.o
    0x08000f24   0x00000068   Code   RO         4248    i.HAL_MspInit       stm32f4xx_hal_msp.o
    0x08000f8c   0x00000016   Code   RO         1804    i.HAL_NVIC_DisableIRQ  stm32f4xx_hal_cortex.o
    0x08000fa2   0x00000016   Code   RO         1805    i.HAL_NVIC_EnableIRQ  stm32f4xx_hal_cortex.o
    0x08000fb8   0x00000040   Code   RO         1811    i.HAL_NVIC_SetPriority  stm32f4xx_hal_cortex.o
    0x08000ff8   0x00000024   Code   RO         1812    i.HAL_NVIC_SetPriorityGrouping  stm32f4xx_hal_cortex.o
    0x0800101c   0x0000017c   Code   RO          854    i.HAL_RCC_ClockConfig  stm32f4xx_hal_rcc.o
    0x08001198   0x0000000c   Code   RO          859    i.HAL_RCC_GetHCLKFreq  stm32f4xx_hal_rcc.o
    0x080011a4   0x00000030   Code   RO          861    i.HAL_RCC_GetPCLK1Freq  stm32f4xx_hal_rcc.o
    0x080011d4   0x00000030   Code   RO          862    i.HAL_RCC_GetPCLK2Freq  stm32f4xx_hal_rcc.o
    0x08001204   0x00000074   Code   RO          863    i.HAL_RCC_GetSysClockFreq  stm32f4xx_hal_rcc.o
    0x08001278   0x00000314   Code   RO          866    i.HAL_RCC_OscConfig  stm32f4xx_hal_rcc.o
    0x0800158c   0x000001da   Code   RO          585    i.HAL_SD_GetCardCSD  stm32f4xx_hal_sd.o
    0x08001766   0x00000024   Code   RO          586    i.HAL_SD_GetCardInfo  stm32f4xx_hal_sd.o
    0x0800178a   0x0000002c   Code   RO          587    i.HAL_SD_GetCardState  stm32f4xx_hal_sd.o
    0x080017b6   0x00000036   Code   RO          592    i.HAL_SD_Init       stm32f4xx_hal_sd.o
    0x080017ec   0x00000054   Code   RO          593    i.HAL_SD_InitCard   stm32f4xx_hal_sd.o
    0x08001840   0x00000080   Code   RO         4250    i.HAL_SD_MspInit    stm32f4xx_hal_msp.o
    0x080018c0   0x000001b2   Code   RO          596    i.HAL_SD_ReadBlocks  stm32f4xx_hal_sd.o
    0x08001a72   0x00000002   PAD
    0x08001a74   0x0000019a   Code   RO          601    i.HAL_SD_WriteBlocks  stm32f4xx_hal_sd.o
    0x08001c0e   0x00000018   Code   RO         1814    i.HAL_SYSTICK_CLKSourceConfig  stm32f4xx_hal_cortex.o
    0x08001c26   0x00000002   Code   RO         1815    i.HAL_SYSTICK_Callback  stm32f4xx_hal_cortex.o
    0x08001c28   0x00000028   Code   RO         1816    i.HAL_SYSTICK_Config  stm32f4xx_hal_cortex.o
    0x08001c50   0x00000008   Code   RO         1817    i.HAL_SYSTICK_IRQHandler  stm32f4xx_hal_cortex.o
    0x08001c58   0x00000002   Code   RO          278    i.HAL_TIMEx_BreakCallback  stm32f4xx_hal_tim_ex.o
    0x08001c5a   0x00000002   Code   RO          279    i.HAL_TIMEx_CommutationCallback  stm32f4xx_hal_tim_ex.o
    0x08001c5c   0x00000050   Code   RO          295    i.HAL_TIMEx_MasterConfigSynchronization  stm32f4xx_hal_tim_ex.o
    0x08001cac   0x00000036   Code   RO         1937    i.HAL_TIM_Base_Init  stm32f4xx_hal_tim.o
    0x08001ce2   0x00000002   PAD
    0x08001ce4   0x00000038   Code   RO         4252    i.HAL_TIM_Base_MspInit  stm32f4xx_hal_msp.o
    0x08001d1c   0x000000f2   Code   RO         1946    i.HAL_TIM_ConfigClockSource  stm32f4xx_hal_tim.o
    0x08001e0e   0x00000002   Code   RO         1966    i.HAL_TIM_IC_CaptureCallback  stm32f4xx_hal_tim.o
    0x08001e10   0x00000166   Code   RO         1979    i.HAL_TIM_IRQHandler  stm32f4xx_hal_tim.o
    0x08001f76   0x00000002   Code   RO         1982    i.HAL_TIM_OC_DelayElapsedCallback  stm32f4xx_hal_tim.o
    0x08001f78   0x00000002   Code   RO         2009    i.HAL_TIM_PWM_PulseFinishedCallback  stm32f4xx_hal_tim.o
    0x08001f7a   0x00000002   Code   RO         2016    i.HAL_TIM_PeriodElapsedCallback  stm32f4xx_hal_tim.o
    0x08001f7c   0x00000002   Code   RO         2020    i.HAL_TIM_TriggerCallback  stm32f4xx_hal_tim.o
    0x08001f7e   0x00000002   Code   RO         3015    i.HAL_UART_ErrorCallback  stm32f4xx_hal_uart.o
    0x08001f80   0x00000110   Code   RO         3018    i.HAL_UART_IRQHandler  stm32f4xx_hal_uart.o
    0x08002090   0x00000062   Code   RO         3019    i.HAL_UART_Init     stm32f4xx_hal_uart.o
    0x080020f2   0x00000002   PAD
    0x080020f4   0x0000005c   Code   RO         4254    i.HAL_UART_MspInit  stm32f4xx_hal_msp.o
    0x08002150   0x000000b8   Code   RO         3022    i.HAL_UART_Receive  stm32f4xx_hal_uart.o
    0x08002208   0x00000002   Code   RO         3025    i.HAL_UART_RxCpltCallback  stm32f4xx_hal_uart.o
    0x0800220a   0x000000ba   Code   RO         3027    i.HAL_UART_Transmit  stm32f4xx_hal_uart.o
    0x080022c4   0x00000002   Code   RO         3030    i.HAL_UART_TxCpltCallback  stm32f4xx_hal_uart.o
    0x080022c6   0x00000002   Code   RO         3964    i.HardFault_Handler  stm32f4xx_it.o
    0x080022c8   0x0000000c   Code   RO         3965    i.I2C1_EV_IRQHandler  stm32f4xx_it.o
    0x080022d4   0x0000004e   Code   RO         2611    i.I2C_DMAAbort      stm32f4xx_hal_i2c.o
    0x08002322   0x00000002   PAD
    0x08002324   0x00000124   Code   RO         2614    i.I2C_ITError       stm32f4xx_hal_i2c.o
    0x08002448   0x00000028   Code   RO         2615    i.I2C_IsAcknowledgeFailed  stm32f4xx_hal_i2c.o
    0x08002470   0x000000c8   Code   RO         2616    i.I2C_MasterReceive_BTF  stm32f4xx_hal_i2c.o
    0x08002538   0x000000a8   Code   RO         2617    i.I2C_MasterReceive_RXNE  stm32f4xx_hal_i2c.o
    0x080025e0   0x00000080   Code   RO         2620    i.I2C_MasterTransmit_BTF  stm32f4xx_hal_i2c.o
    0x08002660   0x00000108   Code   RO         2621    i.I2C_MasterTransmit_TXE  stm32f4xx_hal_i2c.o
    0x08002768   0x000000f4   Code   RO         2622    i.I2C_Master_ADDR   stm32f4xx_hal_i2c.o
    0x0800285c   0x0000005a   Code   RO         2623    i.I2C_Master_SB     stm32f4xx_hal_i2c.o
    0x080028b6   0x000000f0   Code   RO         2624    i.I2C_RequestMemoryRead  stm32f4xx_hal_i2c.o
    0x080029a6   0x00000002   PAD
    0x080029a8   0x000000a0   Code   RO         2625    i.I2C_RequestMemoryWrite  stm32f4xx_hal_i2c.o
    0x08002a48   0x000000dc   Code   RO         2627    i.I2C_Slave_STOPF   stm32f4xx_hal_i2c.o
    0x08002b24   0x0000004e   Code   RO         2628    i.I2C_WaitOnBTFFlagUntilTimeout  stm32f4xx_hal_i2c.o
    0x08002b72   0x00000060   Code   RO         2629    i.I2C_WaitOnFlagUntilTimeout  stm32f4xx_hal_i2c.o
    0x08002bd2   0x00000002   PAD
    0x08002bd4   0x00000088   Code   RO         2630    i.I2C_WaitOnMasterAddressFlagUntilTimeout  stm32f4xx_hal_i2c.o
    0x08002c5c   0x00000062   Code   RO         2631    i.I2C_WaitOnRXNEFlagUntilTimeout  stm32f4xx_hal_i2c.o
    0x08002cbe   0x0000004e   Code   RO         2632    i.I2C_WaitOnTXEFlagUntilTimeout  stm32f4xx_hal_i2c.o
    0x08002d0c   0x00000030   Code   RO         4376    i.MPU9250_CalAvgValue  mpu9255.o
    0x08002d3c   0x00000034   Code   RO         4377    i.MPU9250_Check     mpu9255.o
    0x08002d70   0x00000110   Code   RO         4378    i.MPU9250_Init      mpu9255.o
    0x08002e80   0x000000e0   Code   RO         4379    i.MPU9250_READ_ACCEL  mpu9255.o
    0x08002f60   0x000000f4   Code   RO         4380    i.MPU9250_READ_GYRO  mpu9255.o
    0x08003054   0x0000001c   Code   RO         4210    i.MX_FATFS_Init     fatfs.o
    0x08003070   0x000000c0   Code   RO         4318    i.MX_GPIO_Init      main.o
    0x08003130   0x00000038   Code   RO         4319    i.MX_I2C1_Init      main.o
    0x08003168   0x00000050   Code   RO         4320    i.MX_TIM2_Init      main.o
    0x080031b8   0x00000002   Code   RO         3966    i.MemManage_Handler  stm32f4xx_it.o
    0x080031ba   0x00000002   Code   RO         3967    i.NMI_Handler       stm32f4xx_it.o
    0x080031bc   0x00000020   Code   RO         1818    i.NVIC_SetPriority  stm32f4xx_hal_cortex.o
    0x080031dc   0x00000002   Code   RO         3968    i.PendSV_Handler    stm32f4xx_it.o
    0x080031de   0x00000002   Code   RO         3969    i.RCC_IRQHandler    stm32f4xx_it.o
    0x080031e0   0x00000024   Code   RO          955    i.SDIO_ConfigData   stm32f4xx_ll_sdmmc.o
    0x08003204   0x00000008   Code   RO          959    i.SDIO_GetPowerState  stm32f4xx_ll_sdmmc.o
    0x0800320c   0x0000000c   Code   RO          960    i.SDIO_GetResponse  stm32f4xx_ll_sdmmc.o
    0x08003218   0x00000024   Code   RO          961    i.SDIO_Init         stm32f4xx_ll_sdmmc.o
    0x0800323c   0x00000008   Code   RO          963    i.SDIO_PowerState_ON  stm32f4xx_ll_sdmmc.o
    0x08003244   0x00000006   Code   RO          964    i.SDIO_ReadFIFO     stm32f4xx_ll_sdmmc.o
    0x0800324a   0x00000020   Code   RO          965    i.SDIO_SendCommand  stm32f4xx_ll_sdmmc.o
    0x0800326a   0x0000000a   Code   RO          967    i.SDIO_WriteFIFO    stm32f4xx_ll_sdmmc.o
    0x08003274   0x00000032   Code   RO          968    i.SDMMC_CmdAppCommand  stm32f4xx_ll_sdmmc.o
    0x080032a6   0x00000002   PAD
    0x080032a8   0x00000034   Code   RO          969    i.SDMMC_CmdAppOperCommand  stm32f4xx_ll_sdmmc.o
    0x080032dc   0x00000032   Code   RO          970    i.SDMMC_CmdBlockLength  stm32f4xx_ll_sdmmc.o
    0x0800330e   0x00000002   PAD
    0x08003310   0x00000050   Code   RO          975    i.SDMMC_CmdGoIdleState  stm32f4xx_ll_sdmmc.o
    0x08003360   0x00000068   Code   RO          977    i.SDMMC_CmdOperCond  stm32f4xx_ll_sdmmc.o
    0x080033c8   0x00000032   Code   RO          978    i.SDMMC_CmdReadMultiBlock  stm32f4xx_ll_sdmmc.o
    0x080033fa   0x00000032   Code   RO          979    i.SDMMC_CmdReadSingleBlock  stm32f4xx_ll_sdmmc.o
    0x0800342c   0x00000032   Code   RO          982    i.SDMMC_CmdSelDesel  stm32f4xx_ll_sdmmc.o
    0x0800345e   0x0000002c   Code   RO          983    i.SDMMC_CmdSendCID  stm32f4xx_ll_sdmmc.o
    0x0800348a   0x0000002c   Code   RO          984    i.SDMMC_CmdSendCSD  stm32f4xx_ll_sdmmc.o
    0x080034b6   0x00000032   Code   RO          986    i.SDMMC_CmdSendStatus  stm32f4xx_ll_sdmmc.o
    0x080034e8   0x00000030   Code   RO          987    i.SDMMC_CmdSetRelAdd  stm32f4xx_ll_sdmmc.o
    0x08003518   0x00000034   Code   RO          989    i.SDMMC_CmdStopTransfer  stm32f4xx_ll_sdmmc.o
    0x0800354c   0x00000032   Code   RO          991    i.SDMMC_CmdWriteMultiBlock  stm32f4xx_ll_sdmmc.o
    0x0800357e   0x00000032   Code   RO          992    i.SDMMC_CmdWriteSingleBlock  stm32f4xx_ll_sdmmc.o
    0x080035b0   0x0000011c   Code   RO          993    i.SDMMC_GetCmdResp1  stm32f4xx_ll_sdmmc.o
    0x080036cc   0x00000050   Code   RO          994    i.SDMMC_GetCmdResp2  stm32f4xx_ll_sdmmc.o
    0x0800371c   0x00000040   Code   RO          995    i.SDMMC_GetCmdResp3  stm32f4xx_ll_sdmmc.o
    0x0800375c   0x00000084   Code   RO          996    i.SDMMC_GetCmdResp6  stm32f4xx_ll_sdmmc.o
    0x080037e0   0x000000e6   Code   RO          610    i.SD_InitCard       stm32f4xx_hal_sd.o
    0x080038c6   0x000000a2   Code   RO          611    i.SD_PowerON        stm32f4xx_hal_sd.o
    0x08003968   0x00000020   Code   RO         3751    i.SD_initialize     sd_diskio.o
    0x08003988   0x00000050   Code   RO         3752    i.SD_ioctl          sd_diskio.o
    0x080039d8   0x0000003c   Code   RO         3753    i.SD_read           sd_diskio.o
    0x08003a14   0x00000020   Code   RO         3754    i.SD_status         sd_diskio.o
    0x08003a34   0x0000003c   Code   RO         3755    i.SD_write          sd_diskio.o
    0x08003a70   0x00000002   Code   RO         3970    i.SVC_Handler       stm32f4xx_it.o
    0x08003a72   0x0000000e   Code   RO         3971    i.SysTick_Handler   stm32f4xx_it.o
    0x08003a80   0x000000a0   Code   RO         4321    i.SystemClock_Config  main.o
    0x08003b20   0x00000054   Code   RO         3328    i.SystemInit        system_stm32f4xx.o
    0x08003b74   0x0000000c   Code   RO         3972    i.TIM2_IRQHandler   stm32f4xx_it.o
    0x08003b80   0x000000c0   Code   RO         2021    i.TIM_Base_SetConfig  stm32f4xx_hal_tim.o
    0x08003c40   0x00000014   Code   RO         2028    i.TIM_ETR_SetConfig  stm32f4xx_hal_tim.o
    0x08003c54   0x00000010   Code   RO         2029    i.TIM_ITRx_SetConfig  stm32f4xx_hal_tim.o
    0x08003c64   0x00000022   Code   RO         2035    i.TIM_TI1_ConfigInputStage  stm32f4xx_hal_tim.o
    0x08003c86   0x00000024   Code   RO         2037    i.TIM_TI2_ConfigInputStage  stm32f4xx_hal_tim.o
    0x08003caa   0x00000010   Code   RO         3032    i.UART_DMAAbortOnError  stm32f4xx_hal_uart.o
    0x08003cba   0x0000001c   Code   RO         3042    i.UART_EndRxTransfer  stm32f4xx_hal_uart.o
    0x08003cd6   0x0000008c   Code   RO         3044    i.UART_Receive_IT   stm32f4xx_hal_uart.o
    0x08003d62   0x00000002   PAD
    0x08003d64   0x000002ac   Code   RO         3045    i.UART_SetConfig    stm32f4xx_hal_uart.o
    0x08004010   0x00000062   Code   RO         3046    i.UART_Transmit_IT  stm32f4xx_hal_uart.o
    0x08004072   0x00000064   Code   RO         3047    i.UART_WaitOnFlagUntilTimeout  stm32f4xx_hal_uart.o
    0x080040d6   0x00000002   PAD
    0x080040d8   0x000001ac   Code   RO         3973    i.USART1_IRQHandler  stm32f4xx_it.o
    0x08004284   0x00000002   Code   RO         3974    i.UsageFault_Handler  stm32f4xx_it.o
    0x08004286   0x00000002   Code   RO         4322    i._Error_Handler    main.o
    0x08004288   0x00000008   Code   RO         4453    i.__aeabi_errno_addr  mc_w.l(errno.o)
    0x08004290   0x0000000e   Code   RO         4498    i.__scatterload_copy  mc_w.l(handlers.o)
    0x0800429e   0x00000002   Code   RO         4499    i.__scatterload_null  mc_w.l(handlers.o)
    0x080042a0   0x0000000e   Code   RO         4500    i.__scatterload_zeroinit  mc_w.l(handlers.o)
    0x080042ae   0x00000002   PAD
    0x080042b0   0x00000060   Code   RO         3365    i.check_fs          ff.o
    0x08004310   0x00000010   Code   RO         3366    i.chk_chr           ff.o
    0x08004320   0x00000068   Code   RO         3367    i.chk_lock          ff.o
    0x08004388   0x00000024   Code   RO         3368    i.clear_lock        ff.o
    0x080043ac   0x0000002e   Code   RO         3369    i.clmt_clust        ff.o
    0x080043da   0x0000001c   Code   RO         3370    i.clust2sect        ff.o
    0x080043f6   0x000000a4   Code   RO         3371    i.create_chain      ff.o
    0x0800449a   0x00000002   PAD
    0x0800449c   0x00000204   Code   RO         3372    i.create_name       ff.o
    0x080046a0   0x0000003c   Code   RO         3373    i.dec_lock          ff.o
    0x080046dc   0x00000140   Code   RO         3374    i.dir_find          ff.o
    0x0800481c   0x0000011c   Code   RO         3375    i.dir_next          ff.o
    0x08004938   0x000001c0   Code   RO         3377    i.dir_register      ff.o
    0x08004af8   0x0000009e   Code   RO         3379    i.dir_sdi           ff.o
    0x08004b96   0x00000002   PAD
    0x08004b98   0x00000028   Code   RO         3864    i.disk_initialize   diskio.o
    0x08004bc0   0x0000001c   Code   RO         3865    i.disk_ioctl        diskio.o
    0x08004bdc   0x0000001c   Code   RO         3866    i.disk_read         diskio.o
    0x08004bf8   0x00000018   Code   RO         3867    i.disk_status       diskio.o
    0x08004c10   0x0000001c   Code   RO         3868    i.disk_write        diskio.o
    0x08004c2c   0x0000002a   Code   RO         3381    i.f_close           ff.o
    0x08004c56   0x00000266   Code   RO         3385    i.f_lseek           ff.o
    0x08004ebc   0x00000060   Code   RO         3388    i.f_mount           ff.o
    0x08004f1c   0x000001f0   Code   RO         3389    i.f_open            ff.o
    0x0800510c   0x000000a2   Code   RO         3398    i.f_sync            ff.o
    0x080051ae   0x000001c6   Code   RO         3402    i.f_write           ff.o
    0x08005374   0x00000038   Code   RO         3919    i.ff_convert        unicode.o
    0x080053ac   0x00000024   Code   RO         3920    i.ff_wtoupper       unicode.o
    0x080053d0   0x0000026c   Code   RO         3403    i.find_volume       ff.o
    0x0800563c   0x0000006a   Code   RO         3404    i.follow_path       ff.o
    0x080056a6   0x00000002   PAD
    0x080056a8   0x00000080   Code   RO         3405    i.gen_numname       ff.o
    0x08005728   0x000000e6   Code   RO         3406    i.get_fat           ff.o
    0x0800580e   0x00000004   Code   RO         4211    i.get_fattime       fatfs.o
    0x08005812   0x0000003c   Code   RO         3408    i.get_ldnumber      ff.o
    0x0800584e   0x00000002   PAD
    0x08005850   0x00000098   Code   RO         3409    i.inc_lock          ff.o
    0x080058e8   0x00000016   Code   RO         3410    i.ld_clust          ff.o
    0x080058fe   0x00000002   PAD
    0x08005900   0x000000a4   Code   RO         4323    i.main              main.o
    0x080059a4   0x00000012   Code   RO         3411    i.mem_cpy           ff.o
    0x080059b6   0x0000000e   Code   RO         3412    i.mem_set           ff.o
    0x080059c4   0x00000038   Code   RO         3413    i.move_window       ff.o
    0x080059fc   0x0000011e   Code   RO         3414    i.put_fat           ff.o
    0x08005b1a   0x00000066   Code   RO         3416    i.remove_chain      ff.o
    0x08005b80   0x00000010   Code   RO         3417    i.st_clust          ff.o
    0x08005b90   0x0000001a   Code   RO         3418    i.sum_sfn           ff.o
    0x08005baa   0x000000a8   Code   RO         3419    i.sync_fs           ff.o
    0x08005c52   0x00000052   Code   RO         3420    i.sync_window       ff.o
    0x08005ca4   0x0000002a   Code   RO         3421    i.validate          ff.o
    0x08005cce   0x00000010   Data   RO         3329    .constdata          system_stm32f4xx.o
    0x08005cde   0x00000008   Data   RO         3330    .constdata          system_stm32f4xx.o
    0x08005ce6   0x000000ba   Data   RO         3423    .constdata          ff.o
    0x08005da0   0x00000014   Data   RO         3756    .constdata          sd_diskio.o
    0x08005db4   0x000004c0   Data   RO         3921    .constdata          unicode.o
    0x08006274   0x00000081   Data   RO         4465    .constdata          mc_w.l(ctype_o.o)
    0x080062f5   0x00000003   PAD
    0x080062f8   0x00000004   Data   RO         4466    .constdata          mc_w.l(ctype_o.o)
    0x080062fc   0x00000020   Data   RO         4496    Region$$Table       anon$$obj.o


    Execution Region RW_IRAM1 (Base: 0x20000000, Size: 0x00002910, Max: 0x00030000, ABSOLUTE)

    Base Addr    Size         Type   Attr      Idx    E Section Name        Object

    0x20000000   0x00000004   Data   RW         1243    .data               stm32f4xx_hal.o
    0x20000004   0x00000004   Data   RW         3331    .data               system_stm32f4xx.o
    0x20000008   0x00000008   Data   RW         3424    .data               ff.o
    0x20000010   0x00000001   Data   RW         3757    .data               sd_diskio.o
    0x20000011   0x00000003   PAD
    0x20000014   0x00000018   Data   RW         3976    .data               stm32f4xx_it.o
    0x2000002c   0x00000005   Data   RW         4212    .data               fatfs.o
    0x20000031   0x00000001   PAD
    0x20000032   0x00000006   Data   RW         4327    .data               main.o
    0x20000038   0x00000006   Data   RW         4328    .data               main.o
    0x2000003e   0x00000006   Data   RW         4382    .data               mpu9255.o
    0x20000044   0x00000004   Data   RW         4432    .data               mc_w.l(strtok.o)
    0x20000048   0x00000004   Data   RW         4456    .data               mc_w.l(errno.o)
    0x2000004c   0x00000218   Zero   RW         3422    .bss                ff.o
    0x20000264   0x0000000c   Zero   RW         3818    .bss                ff_gen_drv.o
    0x20000270   0x0000005a   Zero   RW         3975    .bss                stm32f4xx_it.o
    0x200002ca   0x00000002   PAD
    0x200002cc   0x00000154   Zero   RW         4324    .bss                main.o
    0x20000420   0x00001030   Zero   RW         4325    .bss                main.o
    0x20001450   0x0000102c   Zero   RW         4326    .bss                main.o
    0x2000247c   0x00000090   Zero   RW         4381    .bss                mpu9255.o
    0x2000250c   0x00000004   PAD
    0x20002510   0x00000400   Zero   RW         3317    STACK               startup_stm32f429xx.o


==============================================================================

Image component sizes


      Code (inc. data)   RO Data    RW Data    ZI Data      Debug   Object Name

       136         26          0          0          0       3794   bsp_driver_sd.o
       148         22          0          0          0       4033   diskio.o
        32         10          0          5          0       1610   fatfs.o
      6268         88        186          8        536      45452   ff.o
        70          4          0          0         12       1783   ff_gen_drv.o
       654         62          0         12       8624       5052   main.o
       840         42          0          6        144       4566   mpu9255.o
       264         34         20          1          0       5648   sd_diskio.o
        36          8        428          0       1024        832   startup_stm32f429xx.o
       148         22          0          4          0       4771   stm32f4xx_hal.o
       250         14          0          0          0      33323   stm32f4xx_hal_cortex.o
        36          0          0          0          0       1315   stm32f4xx_hal_dma.o
       512         58          0          0          0     770315   stm32f4xx_hal_gpio.o
      4214         66          0          0          0      29800   stm32f4xx_hal_i2c.o
       472         50          0          0          0       3823   stm32f4xx_hal_msp.o
      1392         80          0          0          0       6012   stm32f4xx_hal_rcc.o
      1928          4          0          0          0      10312   stm32f4xx_hal_sd.o
       962         44          0          0          0      10523   stm32f4xx_hal_tim.o
        84          0          0          0          0       2614   stm32f4xx_hal_tim_ex.o
      1812         14          0          0          0      11358   stm32f4xx_hal_uart.o
       804        150          0         24         90      11596   stm32f4xx_it.o
      1532         42          0          0          0      22664   stm32f4xx_ll_sdmmc.o
        84         18         24          4          0       1303   system_stm32f4xx.o
        92         12       1216          0          0       2731   unicode.o

    ----------------------------------------------------------------------
     22806        870       1906         68      10436     995230   Object Totals
         0          0         32          0          0          0   (incl. Generated)
        36          0          0          4          6          0   (incl. Padding)

    ----------------------------------------------------------------------

      Code (inc. data)   RO Data    RW Data    ZI Data      Debug   Library Member Name

        28          0          0          0          0         68   _chval.o
       158          0          0          0          0         92   _strtoul.o
        26          0          0          0          0         80   atol.o
         8          4        133          0          0         68   ctype_o.o
         0          0          0          0          0          0   entry.o
         0          0          0          0          0          0   entry10a.o
         0          0          0          0          0          0   entry11a.o
         8          4          0          0          0          0   entry2.o
         4          0          0          0          0          0   entry5.o
         0          0          0          0          0          0   entry7b.o
         0          0          0          0          0          0   entry8b.o
         8          4          0          0          0          0   entry9a.o
         8          4          0          4          0         68   errno.o
        30          0          0          0          0          0   handlers.o
        36          8          0          0          0         68   init.o
        24          0          0          0          0         76   strncpy.o
        68          6          0          4          0         80   strtok.o
       112          0          0          0          0         88   strtol.o

    ----------------------------------------------------------------------
       524         30        136          8          0        688   Library Totals
         6          0          3          0          0          0   (incl. Padding)

    ----------------------------------------------------------------------

      Code (inc. data)   RO Data    RW Data    ZI Data      Debug   Library Name

       518         30        133          8          0        688   mc_w.l

    ----------------------------------------------------------------------
       524         30        136          8          0        688   Library Totals

    ----------------------------------------------------------------------

==============================================================================


      Code (inc. data)   RO Data    RW Data    ZI Data      Debug   

     23330        900       2042         76      10436     975614   Grand Totals
     23330        900       2042         76      10436     975614   ELF Image Totals
     23330        900       2042         76          0          0   ROM Totals

==============================================================================

    Total RO  Size (Code + RO Data)                25372 (  24.78kB)
    Total RW  Size (RW Data + ZI Data)             10512 (  10.27kB)
    Total ROM Size (Code + RO Data + RW Data)      25448 (  24.85kB)

==============================================================================

