<html>
<body>
<pre>
<h1>µVision Build Log</h1>
<h2>Tool Versions:</h2>
IDE-Version: µVision V5.17.0.0
Copyright (C) 2015 ARM Ltd and ARM Germany GmbH. All rights reserved.
License Information: Ilya Rasskazov, BMSTU, LIC=----
 
Tool Versions:
Toolchain:       MDK-Lite  Version: 5.17
Toolchain Path:  E:\Programs\Keil_5\ARM\ARMCC\Bin
C Compiler:      Armcc.exe V5.06 update 1 (build 61)
Assembler:       Armasm.exe V5.06 update 1 (build 61)
Linker/Locator:  ArmLink.exe V5.06 update 1 (build 61)
Library Manager: ArmAr.exe V5.06 update 1 (build 61)
Hex Converter:   FromElf.exe V5.06 update 1 (build 61)
CPU DLL:         SARMCM3.DLL V5.17
Dialog DLL:      DCM.DLL V1.13.4.0
Target DLL:      UL2CM3.DLL V1.156.1.0
Dialog DLL:      TCM.DLL V1.14.6.0
 
<h2>Project:</h2>
E:\Documents\Ботва\Микроконтроллеры\F429_SD_Gyro\Docs\IMU\10-DOF-IMU-Sensor-B-code\IDE\10 DOF IMU Sensor (B).uvprojx
Project File Date:  05/30/2018

<h2>Output:</h2>
*** Using Compiler 'V5.06 update 1 (build 61)', folder: 'E:\Programs\Keil_5\ARM\ARMCC\Bin'
Build target '10 DOF IMU Sensor'
assembling startup_stm32f10x_hd.s...
compiling core_cm3.c...
compiling LED.c...
compiling USART.c...
compiling I2C.c...
compiling IMU.c...
compiling BMP180.c...
compiling MPU9250.c...
compiling misc.c...
compiling stm32f10x_exti.c...
compiling stm32f10x_gpio.c...
compiling stm32f10x_rcc.c...
compiling stm32f10x_tim.c...
compiling stm32f10x_usart.c...
compiling stm32f10x_i2c.c...
compiling System.c...
compiling main.c...
compiling stm32f10x_it.c...
compiling system_stm32f10x.c...
linking...
Program Size: Code=20680 RO-data=784 RW-data=160 ZI-data=1376  
"..\TEMP\10 DOF IMU Sensor (B).axf" - 0 Error(s), 0 Warning(s).

<h2>Software Packages used:</h2>

Package Vendor: ARM
                http://www.keil.com/pack/ARM.CMSIS.5.3.0.pack
                ARM::CMSIS:CORE:5.1.1
                CMSIS (Cortex Microcontroller Software Interface Standard)
   * Component: CORE Version: 5.1.1

<h2>Collection of Component include folders:</h2>
  E:\Documents\Ботва\Микроконтроллеры\F429_SD_Gyro\Docs\IMU\10-DOF-IMU-Sensor-B-code\IDE\RTE
  E:\Programs\Keil_5\ARM\PACK\ARM\CMSIS\5.3.0\CMSIS\Include
  E:\Programs\Keil_5\ARM\PACK\Keil\STM32F1xx_DFP\2.2.0\Device\Include

<h2>Collection of Component Files used:</h2>

   * Component: ARM::CMSIS:CORE:5.1.1
Build Time Elapsed:  00:00:04
</pre>
</body>
</html>
