Component: ARM Compiler 5.06 update 1 (build 61) Tool: armlink [4d35a8]

==============================================================================

Section Cross References

    startup_stm32f429xx.o(RESET) refers to startup_stm32f429xx.o(STACK) for __initial_sp
    startup_stm32f429xx.o(RESET) refers to startup_stm32f429xx.o(.text) for Reset_Handler
    startup_stm32f429xx.o(RESET) refers to stm32f4xx_it.o(i.NMI_Handler) for NMI_Handler
    startup_stm32f429xx.o(RESET) refers to stm32f4xx_it.o(i.HardFault_Handler) for HardFault_Handler
    startup_stm32f429xx.o(RESET) refers to stm32f4xx_it.o(i.MemManage_Handler) for MemManage_Handler
    startup_stm32f429xx.o(RESET) refers to stm32f4xx_it.o(i.BusFault_Handler) for BusFault_Handler
    startup_stm32f429xx.o(RESET) refers to stm32f4xx_it.o(i.UsageFault_Handler) for UsageFault_Handler
    startup_stm32f429xx.o(RESET) refers to stm32f4xx_it.o(i.SVC_Handler) for SVC_Handler
    startup_stm32f429xx.o(RESET) refers to stm32f4xx_it.o(i.DebugMon_Handler) for DebugMon_Handler
    startup_stm32f429xx.o(RESET) refers to stm32f4xx_it.o(i.PendSV_Handler) for PendSV_Handler
    startup_stm32f429xx.o(RESET) refers to stm32f4xx_it.o(i.SysTick_Handler) for SysTick_Handler
    startup_stm32f429xx.o(RESET) refers to stm32f4xx_it.o(i.RCC_IRQHandler) for RCC_IRQHandler
    startup_stm32f429xx.o(RESET) refers to stm32f4xx_it.o(i.I2C1_EV_IRQHandler) for I2C1_EV_IRQHandler
    startup_stm32f429xx.o(RESET) refers to stm32f4xx_it.o(i.SPI1_IRQHandler) for SPI1_IRQHandler
    startup_stm32f429xx.o(RESET) refers to stm32f4xx_it.o(i.USART1_IRQHandler) for USART1_IRQHandler
    startup_stm32f429xx.o(RESET) refers to stm32f4xx_it.o(i.SDIO_IRQHandler) for SDIO_IRQHandler
    startup_stm32f429xx.o(.text) refers to system_stm32f4xx.o(i.SystemInit) for SystemInit
    startup_stm32f429xx.o(.text) refers to entry.o(.ARM.Collect$$$$00000000) for __main
    system_stm32f4xx.o(i.SystemCoreClockUpdate) refers to system_stm32f4xx.o(.data) for .data
    system_stm32f4xx.o(i.SystemCoreClockUpdate) refers to system_stm32f4xx.o(.constdata) for .constdata
    stm32f4xx_it.o(i.I2C1_EV_IRQHandler) refers to stm32f4xx_hal_i2c.o(i.HAL_I2C_EV_IRQHandler) for HAL_I2C_EV_IRQHandler
    stm32f4xx_it.o(i.I2C1_EV_IRQHandler) refers to main.o(.bss) for hi2c1
    stm32f4xx_it.o(i.SDIO_IRQHandler) refers to stm32f4xx_hal_sd.o(i.HAL_SD_IRQHandler) for HAL_SD_IRQHandler
    stm32f4xx_it.o(i.SDIO_IRQHandler) refers to main.o(.bss) for hsd
    stm32f4xx_it.o(i.SPI1_IRQHandler) refers to stm32f4xx_hal_spi.o(i.HAL_SPI_IRQHandler) for HAL_SPI_IRQHandler
    stm32f4xx_it.o(i.SPI1_IRQHandler) refers to main.o(.bss) for hspi1
    stm32f4xx_it.o(i.SysTick_Handler) refers to stm32f4xx_hal.o(i.HAL_IncTick) for HAL_IncTick
    stm32f4xx_it.o(i.SysTick_Handler) refers to stm32f4xx_hal_cortex.o(i.HAL_SYSTICK_IRQHandler) for HAL_SYSTICK_IRQHandler
    stm32f4xx_it.o(i.USART1_IRQHandler) refers to stm32f4xx_hal_uart.o(i.HAL_UART_IRQHandler) for HAL_UART_IRQHandler
    stm32f4xx_it.o(i.USART1_IRQHandler) refers to main.o(.bss) for huart1
    stm32f4xx_hal_msp.o(i.HAL_I2C_MspDeInit) refers to stm32f4xx_hal_gpio.o(i.HAL_GPIO_DeInit) for HAL_GPIO_DeInit
    stm32f4xx_hal_msp.o(i.HAL_I2C_MspDeInit) refers to stm32f4xx_hal_cortex.o(i.HAL_NVIC_DisableIRQ) for HAL_NVIC_DisableIRQ
    stm32f4xx_hal_msp.o(i.HAL_I2C_MspInit) refers to stm32f4xx_hal_gpio.o(i.HAL_GPIO_Init) for HAL_GPIO_Init
    stm32f4xx_hal_msp.o(i.HAL_I2C_MspInit) refers to stm32f4xx_hal_cortex.o(i.HAL_NVIC_SetPriority) for HAL_NVIC_SetPriority
    stm32f4xx_hal_msp.o(i.HAL_I2C_MspInit) refers to stm32f4xx_hal_cortex.o(i.HAL_NVIC_EnableIRQ) for HAL_NVIC_EnableIRQ
    stm32f4xx_hal_msp.o(i.HAL_MspInit) refers to stm32f4xx_hal_cortex.o(i.HAL_NVIC_SetPriorityGrouping) for HAL_NVIC_SetPriorityGrouping
    stm32f4xx_hal_msp.o(i.HAL_MspInit) refers to stm32f4xx_hal_cortex.o(i.HAL_NVIC_SetPriority) for HAL_NVIC_SetPriority
    stm32f4xx_hal_msp.o(i.HAL_MspInit) refers to stm32f4xx_hal_cortex.o(i.HAL_NVIC_EnableIRQ) for HAL_NVIC_EnableIRQ
    stm32f4xx_hal_msp.o(i.HAL_SD_MspDeInit) refers to stm32f4xx_hal_gpio.o(i.HAL_GPIO_DeInit) for HAL_GPIO_DeInit
    stm32f4xx_hal_msp.o(i.HAL_SD_MspDeInit) refers to stm32f4xx_hal_cortex.o(i.HAL_NVIC_DisableIRQ) for HAL_NVIC_DisableIRQ
    stm32f4xx_hal_msp.o(i.HAL_SD_MspInit) refers to stm32f4xx_hal_gpio.o(i.HAL_GPIO_Init) for HAL_GPIO_Init
    stm32f4xx_hal_msp.o(i.HAL_SD_MspInit) refers to stm32f4xx_hal_cortex.o(i.HAL_NVIC_SetPriority) for HAL_NVIC_SetPriority
    stm32f4xx_hal_msp.o(i.HAL_SD_MspInit) refers to stm32f4xx_hal_cortex.o(i.HAL_NVIC_EnableIRQ) for HAL_NVIC_EnableIRQ
    stm32f4xx_hal_msp.o(i.HAL_SPI_MspDeInit) refers to stm32f4xx_hal_gpio.o(i.HAL_GPIO_DeInit) for HAL_GPIO_DeInit
    stm32f4xx_hal_msp.o(i.HAL_SPI_MspDeInit) refers to stm32f4xx_hal_cortex.o(i.HAL_NVIC_DisableIRQ) for HAL_NVIC_DisableIRQ
    stm32f4xx_hal_msp.o(i.HAL_SPI_MspInit) refers to stm32f4xx_hal_gpio.o(i.HAL_GPIO_Init) for HAL_GPIO_Init
[...]
    ..\Drivers\STM32F4xx_HAL_Driver\Src\stm32f4xx_hal_rcc.c 0x00000000   Number         0  stm32f4xx_hal_rcc.o ABSOLUTE
    ..\Drivers\STM32F4xx_HAL_Driver\Src\stm32f4xx_hal_rcc_ex.c 0x00000000   Number         0  stm32f4xx_hal_rcc_ex.o ABSOLUTE
    ..\Drivers\STM32F4xx_HAL_Driver\Src\stm32f4xx_hal_sd.c 0x00000000   Number         0  stm32f4xx_hal_sd.o ABSOLUTE
    ..\Drivers\STM32F4xx_HAL_Driver\Src\stm32f4xx_hal_spi.c 0x00000000   Number         0  stm32f4xx_hal_spi.o ABSOLUTE
    ..\Drivers\STM32F4xx_HAL_Driver\Src\stm32f4xx_hal_tim.c 0x00000000   Number         0  stm32f4xx_hal_tim.o ABSOLUTE
    ..\Drivers\STM32F4xx_HAL_Driver\Src\stm32f4xx_hal_tim_ex.c 0x00000000   Number         0  stm32f4xx_hal_tim_ex.o ABSOLUTE
    ..\Drivers\STM32F4xx_HAL_Driver\Src\stm32f4xx_hal_uart.c 0x00000000   Number         0  stm32f4xx_hal_uart.o ABSOLUTE
    ..\Drivers\STM32F4xx_HAL_Driver\Src\stm32f4xx_ll_sdmmc.c 0x00000000   Number         0  stm32f4xx_ll_sdmmc.o ABSOLUTE
    ..\Middlewares\Third_Party\FatFs\src\diskio.c 0x00000000   Number         0  diskio.o ABSOLUTE
    ..\Middlewares\Third_Party\FatFs\src\ff.c 0x00000000   Number         0  ff.o ABSOLUTE
    ..\Middlewares\Third_Party\FatFs\src\ff_gen_drv.c 0x00000000   Number         0  ff_gen_drv.o ABSOLUTE
    ..\Middlewares\Third_Party\FatFs\src\option\syscall.c 0x00000000   Number         0  syscall.o ABSOLUTE
    ..\Src\bsp_driver_sd.c                   0x00000000   Number         0  bsp_driver_sd.o ABSOLUTE
    ..\Src\fatfs.c                           0x00000000   Number         0  fatfs.o ABSOLUTE
    ..\Src\main.c                            0x00000000   Number         0  main.o ABSOLUTE
    ..\Src\sd_diskio.c                       0x00000000   Number         0  sd_diskio.o ABSOLUTE
    ..\Src\stm32f4xx_hal_msp.c               0x00000000   Number         0  stm32f4xx_hal_msp.o ABSOLUTE
    ..\Src\stm32f4xx_it.c                    0x00000000   Number         0  stm32f4xx_it.o ABSOLUTE
    ..\\Src\system_stm32f4xx.c               0x00000000   Number         0  system_stm32f4xx.o ABSOLUTE
    cdrcmple.s                               0x00000000   Number         0  cdrcmple.o ABSOLUTE
    dc.s                                     0x00000000   Number         0  dc.o ABSOLUTE
    handlers.s                               0x00000000   Number         0  handlers.o ABSOLUTE
    init.s                                   0x00000000   Number         0  init.o ABSOLUTE
    startup_stm32f429xx.s                    0x00000000   Number         0  startup_stm32f429xx.o ABSOLUTE
    RESET                                    0x08000000   Section      428  startup_stm32f429xx.o(RESET)
    .ARM.Collect$$$$00000000                 0x080001ac   Section        0  entry.o(.ARM.Collect$$$$00000000)
    .ARM.Collect$$$$00000001                 0x080001ac   Section        4  entry2.o(.ARM.Collect$$$$00000001)
    .ARM.Collect$$$$00000004                 0x080001b0   Section        4  entry5.o(.ARM.Collect$$$$00000004)
    .ARM.Collect$$$$00000008                 0x080001b4   Section        0  entry7b.o(.ARM.Collect$$$$00000008)
    .ARM.Collect$$$$0000000A                 0x080001b4   Section        0  entry8b.o(.ARM.Collect$$$$0000000A)
    .ARM.Collect$$$$0000000B                 0x080001b4   Section        8  entry9a.o(.ARM.Collect$$$$0000000B)
    .ARM.Collect$$$$0000000D                 0x080001bc   Section        0  entry10a.o(.ARM.Collect$$$$0000000D)
    .ARM.Collect$$$$0000000F                 0x080001bc   Section        0  entry11a.o(.ARM.Collect$$$$0000000F)
    .ARM.Collect$$$$00002712                 0x080001bc   Section        4  entry2.o(.ARM.Collect$$$$00002712)
    __lit__00000000                          0x080001bc   Data           4  entry2.o(.ARM.Collect$$$$00002712)
    .text                                    0x080001c0   Section       36  startup_stm32f429xx.o(.text)
    $v0                                      0x080001c0   Number         0  startup_stm32f429xx.o(.text)
    .text                                    0x080001e4   Section        0  uldiv.o(.text)
    .text                                    0x08000246   Section        0  llshl.o(.text)
    .text                                    0x08000264   Section        0  llushr.o(.text)
    .text                                    0x08000284   Section       36  init.o(.text)
    .text                                    0x080002a8   Section        0  iusesemip.o(.text)
    .text                                    0x080002a8   Section        0  semi.o(.text)
    i.BSP_SD_GetCardInfo                     0x080002a8   Section        0  bsp_driver_sd.o(i.BSP_SD_GetCardInfo)
    i.BSP_SD_GetCardState                    0x080002b4   Section        0  bsp_driver_sd.o(i.BSP_SD_GetCardState)
    i.BSP_SD_Init                            0x080002cc   Section        0  bsp_driver_sd.o(i.BSP_SD_Init)
    i.BSP_SD_ReadBlocks_DMA                  0x08000300   Section        0  bsp_driver_sd.o(i.BSP_SD_ReadBlocks_DMA)
    i.BSP_SD_WriteBlocks_DMA                 0x0800031c   Section        0  bsp_driver_sd.o(i.BSP_SD_WriteBlocks_DMA)
    i.BusFault_Handler                       0x08000338   Section        0  stm32f4xx_it.o(i.BusFault_Handler)
    i.DMA_SetConfig                          0x0800033a   Section        0  stm32f4xx_hal_dma.o(i.DMA_SetConfig)
    DMA_SetConfig                            0x0800033b   Thumb Code    40  stm32f4xx_hal_dma.o(i.DMA_SetConfig)
    i.DebugMon_Handler                       0x08000362   Section        0  stm32f4xx_it.o(i.DebugMon_Handler)
    i.FATFS_LinkDriver                       0x08000364   Section        0  ff_gen_drv.o(i.FATFS_LinkDriver)
    i.FATFS_LinkDriverEx                     0x0800036c   Section        0  ff_gen_drv.o(i.FATFS_LinkDriverEx)
    i.HAL_DMA_Abort_IT                       0x080003ac   Section        0  stm32f4xx_hal_dma.o(i.HAL_DMA_Abort_IT)
    i.HAL_DMA_Start_IT                       0x080003d0   Section        0  stm32f4xx_hal_dma.o(i.HAL_DMA_Start_IT)
    i.HAL_Delay                              0x08000448   Section        0  stm32f4xx_hal.o(i.HAL_Delay)
    i.HAL_GPIO_Init                          0x0800046c   Section        0  stm32f4xx_hal_gpio.o(i.HAL_GPIO_Init)
    i.HAL_GPIO_ReadPin                       0x08000638   Section        0  stm32f4xx_hal_gpio.o(i.HAL_GPIO_ReadPin)
    i.HAL_GPIO_TogglePin                     0x08000642   Section        0  stm32f4xx_hal_gpio.o(i.HAL_GPIO_TogglePin)
    i.HAL_GPIO_WritePin                      0x0800064a   Section        0  stm32f4xx_hal_gpio.o(i.HAL_GPIO_WritePin)
    i.HAL_GetTick                            0x08000654   Section        0  stm32f4xx_hal.o(i.HAL_GetTick)
    i.HAL_I2C_AbortCpltCallback              0x08000660   Section        0  stm32f4xx_hal_i2c.o(i.HAL_I2C_AbortCpltCallback)
    i.HAL_I2C_AddrCallback                   0x08000662   Section        0  stm32f4xx_hal_i2c.o(i.HAL_I2C_AddrCallback)
    i.HAL_I2C_EV_IRQHandler                  0x08000664   Section        0  stm32f4xx_hal_i2c.o(i.HAL_I2C_EV_IRQHandler)
    i.HAL_I2C_ErrorCallback                  0x08000854   Section        0  stm32f4xx_hal_i2c.o(i.HAL_I2C_ErrorCallback)
    i.HAL_I2C_Init                           0x08000858   Section        0  stm32f4xx_hal_i2c.o(i.HAL_I2C_Init)
    i.HAL_I2C_ListenCpltCallback             0x08000960   Section        0  stm32f4xx_hal_i2c.o(i.HAL_I2C_ListenCpltCallback)
    i.HAL_I2C_MasterRxCpltCallback           0x08000962   Section        0  stm32f4xx_hal_i2c.o(i.HAL_I2C_MasterRxCpltCallback)
    i.HAL_I2C_MasterTxCpltCallback           0x08000964   Section        0  stm32f4xx_hal_i2c.o(i.HAL_I2C_MasterTxCpltCallback)
    i.HAL_I2C_MemRxCpltCallback              0x08000966   Section        0  stm32f4xx_hal_i2c.o(i.HAL_I2C_MemRxCpltCallback)
    i.HAL_I2C_MemTxCpltCallback              0x08000968   Section        0  stm32f4xx_hal_i2c.o(i.HAL_I2C_MemTxCpltCallback)
    i.HAL_I2C_MspInit                        0x0800096c   Section        0  stm32f4xx_hal_msp.o(i.HAL_I2C_MspInit)
    i.HAL_I2C_SlaveRxCpltCallback            0x080009c8   Section        0  stm32f4xx_hal_i2c.o(i.HAL_I2C_SlaveRxCpltCallback)
    i.HAL_I2C_SlaveTxCpltCallback            0x080009ca   Section        0  stm32f4xx_hal_i2c.o(i.HAL_I2C_SlaveTxCpltCallback)
    i.HAL_IncTick                            0x080009cc   Section        0  stm32f4xx_hal.o(i.HAL_IncTick)
    i.HAL_Init                               0x080009dc   Section        0  stm32f4xx_hal.o(i.HAL_Init)
    i.HAL_InitTick                           0x08000a10   Section        0  stm32f4xx_hal.o(i.HAL_InitTick)
    i.HAL_MspInit                            0x08000a50   Section        0  stm32f4xx_hal_msp.o(i.HAL_MspInit)
    i.HAL_NVIC_EnableIRQ                     0x08000ab8   Section        0  stm32f4xx_hal_cortex.o(i.HAL_NVIC_EnableIRQ)
    i.HAL_NVIC_SetPriority                   0x08000ad0   Section        0  stm32f4xx_hal_cortex.o(i.HAL_NVIC_SetPriority)
    i.HAL_NVIC_SetPriorityGrouping           0x08000b10   Section        0  stm32f4xx_hal_cortex.o(i.HAL_NVIC_SetPriorityGrouping)
    i.HAL_RCC_ClockConfig                    0x08000b34   Section        0  stm32f4xx_hal_rcc.o(i.HAL_RCC_ClockConfig)
    i.HAL_RCC_GetHCLKFreq                    0x08000c64   Section        0  stm32f4xx_hal_rcc.o(i.HAL_RCC_GetHCLKFreq)
    i.HAL_RCC_GetPCLK1Freq                   0x08000c70   Section        0  stm32f4xx_hal_rcc.o(i.HAL_RCC_GetPCLK1Freq)
    i.HAL_RCC_GetPCLK2Freq                   0x08000c90   Section        0  stm32f4xx_hal_rcc.o(i.HAL_RCC_GetPCLK2Freq)
    i.HAL_RCC_GetSysClockFreq                0x08000cb0   Section        0  stm32f4xx_hal_rcc.o(i.HAL_RCC_GetSysClockFreq)
    i.HAL_RCC_OscConfig                      0x08000d10   Section        0  stm32f4xx_hal_rcc.o(i.HAL_RCC_OscConfig)
    i.HAL_SD_AbortCallback                   0x0800102c   Section        0  stm32f4xx_hal_sd.o(i.HAL_SD_AbortCallback)
    i.HAL_SD_ConfigWideBusOperation          0x0800102e   Section        0  stm32f4xx_hal_sd.o(i.HAL_SD_ConfigWideBusOperation)
    i.HAL_SD_ErrorCallback                   0x080010a6   Section        0  stm32f4xx_hal_sd.o(i.HAL_SD_ErrorCallback)
    i.HAL_SD_GetCardCSD                      0x080010a8   Section        0  stm32f4xx_hal_sd.o(i.HAL_SD_GetCardCSD)
    i.HAL_SD_GetCardInfo                     0x08001282   Section        0  stm32f4xx_hal_sd.o(i.HAL_SD_GetCardInfo)
    i.HAL_SD_GetCardState                    0x080012a6   Section        0  stm32f4xx_hal_sd.o(i.HAL_SD_GetCardState)
    i.HAL_SD_GetCardStatus                   0x080012d2   Section        0  stm32f4xx_hal_sd.o(i.HAL_SD_GetCardStatus)
    i.HAL_SD_IRQHandler                      0x08001388   Section        0  stm32f4xx_hal_sd.o(i.HAL_SD_IRQHandler)
    i.HAL_SD_Init                            0x08001548   Section        0  stm32f4xx_hal_sd.o(i.HAL_SD_Init)
    i.HAL_SD_InitCard                        0x08001580   Section        0  stm32f4xx_hal_sd.o(i.HAL_SD_InitCard)
    i.HAL_SD_MspInit                         0x080015d4   Section        0  stm32f4xx_hal_msp.o(i.HAL_SD_MspInit)
    i.HAL_SD_ReadBlocks_DMA                  0x08001664   Section        0  stm32f4xx_hal_sd.o(i.HAL_SD_ReadBlocks_DMA)
    i.HAL_SD_RxCpltCallback                  0x08001758   Section        0  stm32f4xx_hal_sd.o(i.HAL_SD_RxCpltCallback)
    i.HAL_SD_TxCpltCallback                  0x0800175a   Section        0  stm32f4xx_hal_sd.o(i.HAL_SD_TxCpltCallback)
    i.HAL_SD_WriteBlocks_DMA                 0x0800175c   Section        0  stm32f4xx_hal_sd.o(i.HAL_SD_WriteBlocks_DMA)
    i.HAL_SPI_ErrorCallback                  0x08001850   Section        0  stm32f4xx_hal_spi.o(i.HAL_SPI_ErrorCallback)
    i.HAL_SPI_IRQHandler                     0x08001854   Section        0  stm32f4xx_hal_spi.o(i.HAL_SPI_IRQHandler)
    i.HAL_SPI_Init                           0x08001928   Section        0  stm32f4xx_hal_spi.o(i.HAL_SPI_Init)
    i.HAL_SPI_MspInit                        0x080019a8   Section        0  stm32f4xx_hal_msp.o(i.HAL_SPI_MspInit)
    i.HAL_SYSTICK_CLKSourceConfig            0x08001a04   Section        0  stm32f4xx_hal_cortex.o(i.HAL_SYSTICK_CLKSourceConfig)
    i.HAL_SYSTICK_Callback                   0x08001a1c   Section        0  stm32f4xx_hal_cortex.o(i.HAL_SYSTICK_Callback)
    i.HAL_SYSTICK_Config                     0x08001a1e   Section        0  stm32f4xx_hal_cortex.o(i.HAL_SYSTICK_Config)
    i.HAL_SYSTICK_IRQHandler                 0x08001a46   Section        0  stm32f4xx_hal_cortex.o(i.HAL_SYSTICK_IRQHandler)
    i.HAL_UART_ErrorCallback                 0x08001a4e   Section        0  stm32f4xx_hal_uart.o(i.HAL_UART_ErrorCallback)
    i.HAL_UART_IRQHandler                    0x08001a50   Section        0  stm32f4xx_hal_uart.o(i.HAL_UART_IRQHandler)
    i.HAL_UART_Init                          0x08001b60   Section        0  stm32f4xx_hal_uart.o(i.HAL_UART_Init)
    i.HAL_UART_MspInit                       0x08001bc4   Section        0  stm32f4xx_hal_msp.o(i.HAL_UART_MspInit)
    i.HAL_UART_RxCpltCallback                0x08001c20   Section        0  stm32f4xx_hal_uart.o(i.HAL_UART_RxCpltCallback)
    i.HAL_UART_TxCpltCallback                0x08001c22   Section        0  stm32f4xx_hal_uart.o(i.HAL_UART_TxCpltCallback)
    i.HardFault_Handler                      0x08001c24   Section        0  stm32f4xx_it.o(i.HardFault_Handler)
    i.I2C1_EV_IRQHandler                     0x08001c28   Section        0  stm32f4xx_it.o(i.I2C1_EV_IRQHandler)
    i.I2C_DMAAbort                           0x08001c34   Section        0  stm32f4xx_hal_i2c.o(i.I2C_DMAAbort)
    I2C_DMAAbort                             0x08001c35   Thumb Code    78  stm32f4xx_hal_i2c.o(i.I2C_DMAAbort)
    i.I2C_ITError                            0x08001c84   Section        0  stm32f4xx_hal_i2c.o(i.I2C_ITError)
    I2C_ITError                              0x08001c85   Thumb Code   284  stm32f4xx_hal_i2c.o(i.I2C_ITError)
    i.I2C_MasterReceive_BTF                  0x08001da8   Section        0  stm32f4xx_hal_i2c.o(i.I2C_MasterReceive_BTF)
    I2C_MasterReceive_BTF                    0x08001da9   Thumb Code   190  stm32f4xx_hal_i2c.o(i.I2C_MasterReceive_BTF)
    i.I2C_MasterReceive_RXNE                 0x08001e66   Section        0  stm32f4xx_hal_i2c.o(i.I2C_MasterReceive_RXNE)
    I2C_MasterReceive_RXNE                   0x08001e67   Thumb Code   132  stm32f4xx_hal_i2c.o(i.I2C_MasterReceive_RXNE)
    i.I2C_MasterTransmit_BTF                 0x08001eea   Section        0  stm32f4xx_hal_i2c.o(i.I2C_MasterTransmit_BTF)
    I2C_MasterTransmit_BTF                   0x08001eeb   Thumb Code   128  stm32f4xx_hal_i2c.o(i.I2C_MasterTransmit_BTF)
    i.I2C_MasterTransmit_TXE                 0x08001f6c   Section        0  stm32f4xx_hal_i2c.o(i.I2C_MasterTransmit_TXE)
    I2C_MasterTransmit_TXE                   0x08001f6d   Thumb Code   264  stm32f4xx_hal_i2c.o(i.I2C_MasterTransmit_TXE)
    i.I2C_Master_ADDR                        0x08002074   Section        0  stm32f4xx_hal_i2c.o(i.I2C_Master_ADDR)
    I2C_Master_ADDR                          0x08002075   Thumb Code   244  stm32f4xx_hal_i2c.o(i.I2C_Master_ADDR)
    i.I2C_Master_SB                          0x08002168   Section        0  stm32f4xx_hal_i2c.o(i.I2C_Master_SB)
    I2C_Master_SB                            0x08002169   Thumb Code    90  stm32f4xx_hal_i2c.o(i.I2C_Master_SB)
    i.I2C_Slave_STOPF                        0x080021c4   Section        0  stm32f4xx_hal_i2c.o(i.I2C_Slave_STOPF)
    I2C_Slave_STOPF                          0x080021c5   Thumb Code   214  stm32f4xx_hal_i2c.o(i.I2C_Slave_STOPF)
    i.MX_FATFS_Init                          0x080022a0   Section        0  fatfs.o(i.MX_FATFS_Init)
    i.MX_GPIO_Init                           0x080022bc   Section        0  main.o(i.MX_GPIO_Init)
    MX_GPIO_Init                             0x080022bd   Thumb Code   158  main.o(i.MX_GPIO_Init)
    i.MX_I2C1_Init                           0x08002368   Section        0  main.o(i.MX_I2C1_Init)
    MX_I2C1_Init                             0x08002369   Thumb Code    52  main.o(i.MX_I2C1_Init)
    i.MX_SPI1_Init                           0x080023ac   Section        0  main.o(i.MX_SPI1_Init)
    MX_SPI1_Init                             0x080023ad   Thumb Code    62  main.o(i.MX_SPI1_Init)
    i.MX_USART1_UART_Init                    0x08002404   Section        0  main.o(i.MX_USART1_UART_Init)
    MX_USART1_UART_Init                      0x08002405   Thumb Code    50  main.o(i.MX_USART1_UART_Init)
    i.MemManage_Handler                      0x08002444   Section        0  stm32f4xx_it.o(i.MemManage_Handler)
    i.NMI_Handler                            0x08002446   Section        0  stm32f4xx_it.o(i.NMI_Handler)
    i.NVIC_SetPriority                       0x08002448   Section        0  stm32f4xx_hal_cortex.o(i.NVIC_SetPriority)
    NVIC_SetPriority                         0x08002449   Thumb Code    32  stm32f4xx_hal_cortex.o(i.NVIC_SetPriority)
    i.PendSV_Handler                         0x08002468   Section        0  stm32f4xx_it.o(i.PendSV_Handler)
    i.RCC_IRQHandler                         0x0800246a   Section        0  stm32f4xx_it.o(i.RCC_IRQHandler)
    i.SDIO_ConfigData                        0x0800246c   Section        0  stm32f4xx_ll_sdmmc.o(i.SDIO_ConfigData)
    i.SDIO_GetPowerState                     0x08002490   Section        0  stm32f4xx_ll_sdmmc.o(i.SDIO_GetPowerState)
    i.SDIO_GetResponse                       0x08002498   Section        0  stm32f4xx_ll_sdmmc.o(i.SDIO_GetResponse)
    i.SDIO_IRQHandler                        0x080024a4   Section        0  stm32f4xx_it.o(i.SDIO_IRQHandler)
    i.SDIO_Init                              0x080024b0   Section        0  stm32f4xx_ll_sdmmc.o(i.SDIO_Init)
    i.SDIO_PowerState_ON                     0x080024d4   Section        0  stm32f4xx_ll_sdmmc.o(i.SDIO_PowerState_ON)
    i.SDIO_ReadFIFO                          0x080024dc   Section        0  stm32f4xx_ll_sdmmc.o(i.SDIO_ReadFIFO)
    i.SDIO_SendCommand                       0x080024e2   Section        0  stm32f4xx_ll_sdmmc.o(i.SDIO_SendCommand)
    i.SDIO_WriteFIFO                         0x08002502   Section        0  stm32f4xx_ll_sdmmc.o(i.SDIO_WriteFIFO)
    i.SDMMC_CmdAppCommand                    0x0800250c   Section        0  stm32f4xx_ll_sdmmc.o(i.SDMMC_CmdAppCommand)
    i.SDMMC_CmdAppOperCommand                0x08002540   Section        0  stm32f4xx_ll_sdmmc.o(i.SDMMC_CmdAppOperCommand)
    i.SDMMC_CmdBlockLength                   0x08002574   Section        0  stm32f4xx_ll_sdmmc.o(i.SDMMC_CmdBlockLength)
    i.SDMMC_CmdBusWidth                      0x080025a6   Section        0  stm32f4xx_ll_sdmmc.o(i.SDMMC_CmdBusWidth)
    i.SDMMC_CmdGoIdleState                   0x080025d8   Section        0  stm32f4xx_ll_sdmmc.o(i.SDMMC_CmdGoIdleState)
    i.SDMMC_CmdOperCond                      0x08002628   Section        0  stm32f4xx_ll_sdmmc.o(i.SDMMC_CmdOperCond)
    i.SDMMC_CmdReadMultiBlock                0x08002690   Section        0  stm32f4xx_ll_sdmmc.o(i.SDMMC_CmdReadMultiBlock)
    i.SDMMC_CmdReadSingleBlock               0x080026c2   Section        0  stm32f4xx_ll_sdmmc.o(i.SDMMC_CmdReadSingleBlock)
    i.SDMMC_CmdSelDesel                      0x080026f4   Section        0  stm32f4xx_ll_sdmmc.o(i.SDMMC_CmdSelDesel)
    i.SDMMC_CmdSendCID                       0x08002726   Section        0  stm32f4xx_ll_sdmmc.o(i.SDMMC_CmdSendCID)
    i.SDMMC_CmdSendCSD                       0x08002752   Section        0  stm32f4xx_ll_sdmmc.o(i.SDMMC_CmdSendCSD)
    i.SDMMC_CmdSendSCR                       0x0800277e   Section        0  stm32f4xx_ll_sdmmc.o(i.SDMMC_CmdSendSCR)
    i.SDMMC_CmdSendStatus                    0x080027ae   Section        0  stm32f4xx_ll_sdmmc.o(i.SDMMC_CmdSendStatus)
    i.SDMMC_CmdSetRelAdd                     0x080027e0   Section        0  stm32f4xx_ll_sdmmc.o(i.SDMMC_CmdSetRelAdd)
    i.SDMMC_CmdStatusRegister                0x08002810   Section        0  stm32f4xx_ll_sdmmc.o(i.SDMMC_CmdStatusRegister)
    i.SDMMC_CmdStopTransfer                  0x08002840   Section        0  stm32f4xx_ll_sdmmc.o(i.SDMMC_CmdStopTransfer)
    i.SDMMC_CmdWriteMultiBlock               0x08002874   Section        0  stm32f4xx_ll_sdmmc.o(i.SDMMC_CmdWriteMultiBlock)
    i.SDMMC_CmdWriteSingleBlock              0x080028a6   Section        0  stm32f4xx_ll_sdmmc.o(i.SDMMC_CmdWriteSingleBlock)
    i.SDMMC_GetCmdResp1                      0x080028d8   Section        0  stm32f4xx_ll_sdmmc.o(i.SDMMC_GetCmdResp1)
    SDMMC_GetCmdResp1                        0x080028d9   Thumb Code   276  stm32f4xx_ll_sdmmc.o(i.SDMMC_GetCmdResp1)
    i.SDMMC_GetCmdResp2                      0x080029f4   Section        0  stm32f4xx_ll_sdmmc.o(i.SDMMC_GetCmdResp2)
    SDMMC_GetCmdResp2                        0x080029f5   Thumb Code    74  stm32f4xx_ll_sdmmc.o(i.SDMMC_GetCmdResp2)
    i.SDMMC_GetCmdResp3                      0x08002a44   Section        0  stm32f4xx_ll_sdmmc.o(i.SDMMC_GetCmdResp3)
    SDMMC_GetCmdResp3                        0x08002a45   Thumb Code    60  stm32f4xx_ll_sdmmc.o(i.SDMMC_GetCmdResp3)
    i.SDMMC_GetCmdResp6                      0x08002a84   Section        0  stm32f4xx_ll_sdmmc.o(i.SDMMC_GetCmdResp6)
    SDMMC_GetCmdResp6                        0x08002a85   Thumb Code   128  stm32f4xx_ll_sdmmc.o(i.SDMMC_GetCmdResp6)
    i.SD_CheckStatus                         0x08002b08   Section        0  sd_diskio.o(i.SD_CheckStatus)
    SD_CheckStatus                           0x08002b09   Thumb Code    26  sd_diskio.o(i.SD_CheckStatus)
    i.SD_DMAError                            0x08002b28   Section        0  stm32f4xx_hal_sd.o(i.SD_DMAError)
    SD_DMAError                              0x08002b29   Thumb Code    86  stm32f4xx_hal_sd.o(i.SD_DMAError)
    i.SD_DMAReceiveCplt                      0x08002b7e   Section        0  stm32f4xx_hal_sd.o(i.SD_DMAReceiveCplt)
    SD_DMAReceiveCplt                        0x08002b7f   Thumb Code    62  stm32f4xx_hal_sd.o(i.SD_DMAReceiveCplt)
    i.SD_DMARxAbort                          0x08002bbc   Section        0  stm32f4xx_hal_sd.o(i.SD_DMARxAbort)
    SD_DMARxAbort                            0x08002bbd   Thumb Code    72  stm32f4xx_hal_sd.o(i.SD_DMARxAbort)
    i.SD_DMATransmitCplt                     0x08002c04   Section        0  stm32f4xx_hal_sd.o(i.SD_DMATransmitCplt)
    SD_DMATransmitCplt                       0x08002c05   Thumb Code    14  stm32f4xx_hal_sd.o(i.SD_DMATransmitCplt)
    i.SD_DMATxAbort                          0x08002c12   Section        0  stm32f4xx_hal_sd.o(i.SD_DMATxAbort)
    SD_DMATxAbort                            0x08002c13   Thumb Code    72  stm32f4xx_hal_sd.o(i.SD_DMATxAbort)
    i.SD_FindSCR                             0x08002c5a   Section        0  stm32f4xx_hal_sd.o(i.SD_FindSCR)
    SD_FindSCR                               0x08002c5b   Thumb Code   212  stm32f4xx_hal_sd.o(i.SD_FindSCR)
    i.SD_InitCard                            0x08002d2e   Section        0  stm32f4xx_hal_sd.o(i.SD_InitCard)
    SD_InitCard                              0x08002d2f   Thumb Code   230  stm32f4xx_hal_sd.o(i.SD_InitCard)
    i.SD_PowerON                             0x08002e14   Section        0  stm32f4xx_hal_sd.o(i.SD_PowerON)
    SD_PowerON                               0x08002e15   Thumb Code   162  stm32f4xx_hal_sd.o(i.SD_PowerON)
    i.SD_SendSDStatus                        0x08002eb6   Section        0  stm32f4xx_hal_sd.o(i.SD_SendSDStatus)
    SD_SendSDStatus                          0x08002eb7   Thumb Code   236  stm32f4xx_hal_sd.o(i.SD_SendSDStatus)
    i.SD_WideBus_Disable                     0x08002fa2   Section        0  stm32f4xx_hal_sd.o(i.SD_WideBus_Disable)
    SD_WideBus_Disable                       0x08002fa3   Thumb Code    78  stm32f4xx_hal_sd.o(i.SD_WideBus_Disable)
    i.SD_WideBus_Enable                      0x08002ff0   Section        0  stm32f4xx_hal_sd.o(i.SD_WideBus_Enable)
    SD_WideBus_Enable                        0x08002ff1   Thumb Code    78  stm32f4xx_hal_sd.o(i.SD_WideBus_Enable)
    i.SD_initialize                          0x08003040   Section        0  sd_diskio.o(i.SD_initialize)
    i.SD_ioctl                               0x08003060   Section        0  sd_diskio.o(i.SD_ioctl)
    i.SD_read                                0x080030b0   Section        0  sd_diskio.o(i.SD_read)
    i.SD_status                              0x08003130   Section        0  sd_diskio.o(i.SD_status)
    i.SD_write                               0x08003134   Section        0  sd_diskio.o(i.SD_write)
    i.SPI1_IRQHandler                        0x080031a0   Section        0  stm32f4xx_it.o(i.SPI1_IRQHandler)
    i.SPI_DMAAbortOnError                    0x080031ac   Section        0  stm32f4xx_hal_spi.o(i.SPI_DMAAbortOnError)
    SPI_DMAAbortOnError                      0x080031ad   Thumb Code    16  stm32f4xx_hal_spi.o(i.SPI_DMAAbortOnError)
    i.SVC_Handler                            0x080031bc   Section        0  stm32f4xx_it.o(i.SVC_Handler)
    i.SysTick_Handler                        0x080031be   Section        0  stm32f4xx_it.o(i.SysTick_Handler)
    i.SystemClock_Config                     0x080031cc   Section        0  main.o(i.SystemClock_Config)
    i.SystemInit                             0x08003284   Section        0  system_stm32f4xx.o(i.SystemInit)
    i.UART_DMAAbortOnError                   0x080032d8   Section        0  stm32f4xx_hal_uart.o(i.UART_DMAAbortOnError)
    UART_DMAAbortOnError                     0x080032d9   Thumb Code    16  stm32f4xx_hal_uart.o(i.UART_DMAAbortOnError)
    i.UART_EndRxTransfer                     0x080032e8   Section        0  stm32f4xx_hal_uart.o(i.UART_EndRxTransfer)
    UART_EndRxTransfer                       0x080032e9   Thumb Code    28  stm32f4xx_hal_uart.o(i.UART_EndRxTransfer)
    i.UART_Receive_IT                        0x08003304   Section        0  stm32f4xx_hal_uart.o(i.UART_Receive_IT)
    UART_Receive_IT                          0x08003305   Thumb Code   140  stm32f4xx_hal_uart.o(i.UART_Receive_IT)
    i.UART_SetConfig                         0x08003390   Section        0  stm32f4xx_hal_uart.o(i.UART_SetConfig)
    UART_SetConfig                           0x08003391   Thumb Code   676  stm32f4xx_hal_uart.o(i.UART_SetConfig)
    i.UART_Transmit_IT                       0x0800363c   Section        0  stm32f4xx_hal_uart.o(i.UART_Transmit_IT)
    UART_Transmit_IT                         0x0800363d   Thumb Code    98  stm32f4xx_hal_uart.o(i.UART_Transmit_IT)
    i.USART1_IRQHandler                      0x080036a0   Section        0  stm32f4xx_it.o(i.USART1_IRQHandler)
    i.UsageFault_Handler                     0x080036ac   Section        0  stm32f4xx_it.o(i.UsageFault_Handler)
    i._Error_Handler                         0x080036b0   Section        0  main.o(i._Error_Handler)
    i.__0printf$bare                         0x080036d4   Section        0  printfb.o(i.__0printf$bare)
    i.__scatterload_copy                     0x080036e4   Section       14  handlers.o(i.__scatterload_copy)
    i.__scatterload_null                     0x080036f2   Section        2  handlers.o(i.__scatterload_null)
    i.__scatterload_zeroinit                 0x080036f4   Section       14  handlers.o(i.__scatterload_zeroinit)
    i._printf_core                           0x08003702   Section        0  printfb.o(i._printf_core)
    _printf_core                             0x08003703   Thumb Code    34  printfb.o(i._printf_core)
    i.check_fs                               0x08003724   Section        0  ff.o(i.check_fs)
    check_fs                                 0x08003725   Thumb Code   102  ff.o(i.check_fs)
    i.chk_lock                               0x08003794   Section        0  ff.o(i.chk_lock)
    chk_lock                                 0x08003795   Thumb Code    86  ff.o(i.chk_lock)
    i.clear_lock                             0x080037f0   Section        0  ff.o(i.clear_lock)
    clear_lock                               0x080037f1   Thumb Code    28  ff.o(i.clear_lock)
    i.clust2sect                             0x08003810   Section        0  ff.o(i.clust2sect)
    clust2sect                               0x08003811   Thumb Code    24  ff.o(i.clust2sect)
    i.create_chain                           0x08003828   Section        0  ff.o(i.create_chain)
    create_chain                             0x08003829   Thumb Code   164  ff.o(i.create_chain)
    i.create_name                            0x080038cc   Section        0  ff.o(i.create_name)
    create_name                              0x080038cd   Thumb Code   168  ff.o(i.create_name)
    i.dec_lock                               0x08003988   Section        0  ff.o(i.dec_lock)
    dec_lock                                 0x08003989   Thumb Code    48  ff.o(i.dec_lock)
    i.dir_find                               0x080039bc   Section        0  ff.o(i.dir_find)
    dir_find                                 0x080039bd   Thumb Code   100  ff.o(i.dir_find)
    i.dir_next                               0x08003a20   Section        0  ff.o(i.dir_next)
    dir_next                                 0x08003a21   Thumb Code   258  ff.o(i.dir_next)
    i.dir_register                           0x08003b22   Section        0  ff.o(i.dir_register)
    dir_register                             0x08003b23   Thumb Code   102  ff.o(i.dir_register)
    i.dir_sdi                                0x08003b88   Section        0  ff.o(i.dir_sdi)
    dir_sdi                                  0x08003b89   Thumb Code   142  ff.o(i.dir_sdi)
    i.disk_initialize                        0x08003c18   Section        0  diskio.o(i.disk_initialize)
    i.disk_ioctl                             0x08003c40   Section        0  diskio.o(i.disk_ioctl)
    i.disk_read                              0x08003c5c   Section        0  diskio.o(i.disk_read)
    i.disk_status                            0x08003c78   Section        0  diskio.o(i.disk_status)
    i.disk_write                             0x08003c90   Section        0  diskio.o(i.disk_write)
    i.f_close                                0x08003cac   Section        0  ff.o(i.f_close)
    i.f_mount                                0x08003cd4   Section        0  ff.o(i.f_mount)
    i.f_open                                 0x08003d2c   Section        0  ff.o(i.f_open)
    i.f_sync                                 0x08003f44   Section        0  ff.o(i.f_sync)
    i.find_volume                            0x08003fd4   Section        0  ff.o(i.find_volume)
    find_volume                              0x08003fd5   Thumb Code   636  ff.o(i.find_volume)
    i.follow_path                            0x0800425c   Section        0  ff.o(i.follow_path)
    follow_path                              0x0800425d   Thumb Code   122  ff.o(i.follow_path)
    i.fputc                                  0x080042d6   Section        0  fputc.o(i.fputc)
    i.get_fat                                0x080042e8   Section        0  ff.o(i.get_fat)
    get_fat                                  0x080042e9   Thumb Code   232  ff.o(i.get_fat)
    i.get_fattime                            0x080043d0   Section        0  fatfs.o(i.get_fattime)
    i.get_ldnumber                           0x080043d4   Section        0  ff.o(i.get_ldnumber)
    get_ldnumber                             0x080043d5   Thumb Code    60  ff.o(i.get_ldnumber)
    i.inc_lock                               0x08004410   Section        0  ff.o(i.inc_lock)
    inc_lock                                 0x08004411   Thumb Code   124  ff.o(i.inc_lock)
    i.ld_clust                               0x08004490   Section        0  ff.o(i.ld_clust)
    ld_clust                                 0x08004491   Thumb Code    38  ff.o(i.ld_clust)
    i.ld_dword                               0x080044b6   Section        0  ff.o(i.ld_dword)
    ld_dword                                 0x080044b7   Thumb Code    22  ff.o(i.ld_dword)
    i.ld_word                                0x080044cc   Section        0  ff.o(i.ld_word)
    ld_word                                  0x080044cd   Thumb Code    10  ff.o(i.ld_word)
    i.main                                   0x080044d8   Section        0  main.o(i.main)
    i.mem_cpy                                0x080045d0   Section        0  ff.o(i.mem_cpy)
    mem_cpy                                  0x080045d1   Thumb Code    18  ff.o(i.mem_cpy)
    i.mem_set                                0x080045e4   Section        0  ff.o(i.mem_set)
    mem_set                                  0x080045e5   Thumb Code    14  ff.o(i.mem_set)
    i.move_window                            0x080045f2   Section        0  ff.o(i.move_window)
    move_window                              0x080045f3   Thumb Code    50  ff.o(i.move_window)
    i.put_fat                                0x08004624   Section        0  ff.o(i.put_fat)
    put_fat                                  0x08004625   Thumb Code   292  ff.o(i.put_fat)
    i.remove_chain                           0x08004748   Section        0  ff.o(i.remove_chain)
    remove_chain                             0x08004749   Thumb Code   116  ff.o(i.remove_chain)
    i.st_clust                               0x080047bc   Section        0  ff.o(i.st_clust)
    st_clust                                 0x080047bd   Thumb Code    40  ff.o(i.st_clust)
    i.st_dword                               0x080047e4   Section        0  ff.o(i.st_dword)
    st_dword                                 0x080047e5   Thumb Code    16  ff.o(i.st_dword)
    i.st_word                                0x080047f4   Section        0  ff.o(i.st_word)
    st_word                                  0x080047f5   Thumb Code     8  ff.o(i.st_word)
    i.sync_fs                                0x080047fc   Section        0  ff.o(i.sync_fs)
    sync_fs                                  0x080047fd   Thumb Code   126  ff.o(i.sync_fs)
    i.sync_window                            0x08004884   Section        0  ff.o(i.sync_window)
    sync_window                              0x08004885   Thumb Code    82  ff.o(i.sync_window)
    i.validate                               0x080048d6   Section        0  ff.o(i.validate)
    validate                                 0x080048d7   Thumb Code    50  ff.o(i.validate)
    .constdata                               0x08004908   Section       16  system_stm32f4xx.o(.constdata)
    .constdata                               0x08004918   Section        8  system_stm32f4xx.o(.constdata)
    .constdata                               0x08004920   Section       20  sd_diskio.o(.constdata)
    .constdata                               0x08004934   Section      156  ff.o(.constdata)
    ExCvt                                    0x08004934   Data         128  ff.o(.constdata)
    cst                                      0x080049b4   Data          14  ff.o(.constdata)
    cst32                                    0x080049c2   Data          14  ff.o(.constdata)
    .data                                    0x20000000   Section        4  system_stm32f4xx.o(.data)
    .data                                    0x20000004   Section        1  main.o(.data)
    .data                                    0x20000008   Section       12  sd_diskio.o(.data)
    Stat                                     0x20000008   Data           1  sd_diskio.o(.data)
    WriteStatus                              0x2000000c   Data           4  sd_diskio.o(.data)
    ReadStatus                               0x20000010   Data           4  sd_diskio.o(.data)
    .data                                    0x20000014   Section        5  fatfs.o(.data)
    .data                                    0x2000001c   Section       12  stm32f4xx_hal.o(.data)
    .data                                    0x20000028   Section        8  ff.o(.data)
    Fsid                                     0x20000028   Data           2  ff.o(.data)
    FatFs                                    0x2000002c   Data           4  ff.o(.data)
    .data                                    0x20000030   Section        4  stdout.o(.data)
    .bss                                     0x20000034   Section     8660  main.o(.bss)
    .bss                                     0x20002208   Section       32  ff.o(.bss)
    Files                                    0x20002208   Data          32  ff.o(.bss)
    .bss                                     0x20002228   Section       12  ff_gen_drv.o(.bss)
    STACK                                    0x20002238   Section     1024  startup_stm32f429xx.o(STACK)

    Global Symbols

    Symbol Name                              Value     Ov Type        Size  Object(Section)

    BuildAttributes$$THM_ISAv4$E$P$D$K$B$S$7EM$VFPi3$EXTD16$VFPS$VFMA$PE$A:L22UL41UL21$X:L11$S22US41US21$IEEE1$IW$USESV6$~STKCKD$USESV7$~SHL$OSPACE$ROPI$EBA8$MICROLIB$REQ8$PRES8$EABIv2 0x00000000   Number         0  anon$$obj.o ABSOLUTE
    __ARM_use_no_argv                        0x00000000   Number         0  main.o ABSOLUTE
    __cpp_initialize__aeabi_                  - Undefined Weak Reference
    __cxa_finalize                            - Undefined Weak Reference
    __decompress                              - Undefined Weak Reference
    _clock_init                               - Undefined Weak Reference
    _microlib_exit                            - Undefined Weak Reference
    __Vectors_Size                           0x000001ac   Number         0  startup_stm32f429xx.o ABSOLUTE
    __Vectors                                0x08000000   Data           4  startup_stm32f429xx.o(RESET)
    __Vectors_End                            0x080001ac   Data           0  startup_stm32f429xx.o(RESET)
    __main                                   0x080001ad   Thumb Code     0  entry.o(.ARM.Collect$$$$00000000)
    _main_stk                                0x080001ad   Thumb Code     0  entry2.o(.ARM.Collect$$$$00000001)
    _main_scatterload                        0x080001b1   Thumb Code     0  entry5.o(.ARM.Collect$$$$00000004)
    __main_after_scatterload                 0x080001b5   Thumb Code     0  entry5.o(.ARM.Collect$$$$00000004)
    _main_clock                              0x080001b5   Thumb Code     0  entry7b.o(.ARM.Collect$$$$00000008)
    _main_cpp_init                           0x080001b5   Thumb Code     0  entry8b.o(.ARM.Collect$$$$0000000A)
    _main_init                               0x080001b5   Thumb Code     0  entry9a.o(.ARM.Collect$$$$0000000B)
    __rt_final_cpp                           0x080001bd   Thumb Code     0  entry10a.o(.ARM.Collect$$$$0000000D)
    __rt_final_exit                          0x080001bd   Thumb Code     0  entry11a.o(.ARM.Collect$$$$0000000F)
    Reset_Handler                            0x080001c1   Thumb Code     8  startup_stm32f429xx.o(.text)
    ADC_IRQHandler                           0x080001db   Thumb Code     0  startup_stm32f429xx.o(.text)
    CAN1_RX0_IRQHandler                      0x080001db   Thumb Code     0  startup_stm32f429xx.o(.text)
    CAN1_RX1_IRQHandler                      0x080001db   Thumb Code     0  startup_stm32f429xx.o(.text)
    CAN1_SCE_IRQHandler                      0x080001db   Thumb Code     0  startup_stm32f429xx.o(.text)
    CAN1_TX_IRQHandler                       0x080001db   Thumb Code     0  startup_stm32f429xx.o(.text)
    CAN2_RX0_IRQHandler                      0x080001db   Thumb Code     0  startup_stm32f429xx.o(.text)
    CAN2_RX1_IRQHandler                      0x080001db   Thumb Code     0  startup_stm32f429xx.o(.text)
    CAN2_SCE_IRQHandler                      0x080001db   Thumb Code     0  startup_stm32f429xx.o(.text)
    CAN2_TX_IRQHandler                       0x080001db   Thumb Code     0  startup_stm32f429xx.o(.text)
    DCMI_IRQHandler                          0x080001db   Thumb Code     0  startup_stm32f429xx.o(.text)
    DMA1_Stream0_IRQHandler                  0x080001db   Thumb Code     0  startup_stm32f429xx.o(.text)
    DMA1_Stream1_IRQHandler                  0x080001db   Thumb Code     0  startup_stm32f429xx.o(.text)
    DMA1_Stream2_IRQHandler                  0x080001db   Thumb Code     0  startup_stm32f429xx.o(.text)
    DMA1_Stream3_IRQHandler                  0x080001db   Thumb Code     0  startup_stm32f429xx.o(.text)
    DMA1_Stream4_IRQHandler                  0x080001db   Thumb Code     0  startup_stm32f429xx.o(.text)
    DMA1_Stream5_IRQHandler                  0x080001db   Thumb Code     0  startup_stm32f429xx.o(.text)
    DMA1_Stream6_IRQHandler                  0x080001db   Thumb Code     0  startup_stm32f429xx.o(.text)
    DMA1_Stream7_IRQHandler                  0x080001db   Thumb Code     0  startup_stm32f429xx.o(.text)
    DMA2D_IRQHandler                         0x080001db   Thumb Code     0  startup_stm32f429xx.o(.text)
    DMA2_Stream0_IRQHandler                  0x080001db   Thumb Code     0  startup_stm32f429xx.o(.text)
    DMA2_Stream1_IRQHandler                  0x080001db   Thumb Code     0  startup_stm32f429xx.o(.text)
    DMA2_Stream2_IRQHandler                  0x080001db   Thumb Code     0  startup_stm32f429xx.o(.text)
    DMA2_Stream3_IRQHandler                  0x080001db   Thumb Code     0  startup_stm32f429xx.o(.text)
    DMA2_Stream4_IRQHandler                  0x080001db   Thumb Code     0  startup_stm32f429xx.o(.text)
    DMA2_Stream5_IRQHandler                  0x080001db   Thumb Code     0  startup_stm32f429xx.o(.text)
    DMA2_Stream6_IRQHandler                  0x080001db   Thumb Code     0  startup_stm32f429xx.o(.text)
    DMA2_Stream7_IRQHandler                  0x080001db   Thumb Code     0  startup_stm32f429xx.o(.text)
    ETH_IRQHandler                           0x080001db   Thumb Code     0  startup_stm32f429xx.o(.text)
    ETH_WKUP_IRQHandler                      0x080001db   Thumb Code     0  startup_stm32f429xx.o(.text)
    EXTI0_IRQHandler                         0x080001db   Thumb Code     0  startup_stm32f429xx.o(.text)
    EXTI15_10_IRQHandler                     0x080001db   Thumb Code     0  startup_stm32f429xx.o(.text)
    EXTI1_IRQHandler                         0x080001db   Thumb Code     0  startup_stm32f429xx.o(.text)
    EXTI2_IRQHandler                         0x080001db   Thumb Code     0  startup_stm32f429xx.o(.text)
    EXTI3_IRQHandler                         0x080001db   Thumb Code     0  startup_stm32f429xx.o(.text)
    EXTI4_IRQHandler                         0x080001db   Thumb Code     0  startup_stm32f429xx.o(.text)
    EXTI9_5_IRQHandler                       0x080001db   Thumb Code     0  startup_stm32f429xx.o(.text)
    FLASH_IRQHandler                         0x080001db   Thumb Code     0  startup_stm32f429xx.o(.text)
    FMC_IRQHandler                           0x080001db   Thumb Code     0  startup_stm32f429xx.o(.text)
    FPU_IRQHandler                           0x080001db   Thumb Code     0  startup_stm32f429xx.o(.text)
    HASH_RNG_IRQHandler                      0x080001db   Thumb Code     0  startup_stm32f429xx.o(.text)
    I2C1_ER_IRQHandler                       0x080001db   Thumb Code     0  startup_stm32f429xx.o(.text)
    I2C2_ER_IRQHandler                       0x080001db   Thumb Code     0  startup_stm32f429xx.o(.text)
    I2C2_EV_IRQHandler                       0x080001db   Thumb Code     0  startup_stm32f429xx.o(.text)
    I2C3_ER_IRQHandler                       0x080001db   Thumb Code     0  startup_stm32f429xx.o(.text)
    I2C3_EV_IRQHandler                       0x080001db   Thumb Code     0  startup_stm32f429xx.o(.text)
    LTDC_ER_IRQHandler                       0x080001db   Thumb Code     0  startup_stm32f429xx.o(.text)
    LTDC_IRQHandler                          0x080001db   Thumb Code     0  startup_stm32f429xx.o(.text)
    OTG_FS_IRQHandler                        0x080001db   Thumb Code     0  startup_stm32f429xx.o(.text)
    OTG_FS_WKUP_IRQHandler                   0x080001db   Thumb Code     0  startup_stm32f429xx.o(.text)
    OTG_HS_EP1_IN_IRQHandler                 0x080001db   Thumb Code     0  startup_stm32f429xx.o(.text)
    OTG_HS_EP1_OUT_IRQHandler                0x080001db   Thumb Code     0  startup_stm32f429xx.o(.text)
    OTG_HS_IRQHandler                        0x080001db   Thumb Code     0  startup_stm32f429xx.o(.text)
    OTG_HS_WKUP_IRQHandler                   0x080001db   Thumb Code     0  startup_stm32f429xx.o(.text)
    PVD_IRQHandler                           0x080001db   Thumb Code     0  startup_stm32f429xx.o(.text)
    RTC_Alarm_IRQHandler                     0x080001db   Thumb Code     0  startup_stm32f429xx.o(.text)
    RTC_WKUP_IRQHandler                      0x080001db   Thumb Code     0  startup_stm32f429xx.o(.text)
    SAI1_IRQHandler                          0x080001db   Thumb Code     0  startup_stm32f429xx.o(.text)
    SPI2_IRQHandler                          0x080001db   Thumb Code     0  startup_stm32f429xx.o(.text)
    SPI3_IRQHandler                          0x080001db   Thumb Code     0  startup_stm32f429xx.o(.text)
    SPI4_IRQHandler                          0x080001db   Thumb Code     0  startup_stm32f429xx.o(.text)
    SPI5_IRQHandler                          0x080001db   Thumb Code     0  startup_stm32f429xx.o(.text)
    SPI6_IRQHandler                          0x080001db   Thumb Code     0  startup_stm32f429xx.o(.text)
    TAMP_STAMP_IRQHandler                    0x080001db   Thumb Code     0  startup_stm32f429xx.o(.text)
    TIM1_BRK_TIM9_IRQHandler                 0x080001db   Thumb Code     0  startup_stm32f429xx.o(.text)
    TIM1_CC_IRQHandler                       0x080001db   Thumb Code     0  startup_stm32f429xx.o(.text)
    TIM1_TRG_COM_TIM11_IRQHandler            0x080001db   Thumb Code     0  startup_stm32f429xx.o(.text)
    TIM1_UP_TIM10_IRQHandler                 0x080001db   Thumb Code     0  startup_stm32f429xx.o(.text)
    TIM2_IRQHandler                          0x080001db   Thumb Code     0  startup_stm32f429xx.o(.text)
    TIM3_IRQHandler                          0x080001db   Thumb Code     0  startup_stm32f429xx.o(.text)
    TIM4_IRQHandler                          0x080001db   Thumb Code     0  startup_stm32f429xx.o(.text)
    TIM5_IRQHandler                          0x080001db   Thumb Code     0  startup_stm32f429xx.o(.text)
    TIM6_DAC_IRQHandler                      0x080001db   Thumb Code     0  startup_stm32f429xx.o(.text)
    TIM7_IRQHandler                          0x080001db   Thumb Code     0  startup_stm32f429xx.o(.text)
    TIM8_BRK_TIM12_IRQHandler                0x080001db   Thumb Code     0  startup_stm32f429xx.o(.text)
    TIM8_CC_IRQHandler                       0x080001db   Thumb Code     0  startup_stm32f429xx.o(.text)
    TIM8_TRG_COM_TIM14_IRQHandler            0x080001db   Thumb Code     0  startup_stm32f429xx.o(.text)
    TIM8_UP_TIM13_IRQHandler                 0x080001db   Thumb Code     0  startup_stm32f429xx.o(.text)
    UART4_IRQHandler                         0x080001db   Thumb Code     0  startup_stm32f429xx.o(.text)
    UART5_IRQHandler                         0x080001db   Thumb Code     0  startup_stm32f429xx.o(.text)
    UART7_IRQHandler                         0x080001db   Thumb Code     0  startup_stm32f429xx.o(.text)
    UART8_IRQHandler                         0x080001db   Thumb Code     0  startup_stm32f429xx.o(.text)
    USART2_IRQHandler                        0x080001db   Thumb Code     0  startup_stm32f429xx.o(.text)
    USART3_IRQHandler                        0x080001db   Thumb Code     0  startup_stm32f429xx.o(.text)
    USART6_IRQHandler                        0x080001db   Thumb Code     0  startup_stm32f429xx.o(.text)
    WWDG_IRQHandler                          0x080001db   Thumb Code     0  startup_stm32f429xx.o(.text)
    __aeabi_uldivmod                         0x080001e5   Thumb Code    98  uldiv.o(.text)
    __aeabi_llsl                             0x08000247   Thumb Code    30  llshl.o(.text)
    _ll_shift_l                              0x08000247   Thumb Code     0  llshl.o(.text)
    __aeabi_llsr                             0x08000265   Thumb Code    32  llushr.o(.text)
    _ll_ushift_r                             0x08000265   Thumb Code     0  llushr.o(.text)
    __scatterload                            0x08000285   Thumb Code    28  init.o(.text)
    __scatterload_rt2                        0x08000285   Thumb Code     0  init.o(.text)
    BSP_SD_GetCardInfo                       0x080002a9   Thumb Code     8  bsp_driver_sd.o(i.BSP_SD_GetCardInfo)
    __I$use$semihosting$fputc                0x080002a9   Thumb Code     0  iusesemip.o(.text)
    __semihosting_library_function           0x080002a9   Thumb Code     0  semi.o(.text)
    BSP_SD_GetCardState                      0x080002b5   Thumb Code    20  bsp_driver_sd.o(i.BSP_SD_GetCardState)
    BSP_SD_Init                              0x080002cd   Thumb Code    48  bsp_driver_sd.o(i.BSP_SD_Init)
    BSP_SD_ReadBlocks_DMA                    0x08000301   Thumb Code    24  bsp_driver_sd.o(i.BSP_SD_ReadBlocks_DMA)
    BSP_SD_WriteBlocks_DMA                   0x0800031d   Thumb Code    24  bsp_driver_sd.o(i.BSP_SD_WriteBlocks_DMA)
    BusFault_Handler                         0x08000339   Thumb Code     2  stm32f4xx_it.o(i.BusFault_Handler)
    DebugMon_Handler                         0x08000363   Thumb Code     2  stm32f4xx_it.o(i.DebugMon_Handler)
    FATFS_LinkDriver                         0x08000365   Thumb Code     6  ff_gen_drv.o(i.FATFS_LinkDriver)
    FATFS_LinkDriverEx                       0x0800036d   Thumb Code    58  ff_gen_drv.o(i.FATFS_LinkDriverEx)
    HAL_DMA_Abort_IT                         0x080003ad   Thumb Code    36  stm32f4xx_hal_dma.o(i.HAL_DMA_Abort_IT)
    HAL_DMA_Start_IT                         0x080003d1   Thumb Code   120  stm32f4xx_hal_dma.o(i.HAL_DMA_Start_IT)
    HAL_Delay                                0x08000449   Thumb Code    32  stm32f4xx_hal.o(i.HAL_Delay)
    HAL_GPIO_Init                            0x0800046d   Thumb Code   408  stm32f4xx_hal_gpio.o(i.HAL_GPIO_Init)
    HAL_GPIO_ReadPin                         0x08000639   Thumb Code    10  stm32f4xx_hal_gpio.o(i.HAL_GPIO_ReadPin)
    HAL_GPIO_TogglePin                       0x08000643   Thumb Code     8  stm32f4xx_hal_gpio.o(i.HAL_GPIO_TogglePin)
    HAL_GPIO_WritePin                        0x0800064b   Thumb Code    10  stm32f4xx_hal_gpio.o(i.HAL_GPIO_WritePin)
    HAL_GetTick                              0x08000655   Thumb Code     6  stm32f4xx_hal.o(i.HAL_GetTick)
    HAL_I2C_AbortCpltCallback                0x08000661   Thumb Code     2  stm32f4xx_hal_i2c.o(i.HAL_I2C_AbortCpltCallback)
    HAL_I2C_AddrCallback                     0x08000663   Thumb Code     2  stm32f4xx_hal_i2c.o(i.HAL_I2C_AddrCallback)
    HAL_I2C_EV_IRQHandler                    0x08000665   Thumb Code   486  stm32f4xx_hal_i2c.o(i.HAL_I2C_EV_IRQHandler)
    HAL_I2C_ErrorCallback                    0x08000855   Thumb Code     2  stm32f4xx_hal_i2c.o(i.HAL_I2C_ErrorCallback)
    HAL_I2C_Init                             0x08000859   Thumb Code   254  stm32f4xx_hal_i2c.o(i.HAL_I2C_Init)
    HAL_I2C_ListenCpltCallback               0x08000961   Thumb Code     2  stm32f4xx_hal_i2c.o(i.HAL_I2C_ListenCpltCallback)
    HAL_I2C_MasterRxCpltCallback             0x08000963   Thumb Code     2  stm32f4xx_hal_i2c.o(i.HAL_I2C_MasterRxCpltCallback)
    HAL_I2C_MasterTxCpltCallback             0x08000965   Thumb Code     2  stm32f4xx_hal_i2c.o(i.HAL_I2C_MasterTxCpltCallback)
    HAL_I2C_MemRxCpltCallback                0x08000967   Thumb Code     2  stm32f4xx_hal_i2c.o(i.HAL_I2C_MemRxCpltCallback)
    HAL_I2C_MemTxCpltCallback                0x08000969   Thumb Code     2  stm32f4xx_hal_i2c.o(i.HAL_I2C_MemTxCpltCallback)
    HAL_I2C_MspInit                          0x0800096d   Thumb Code    78  stm32f4xx_hal_msp.o(i.HAL_I2C_MspInit)
    HAL_I2C_SlaveRxCpltCallback              0x080009c9   Thumb Code     2  stm32f4xx_hal_i2c.o(i.HAL_I2C_SlaveRxCpltCallback)
    HAL_I2C_SlaveTxCpltCallback              0x080009cb   Thumb Code     2  stm32f4xx_hal_i2c.o(i.HAL_I2C_SlaveTxCpltCallback)
    HAL_IncTick                              0x080009cd   Thumb Code    12  stm32f4xx_hal.o(i.HAL_IncTick)
    HAL_Init                                 0x080009dd   Thumb Code    48  stm32f4xx_hal.o(i.HAL_Init)
    HAL_InitTick                             0x08000a11   Thumb Code    54  stm32f4xx_hal.o(i.HAL_InitTick)
    HAL_MspInit                              0x08000a51   Thumb Code   104  stm32f4xx_hal_msp.o(i.HAL_MspInit)
    HAL_NVIC_EnableIRQ                       0x08000ab9   Thumb Code    22  stm32f4xx_hal_cortex.o(i.HAL_NVIC_EnableIRQ)
    HAL_NVIC_SetPriority                     0x08000ad1   Thumb Code    60  stm32f4xx_hal_cortex.o(i.HAL_NVIC_SetPriority)
    HAL_NVIC_SetPriorityGrouping             0x08000b11   Thumb Code    26  stm32f4xx_hal_cortex.o(i.HAL_NVIC_SetPriorityGrouping)
    HAL_RCC_ClockConfig                      0x08000b35   Thumb Code   286  stm32f4xx_hal_rcc.o(i.HAL_RCC_ClockConfig)
    HAL_RCC_GetHCLKFreq                      0x08000c65   Thumb Code     6  stm32f4xx_hal_rcc.o(i.HAL_RCC_GetHCLKFreq)
    HAL_RCC_GetPCLK1Freq                     0x08000c71   Thumb Code    20  stm32f4xx_hal_rcc.o(i.HAL_RCC_GetPCLK1Freq)
    HAL_RCC_GetPCLK2Freq                     0x08000c91   Thumb Code    20  stm32f4xx_hal_rcc.o(i.HAL_RCC_GetPCLK2Freq)
    HAL_RCC_GetSysClockFreq                  0x08000cb1   Thumb Code    88  stm32f4xx_hal_rcc.o(i.HAL_RCC_GetSysClockFreq)
    HAL_RCC_OscConfig                        0x08000d11   Thumb Code   770  stm32f4xx_hal_rcc.o(i.HAL_RCC_OscConfig)
    HAL_SD_AbortCallback                     0x0800102d   Thumb Code     2  stm32f4xx_hal_sd.o(i.HAL_SD_AbortCallback)
    HAL_SD_ConfigWideBusOperation            0x0800102f   Thumb Code   120  stm32f4xx_hal_sd.o(i.HAL_SD_ConfigWideBusOperation)
    HAL_SD_ErrorCallback                     0x080010a7   Thumb Code     2  stm32f4xx_hal_sd.o(i.HAL_SD_ErrorCallback)
    HAL_SD_GetCardCSD                        0x080010a9   Thumb Code   474  stm32f4xx_hal_sd.o(i.HAL_SD_GetCardCSD)
    HAL_SD_GetCardInfo                       0x08001283   Thumb Code    36  stm32f4xx_hal_sd.o(i.HAL_SD_GetCardInfo)
    HAL_SD_GetCardState                      0x080012a7   Thumb Code    44  stm32f4xx_hal_sd.o(i.HAL_SD_GetCardState)
    HAL_SD_GetCardStatus                     0x080012d3   Thumb Code   182  stm32f4xx_hal_sd.o(i.HAL_SD_GetCardStatus)
    HAL_SD_IRQHandler                        0x08001389   Thumb Code   438  stm32f4xx_hal_sd.o(i.HAL_SD_IRQHandler)
    HAL_SD_Init                              0x08001549   Thumb Code    54  stm32f4xx_hal_sd.o(i.HAL_SD_Init)
    HAL_SD_InitCard                          0x08001581   Thumb Code    80  stm32f4xx_hal_sd.o(i.HAL_SD_InitCard)
    HAL_SD_MspInit                           0x080015d5   Thumb Code   126  stm32f4xx_hal_msp.o(i.HAL_SD_MspInit)
    HAL_SD_ReadBlocks_DMA                    0x08001665   Thumb Code   230  stm32f4xx_hal_sd.o(i.HAL_SD_ReadBlocks_DMA)
    HAL_SD_RxCpltCallback                    0x08001759   Thumb Code     2  stm32f4xx_hal_sd.o(i.HAL_SD_RxCpltCallback)
    HAL_SD_TxCpltCallback                    0x0800175b   Thumb Code     2  stm32f4xx_hal_sd.o(i.HAL_SD_TxCpltCallback)
    HAL_SD_WriteBlocks_DMA                   0x0800175d   Thumb Code   232  stm32f4xx_hal_sd.o(i.HAL_SD_WriteBlocks_DMA)
    HAL_SPI_ErrorCallback                    0x08001851   Thumb Code     2  stm32f4xx_hal_spi.o(i.HAL_SPI_ErrorCallback)
    HAL_SPI_IRQHandler                       0x08001855   Thumb Code   208  stm32f4xx_hal_spi.o(i.HAL_SPI_IRQHandler)
    HAL_SPI_Init                             0x08001929   Thumb Code   128  stm32f4xx_hal_spi.o(i.HAL_SPI_Init)
    HAL_SPI_MspInit                          0x080019a9   Thumb Code    78  stm32f4xx_hal_msp.o(i.HAL_SPI_MspInit)
    HAL_SYSTICK_CLKSourceConfig              0x08001a05   Thumb Code    24  stm32f4xx_hal_cortex.o(i.HAL_SYSTICK_CLKSourceConfig)
    HAL_SYSTICK_Callback                     0x08001a1d   Thumb Code     2  stm32f4xx_hal_cortex.o(i.HAL_SYSTICK_Callback)
    HAL_SYSTICK_Config                       0x08001a1f   Thumb Code    40  stm32f4xx_hal_cortex.o(i.HAL_SYSTICK_Config)
    HAL_SYSTICK_IRQHandler                   0x08001a47   Thumb Code     8  stm32f4xx_hal_cortex.o(i.HAL_SYSTICK_IRQHandler)
    HAL_UART_ErrorCallback                   0x08001a4f   Thumb Code     2  stm32f4xx_hal_uart.o(i.HAL_UART_ErrorCallback)
    HAL_UART_IRQHandler                      0x08001a51   Thumb Code   266  stm32f4xx_hal_uart.o(i.HAL_UART_IRQHandler)
    HAL_UART_Init                            0x08001b61   Thumb Code    98  stm32f4xx_hal_uart.o(i.HAL_UART_Init)
    HAL_UART_MspInit                         0x08001bc5   Thumb Code    80  stm32f4xx_hal_msp.o(i.HAL_UART_MspInit)
    HAL_UART_RxCpltCallback                  0x08001c21   Thumb Code     2  stm32f4xx_hal_uart.o(i.HAL_UART_RxCpltCallback)
    HAL_UART_TxCpltCallback                  0x08001c23   Thumb Code     2  stm32f4xx_hal_uart.o(i.HAL_UART_TxCpltCallback)
    HardFault_Handler                        0x08001c25   Thumb Code     2  stm32f4xx_it.o(i.HardFault_Handler)
    I2C1_EV_IRQHandler                       0x08001c29   Thumb Code     6  stm32f4xx_it.o(i.I2C1_EV_IRQHandler)
    MX_FATFS_Init                            0x080022a1   Thumb Code    18  fatfs.o(i.MX_FATFS_Init)
    MemManage_Handler                        0x08002445   Thumb Code     2  stm32f4xx_it.o(i.MemManage_Handler)
    NMI_Handler                              0x08002447   Thumb Code     2  stm32f4xx_it.o(i.NMI_Handler)
    PendSV_Handler                           0x08002469   Thumb Code     2  stm32f4xx_it.o(i.PendSV_Handler)
    RCC_IRQHandler                           0x0800246b   Thumb Code     2  stm32f4xx_it.o(i.RCC_IRQHandler)
    SDIO_ConfigData                          0x0800246d   Thumb Code    36  stm32f4xx_ll_sdmmc.o(i.SDIO_ConfigData)
    SDIO_GetPowerState                       0x08002491   Thumb Code     8  stm32f4xx_ll_sdmmc.o(i.SDIO_GetPowerState)
    SDIO_GetResponse                         0x08002499   Thumb Code    12  stm32f4xx_ll_sdmmc.o(i.SDIO_GetResponse)
    SDIO_IRQHandler                          0x080024a5   Thumb Code     6  stm32f4xx_it.o(i.SDIO_IRQHandler)
    SDIO_Init                                0x080024b1   Thumb Code    36  stm32f4xx_ll_sdmmc.o(i.SDIO_Init)
    SDIO_PowerState_ON                       0x080024d5   Thumb Code     8  stm32f4xx_ll_sdmmc.o(i.SDIO_PowerState_ON)
    SDIO_ReadFIFO                            0x080024dd   Thumb Code     6  stm32f4xx_ll_sdmmc.o(i.SDIO_ReadFIFO)
    SDIO_SendCommand                         0x080024e3   Thumb Code    32  stm32f4xx_ll_sdmmc.o(i.SDIO_SendCommand)
    SDIO_WriteFIFO                           0x08002503   Thumb Code    10  stm32f4xx_ll_sdmmc.o(i.SDIO_WriteFIFO)
    SDMMC_CmdAppCommand                      0x0800250d   Thumb Code    50  stm32f4xx_ll_sdmmc.o(i.SDMMC_CmdAppCommand)
    SDMMC_CmdAppOperCommand                  0x08002541   Thumb Code    48  stm32f4xx_ll_sdmmc.o(i.SDMMC_CmdAppOperCommand)
    SDMMC_CmdBlockLength                     0x08002575   Thumb Code    50  stm32f4xx_ll_sdmmc.o(i.SDMMC_CmdBlockLength)
    SDMMC_CmdBusWidth                        0x080025a7   Thumb Code    50  stm32f4xx_ll_sdmmc.o(i.SDMMC_CmdBusWidth)
    SDMMC_CmdGoIdleState                     0x080025d9   Thumb Code    76  stm32f4xx_ll_sdmmc.o(i.SDMMC_CmdGoIdleState)
    SDMMC_CmdOperCond                        0x08002629   Thumb Code    98  stm32f4xx_ll_sdmmc.o(i.SDMMC_CmdOperCond)
    SDMMC_CmdReadMultiBlock                  0x08002691   Thumb Code    50  stm32f4xx_ll_sdmmc.o(i.SDMMC_CmdReadMultiBlock)
    SDMMC_CmdReadSingleBlock                 0x080026c3   Thumb Code    50  stm32f4xx_ll_sdmmc.o(i.SDMMC_CmdReadSingleBlock)
    SDMMC_CmdSelDesel                        0x080026f5   Thumb Code    50  stm32f4xx_ll_sdmmc.o(i.SDMMC_CmdSelDesel)
    SDMMC_CmdSendCID                         0x08002727   Thumb Code    44  stm32f4xx_ll_sdmmc.o(i.SDMMC_CmdSendCID)
    SDMMC_CmdSendCSD                         0x08002753   Thumb Code    44  stm32f4xx_ll_sdmmc.o(i.SDMMC_CmdSendCSD)
    SDMMC_CmdSendSCR                         0x0800277f   Thumb Code    48  stm32f4xx_ll_sdmmc.o(i.SDMMC_CmdSendSCR)
    SDMMC_CmdSendStatus                      0x080027af   Thumb Code    50  stm32f4xx_ll_sdmmc.o(i.SDMMC_CmdSendStatus)
    SDMMC_CmdSetRelAdd                       0x080027e1   Thumb Code    48  stm32f4xx_ll_sdmmc.o(i.SDMMC_CmdSetRelAdd)
    SDMMC_CmdStatusRegister                  0x08002811   Thumb Code    48  stm32f4xx_ll_sdmmc.o(i.SDMMC_CmdStatusRegister)
    SDMMC_CmdStopTransfer                    0x08002841   Thumb Code    46  stm32f4xx_ll_sdmmc.o(i.SDMMC_CmdStopTransfer)
    SDMMC_CmdWriteMultiBlock                 0x08002875   Thumb Code    50  stm32f4xx_ll_sdmmc.o(i.SDMMC_CmdWriteMultiBlock)
    SDMMC_CmdWriteSingleBlock                0x080028a7   Thumb Code    50  stm32f4xx_ll_sdmmc.o(i.SDMMC_CmdWriteSingleBlock)
    SD_initialize                            0x08003041   Thumb Code    28  sd_diskio.o(i.SD_initialize)
    SD_ioctl                                 0x08003061   Thumb Code    76  sd_diskio.o(i.SD_ioctl)
    SD_read                                  0x080030b1   Thumb Code   122  sd_diskio.o(i.SD_read)
    SD_status                                0x08003131   Thumb Code     4  sd_diskio.o(i.SD_status)
    SD_write                                 0x08003135   Thumb Code   102  sd_diskio.o(i.SD_write)
    SPI1_IRQHandler                          0x080031a1   Thumb Code     6  stm32f4xx_it.o(i.SPI1_IRQHandler)
    SVC_Handler                              0x080031bd   Thumb Code     2  stm32f4xx_it.o(i.SVC_Handler)
    SysTick_Handler                          0x080031bf   Thumb Code    14  stm32f4xx_it.o(i.SysTick_Handler)
    SystemClock_Config                       0x080031cd   Thumb Code   158  main.o(i.SystemClock_Config)
    SystemInit                               0x08003285   Thumb Code    66  system_stm32f4xx.o(i.SystemInit)
    USART1_IRQHandler                        0x080036a1   Thumb Code     6  stm32f4xx_it.o(i.USART1_IRQHandler)
    UsageFault_Handler                       0x080036ad   Thumb Code     2  stm32f4xx_it.o(i.UsageFault_Handler)
    _Error_Handler                           0x080036b1   Thumb Code     8  main.o(i._Error_Handler)
    __0printf$bare                           0x080036d5   Thumb Code     8  printfb.o(i.__0printf$bare)
    __1printf$bare                           0x080036d5   Thumb Code     0  printfb.o(i.__0printf$bare)
    __2printf                                0x080036d5   Thumb Code     0  printfb.o(i.__0printf$bare)
    __scatterload_copy                       0x080036e5   Thumb Code    14  handlers.o(i.__scatterload_copy)
    __scatterload_null                       0x080036f3   Thumb Code     2  handlers.o(i.__scatterload_null)
    __scatterload_zeroinit                   0x080036f5   Thumb Code    14  handlers.o(i.__scatterload_zeroinit)
    disk_initialize                          0x08003c19   Thumb Code    36  diskio.o(i.disk_initialize)
    disk_ioctl                               0x08003c41   Thumb Code    24  diskio.o(i.disk_ioctl)
    disk_read                                0x08003c5d   Thumb Code    24  diskio.o(i.disk_read)
    disk_status                              0x08003c79   Thumb Code    18  diskio.o(i.disk_status)
    disk_write                               0x08003c91   Thumb Code    24  diskio.o(i.disk_write)
    f_close                                  0x08003cad   Thumb Code    40  ff.o(i.f_close)
    f_mount                                  0x08003cd5   Thumb Code    84  ff.o(i.f_mount)
    f_open                                   0x08003d2d   Thumb Code   532  ff.o(i.f_open)
    f_sync                                   0x08003f45   Thumb Code   142  ff.o(i.f_sync)
    fputc                                    0x080042d7   Thumb Code    18  fputc.o(i.fputc)
    get_fattime                              0x080043d1   Thumb Code     4  fatfs.o(i.get_fattime)
    main                                     0x080044d9   Thumb Code   186  main.o(i.main)
    AHBPrescTable                            0x08004908   Data          16  system_stm32f4xx.o(.constdata)
    APBPrescTable                            0x08004918   Data           8  system_stm32f4xx.o(.constdata)
    SD_Driver                                0x08004920   Data          20  sd_diskio.o(.constdata)
    Region$$Table$$Base                      0x080049d0   Number         0  anon$$obj.o(Region$$Table)
    Region$$Table$$Limit                     0x080049f0   Number         0  anon$$obj.o(Region$$Table)
    SystemCoreClock                          0x20000000   Data           4  system_stm32f4xx.o(.data)
    result                                   0x20000004   Data           1  main.o(.data)
    retSD                                    0x20000014   Data           1  fatfs.o(.data)
    SDPath                                   0x20000015   Data           4  fatfs.o(.data)
    uwTickFreq                               0x2000001c   Data           1  stm32f4xx_hal.o(.data)
    uwTickPrio                               0x20000020   Data           4  stm32f4xx_hal.o(.data)
    uwTick                                   0x20000024   Data           4  stm32f4xx_hal.o(.data)
    __stdout                                 0x20000030   Data           4  stdout.o(.data)
    hi2c1                                    0x20000034   Data          84  main.o(.bss)
    hsd                                      0x20000088   Data         132  main.o(.bss)
    hspi1                                    0x2000010c   Data          88  main.o(.bss)
    huart1                                   0x20000164   Data          64  main.o(.bss)
    SDFatFs                                  0x200001a4   Data        4148  main.o(.bss)
    MyFile                                   0x200011d8   Data        4144  main.o(.bss)
    disk                                     0x20002228   Data          12  ff_gen_drv.o(.bss)
    __initial_sp                             0x20002638   Data           0  startup_stm32f429xx.o(STACK)



==============================================================================

Memory Map of the image

  Image Entry point : 0x080001ad

  Load Region LR_IROM1 (Base: 0x08000000, Size: 0x00004a24, Max: 0x00200000, ABSOLUTE)

    Execution Region ER_IROM1 (Base: 0x08000000, Size: 0x000049f0, Max: 0x00200000, ABSOLUTE)

    Base Addr    Size         Type   Attr      Idx    E Section Name        Object

    0x08000000   0x000001ac   Data   RO            3    RESET               startup_stm32f429xx.o
    0x080001ac   0x00000000   Code   RO         3837  * .ARM.Collect$$$$00000000  mc_w.l(entry.o)
    0x080001ac   0x00000004   Code   RO         4102    .ARM.Collect$$$$00000001  mc_w.l(entry2.o)
    0x080001b0   0x00000004   Code   RO         4105    .ARM.Collect$$$$00000004  mc_w.l(entry5.o)
    0x080001b4   0x00000000   Code   RO         4107    .ARM.Collect$$$$00000008  mc_w.l(entry7b.o)
    0x080001b4   0x00000000   Code   RO         4109    .ARM.Collect$$$$0000000A  mc_w.l(entry8b.o)
    0x080001b4   0x00000008   Code   RO         4110    .ARM.Collect$$$$0000000B  mc_w.l(entry9a.o)
    0x080001bc   0x00000000   Code   RO         4112    .ARM.Collect$$$$0000000D  mc_w.l(entry10a.o)
    0x080001bc   0x00000000   Code   RO         4114    .ARM.Collect$$$$0000000F  mc_w.l(entry11a.o)
    0x080001bc   0x00000004   Code   RO         4103    .ARM.Collect$$$$00002712  mc_w.l(entry2.o)
    0x080001c0   0x00000024   Code   RO            4    .text               startup_stm32f429xx.o
    0x080001e4   0x00000062   Code   RO         3840    .text               mc_w.l(uldiv.o)
    0x08000246   0x0000001e   Code   RO         4121    .text               mc_w.l(llshl.o)
    0x08000264   0x00000020   Code   RO         4123    .text               mc_w.l(llushr.o)
    0x08000284   0x00000024   Code   RO         4136    .text               mc_w.l(init.o)
    0x080002a8   0x00000000   Code   RO         4138    .text               mc_w.l(semi.o)
    0x080002a8   0x00000000   Code   RO         4141    .text               mc_w.l(iusesemip.o)
    0x080002a8   0x0000000c   Code   RO          429    i.BSP_SD_GetCardInfo  bsp_driver_sd.o
    0x080002b4   0x00000018   Code   RO          430    i.BSP_SD_GetCardState  bsp_driver_sd.o
    0x080002cc   0x00000034   Code   RO          433    i.BSP_SD_Init       bsp_driver_sd.o
    0x08000300   0x0000001c   Code   RO          436    i.BSP_SD_ReadBlocks_DMA  bsp_driver_sd.o
    0x0800031c   0x0000001c   Code   RO          438    i.BSP_SD_WriteBlocks_DMA  bsp_driver_sd.o
    0x08000338   0x00000002   Code   RO          150    i.BusFault_Handler  stm32f4xx_it.o
    0x0800033a   0x00000028   Code   RO         2927    i.DMA_SetConfig     stm32f4xx_hal_dma.o
    0x08000362   0x00000002   Code   RO          151    i.DebugMon_Handler  stm32f4xx_it.o
    0x08000364   0x00000006   Code   RO         3790    i.FATFS_LinkDriver  ff_gen_drv.o
    0x0800036a   0x00000002   PAD
    0x0800036c   0x00000040   Code   RO         3791    i.FATFS_LinkDriverEx  ff_gen_drv.o
    0x080003ac   0x00000024   Code   RO         2929    i.HAL_DMA_Abort_IT  stm32f4xx_hal_dma.o
    0x080003d0   0x00000078   Code   RO         2938    i.HAL_DMA_Start_IT  stm32f4xx_hal_dma.o
    0x08000448   0x00000024   Code   RO         1006    i.HAL_Delay         stm32f4xx_hal.o
    0x0800046c   0x000001cc   Code   RO          936    i.HAL_GPIO_Init     stm32f4xx_hal_gpio.o
    0x08000638   0x0000000a   Code   RO          938    i.HAL_GPIO_ReadPin  stm32f4xx_hal_gpio.o
    0x08000642   0x00000008   Code   RO          939    i.HAL_GPIO_TogglePin  stm32f4xx_hal_gpio.o
    0x0800064a   0x0000000a   Code   RO          940    i.HAL_GPIO_WritePin  stm32f4xx_hal_gpio.o
    0x08000654   0x0000000c   Code   RO         1014    i.HAL_GetTick       stm32f4xx_hal.o
    0x08000660   0x00000002   Code   RO         2019    i.HAL_I2C_AbortCpltCallback  stm32f4xx_hal_i2c.o
    0x08000662   0x00000002   Code   RO         2020    i.HAL_I2C_AddrCallback  stm32f4xx_hal_i2c.o
    0x08000664   0x000001f0   Code   RO         2024    i.HAL_I2C_EV_IRQHandler  stm32f4xx_hal_i2c.o
    0x08000854   0x00000002   Code   RO         2026    i.HAL_I2C_ErrorCallback  stm32f4xx_hal_i2c.o
    0x08000856   0x00000002   PAD
    0x08000858   0x00000108   Code   RO         2030    i.HAL_I2C_Init      stm32f4xx_hal_i2c.o
    0x08000960   0x00000002   Code   RO         2032    i.HAL_I2C_ListenCpltCallback  stm32f4xx_hal_i2c.o
    0x08000962   0x00000002   Code   RO         2033    i.HAL_I2C_MasterRxCpltCallback  stm32f4xx_hal_i2c.o
    0x08000964   0x00000002   Code   RO         2034    i.HAL_I2C_MasterTxCpltCallback  stm32f4xx_hal_i2c.o
    0x08000966   0x00000002   Code   RO         2044    i.HAL_I2C_MemRxCpltCallback  stm32f4xx_hal_i2c.o
    0x08000968   0x00000002   Code   RO         2045    i.HAL_I2C_MemTxCpltCallback  stm32f4xx_hal_i2c.o
    0x0800096a   0x00000002   PAD
    0x0800096c   0x0000005c   Code   RO          261    i.HAL_I2C_MspInit   stm32f4xx_hal_msp.o
    0x080009c8   0x00000002   Code   RO         2054    i.HAL_I2C_SlaveRxCpltCallback  stm32f4xx_hal_i2c.o
    0x080009ca   0x00000002   Code   RO         2055    i.HAL_I2C_SlaveTxCpltCallback  stm32f4xx_hal_i2c.o
    0x080009cc   0x00000010   Code   RO         1018    i.HAL_IncTick       stm32f4xx_hal.o
    0x080009dc   0x00000034   Code   RO         1019    i.HAL_Init          stm32f4xx_hal.o
    0x08000a10   0x00000040   Code   RO         1020    i.HAL_InitTick      stm32f4xx_hal.o
    0x08000a50   0x00000068   Code   RO          262    i.HAL_MspInit       stm32f4xx_hal_msp.o
    0x08000ab8   0x00000016   Code   RO          785    i.HAL_NVIC_EnableIRQ  stm32f4xx_hal_cortex.o
    0x08000ace   0x00000002   PAD
    0x08000ad0   0x00000040   Code   RO          791    i.HAL_NVIC_SetPriority  stm32f4xx_hal_cortex.o
    0x08000b10   0x00000024   Code   RO          792    i.HAL_NVIC_SetPriorityGrouping  stm32f4xx_hal_cortex.o
    0x08000b34   0x00000130   Code   RO         2776    i.HAL_RCC_ClockConfig  stm32f4xx_hal_rcc.o
    0x08000c64   0x0000000c   Code   RO         2781    i.HAL_RCC_GetHCLKFreq  stm32f4xx_hal_rcc.o
    0x08000c70   0x00000020   Code   RO         2783    i.HAL_RCC_GetPCLK1Freq  stm32f4xx_hal_rcc.o
    0x08000c90   0x00000020   Code   RO         2784    i.HAL_RCC_GetPCLK2Freq  stm32f4xx_hal_rcc.o
    0x08000cb0   0x00000060   Code   RO         2785    i.HAL_RCC_GetSysClockFreq  stm32f4xx_hal_rcc.o
    0x08000d10   0x0000031c   Code   RO         2788    i.HAL_RCC_OscConfig  stm32f4xx_hal_rcc.o
    0x0800102c   0x00000002   Code   RO         1183    i.HAL_SD_AbortCallback  stm32f4xx_hal_sd.o
    0x0800102e   0x00000078   Code   RO         1185    i.HAL_SD_ConfigWideBusOperation  stm32f4xx_hal_sd.o
    0x080010a6   0x00000002   Code   RO         1188    i.HAL_SD_ErrorCallback  stm32f4xx_hal_sd.o
    0x080010a8   0x000001da   Code   RO         1190    i.HAL_SD_GetCardCSD  stm32f4xx_hal_sd.o
    0x08001282   0x00000024   Code   RO         1191    i.HAL_SD_GetCardInfo  stm32f4xx_hal_sd.o
    0x080012a6   0x0000002c   Code   RO         1192    i.HAL_SD_GetCardState  stm32f4xx_hal_sd.o
    0x080012d2   0x000000b6   Code   RO         1193    i.HAL_SD_GetCardStatus  stm32f4xx_hal_sd.o
    0x08001388   0x000001c0   Code   RO         1196    i.HAL_SD_IRQHandler  stm32f4xx_hal_sd.o
    0x08001548   0x00000036   Code   RO         1197    i.HAL_SD_Init       stm32f4xx_hal_sd.o
    0x0800157e   0x00000002   PAD
    0x08001580   0x00000054   Code   RO         1198    i.HAL_SD_InitCard   stm32f4xx_hal_sd.o
    0x080015d4   0x00000090   Code   RO          264    i.HAL_SD_MspInit    stm32f4xx_hal_msp.o
    0x08001664   0x000000f4   Code   RO         1202    i.HAL_SD_ReadBlocks_DMA  stm32f4xx_hal_sd.o
    0x08001758   0x00000002   Code   RO         1204    i.HAL_SD_RxCpltCallback  stm32f4xx_hal_sd.o
    0x0800175a   0x00000002   Code   RO         1205    i.HAL_SD_TxCpltCallback  stm32f4xx_hal_sd.o
    0x0800175c   0x000000f4   Code   RO         1207    i.HAL_SD_WriteBlocks_DMA  stm32f4xx_hal_sd.o
    0x08001850   0x00000002   Code   RO         2424    i.HAL_SPI_ErrorCallback  stm32f4xx_hal_spi.o
    0x08001852   0x00000002   PAD
    0x08001854   0x000000d4   Code   RO         2427    i.HAL_SPI_IRQHandler  stm32f4xx_hal_spi.o
    0x08001928   0x00000080   Code   RO         2428    i.HAL_SPI_Init      stm32f4xx_hal_spi.o
    0x080019a8   0x0000005c   Code   RO          266    i.HAL_SPI_MspInit   stm32f4xx_hal_msp.o
    0x08001a04   0x00000018   Code   RO          794    i.HAL_SYSTICK_CLKSourceConfig  stm32f4xx_hal_cortex.o
    0x08001a1c   0x00000002   Code   RO          795    i.HAL_SYSTICK_Callback  stm32f4xx_hal_cortex.o
    0x08001a1e   0x00000028   Code   RO          796    i.HAL_SYSTICK_Config  stm32f4xx_hal_cortex.o
    0x08001a46   0x00000008   Code   RO          797    i.HAL_SYSTICK_IRQHandler  stm32f4xx_hal_cortex.o
    0x08001a4e   0x00000002   Code   RO         3052    i.HAL_UART_ErrorCallback  stm32f4xx_hal_uart.o
    0x08001a50   0x00000110   Code   RO         3055    i.HAL_UART_IRQHandler  stm32f4xx_hal_uart.o
    0x08001b60   0x00000062   Code   RO         3056    i.HAL_UART_Init     stm32f4xx_hal_uart.o
    0x08001bc2   0x00000002   PAD
    0x08001bc4   0x0000005c   Code   RO          268    i.HAL_UART_MspInit  stm32f4xx_hal_msp.o
    0x08001c20   0x00000002   Code   RO         3062    i.HAL_UART_RxCpltCallback  stm32f4xx_hal_uart.o
    0x08001c22   0x00000002   Code   RO         3067    i.HAL_UART_TxCpltCallback  stm32f4xx_hal_uart.o
    0x08001c24   0x00000002   Code   RO          152    i.HardFault_Handler  stm32f4xx_it.o
    0x08001c26   0x00000002   PAD
    0x08001c28   0x0000000c   Code   RO          153    i.I2C1_EV_IRQHandler  stm32f4xx_it.o
    0x08001c34   0x0000004e   Code   RO         2064    i.I2C_DMAAbort      stm32f4xx_hal_i2c.o
    0x08001c82   0x00000002   PAD
    0x08001c84   0x00000124   Code   RO         2067    i.I2C_ITError       stm32f4xx_hal_i2c.o
    0x08001da8   0x000000be   Code   RO         2069    i.I2C_MasterReceive_BTF  stm32f4xx_hal_i2c.o
    0x08001e66   0x00000084   Code   RO         2070    i.I2C_MasterReceive_RXNE  stm32f4xx_hal_i2c.o
    0x08001eea   0x00000080   Code   RO         2073    i.I2C_MasterTransmit_BTF  stm32f4xx_hal_i2c.o
    0x08001f6a   0x00000002   PAD
    0x08001f6c   0x00000108   Code   RO         2074    i.I2C_MasterTransmit_TXE  stm32f4xx_hal_i2c.o
    0x08002074   0x000000f4   Code   RO         2075    i.I2C_Master_ADDR   stm32f4xx_hal_i2c.o
    0x08002168   0x0000005a   Code   RO         2076    i.I2C_Master_SB     stm32f4xx_hal_i2c.o
    0x080021c2   0x00000002   PAD
    0x080021c4   0x000000dc   Code   RO         2080    i.I2C_Slave_STOPF   stm32f4xx_hal_i2c.o
    0x080022a0   0x0000001c   Code   RO          604    i.MX_FATFS_Init     fatfs.o
    0x080022bc   0x000000ac   Code   RO          332    i.MX_GPIO_Init      main.o
    0x08002368   0x00000044   Code   RO          333    i.MX_I2C1_Init      main.o
    0x080023ac   0x00000058   Code   RO          334    i.MX_SPI1_Init      main.o
    0x08002404   0x00000040   Code   RO          335    i.MX_USART1_UART_Init  main.o
    0x08002444   0x00000002   Code   RO          154    i.MemManage_Handler  stm32f4xx_it.o
    0x08002446   0x00000002   Code   RO          155    i.NMI_Handler       stm32f4xx_it.o
    0x08002448   0x00000020   Code   RO          798    i.NVIC_SetPriority  stm32f4xx_hal_cortex.o
    0x08002468   0x00000002   Code   RO          156    i.PendSV_Handler    stm32f4xx_it.o
    0x0800246a   0x00000002   Code   RO          157    i.RCC_IRQHandler    stm32f4xx_it.o
    0x0800246c   0x00000024   Code   RO         1755    i.SDIO_ConfigData   stm32f4xx_ll_sdmmc.o
    0x08002490   0x00000008   Code   RO         1759    i.SDIO_GetPowerState  stm32f4xx_ll_sdmmc.o
    0x08002498   0x0000000c   Code   RO         1760    i.SDIO_GetResponse  stm32f4xx_ll_sdmmc.o
    0x080024a4   0x0000000c   Code   RO          158    i.SDIO_IRQHandler   stm32f4xx_it.o
    0x080024b0   0x00000024   Code   RO         1761    i.SDIO_Init         stm32f4xx_ll_sdmmc.o
    0x080024d4   0x00000008   Code   RO         1763    i.SDIO_PowerState_ON  stm32f4xx_ll_sdmmc.o
    0x080024dc   0x00000006   Code   RO         1764    i.SDIO_ReadFIFO     stm32f4xx_ll_sdmmc.o
    0x080024e2   0x00000020   Code   RO         1765    i.SDIO_SendCommand  stm32f4xx_ll_sdmmc.o
    0x08002502   0x0000000a   Code   RO         1767    i.SDIO_WriteFIFO    stm32f4xx_ll_sdmmc.o
    0x0800250c   0x00000032   Code   RO         1768    i.SDMMC_CmdAppCommand  stm32f4xx_ll_sdmmc.o
    0x0800253e   0x00000002   PAD
    0x08002540   0x00000034   Code   RO         1769    i.SDMMC_CmdAppOperCommand  stm32f4xx_ll_sdmmc.o
    0x08002574   0x00000032   Code   RO         1770    i.SDMMC_CmdBlockLength  stm32f4xx_ll_sdmmc.o
    0x080025a6   0x00000032   Code   RO         1771    i.SDMMC_CmdBusWidth  stm32f4xx_ll_sdmmc.o
    0x080025d8   0x00000050   Code   RO         1775    i.SDMMC_CmdGoIdleState  stm32f4xx_ll_sdmmc.o
    0x08002628   0x00000068   Code   RO         1777    i.SDMMC_CmdOperCond  stm32f4xx_ll_sdmmc.o
    0x08002690   0x00000032   Code   RO         1778    i.SDMMC_CmdReadMultiBlock  stm32f4xx_ll_sdmmc.o
    0x080026c2   0x00000032   Code   RO         1779    i.SDMMC_CmdReadSingleBlock  stm32f4xx_ll_sdmmc.o
    0x080026f4   0x00000032   Code   RO         1782    i.SDMMC_CmdSelDesel  stm32f4xx_ll_sdmmc.o
    0x08002726   0x0000002c   Code   RO         1783    i.SDMMC_CmdSendCID  stm32f4xx_ll_sdmmc.o
    0x08002752   0x0000002c   Code   RO         1784    i.SDMMC_CmdSendCSD  stm32f4xx_ll_sdmmc.o
    0x0800277e   0x00000030   Code   RO         1785    i.SDMMC_CmdSendSCR  stm32f4xx_ll_sdmmc.o
    0x080027ae   0x00000032   Code   RO         1786    i.SDMMC_CmdSendStatus  stm32f4xx_ll_sdmmc.o
    0x080027e0   0x00000030   Code   RO         1787    i.SDMMC_CmdSetRelAdd  stm32f4xx_ll_sdmmc.o
    0x08002810   0x00000030   Code   RO         1788    i.SDMMC_CmdStatusRegister  stm32f4xx_ll_sdmmc.o
    0x08002840   0x00000034   Code   RO         1789    i.SDMMC_CmdStopTransfer  stm32f4xx_ll_sdmmc.o
    0x08002874   0x00000032   Code   RO         1791    i.SDMMC_CmdWriteMultiBlock  stm32f4xx_ll_sdmmc.o
    0x080028a6   0x00000032   Code   RO         1792    i.SDMMC_CmdWriteSingleBlock  stm32f4xx_ll_sdmmc.o
    0x080028d8   0x0000011c   Code   RO         1793    i.SDMMC_GetCmdResp1  stm32f4xx_ll_sdmmc.o
    0x080029f4   0x00000050   Code   RO         1794    i.SDMMC_GetCmdResp2  stm32f4xx_ll_sdmmc.o
    0x08002a44   0x00000040   Code   RO         1795    i.SDMMC_GetCmdResp3  stm32f4xx_ll_sdmmc.o
    0x08002a84   0x00000084   Code   RO         1796    i.SDMMC_GetCmdResp6  stm32f4xx_ll_sdmmc.o
    0x08002b08   0x00000020   Code   RO          534    i.SD_CheckStatus    sd_diskio.o
    0x08002b28   0x00000056   Code   RO         1209    i.SD_DMAError       stm32f4xx_hal_sd.o
    0x08002b7e   0x0000003e   Code   RO         1210    i.SD_DMAReceiveCplt  stm32f4xx_hal_sd.o
    0x08002bbc   0x00000048   Code   RO         1211    i.SD_DMARxAbort     stm32f4xx_hal_sd.o
    0x08002c04   0x0000000e   Code   RO         1212    i.SD_DMATransmitCplt  stm32f4xx_hal_sd.o
    0x08002c12   0x00000048   Code   RO         1213    i.SD_DMATxAbort     stm32f4xx_hal_sd.o
    0x08002c5a   0x000000d4   Code   RO         1214    i.SD_FindSCR        stm32f4xx_hal_sd.o
    0x08002d2e   0x000000e6   Code   RO         1215    i.SD_InitCard       stm32f4xx_hal_sd.o
    0x08002e14   0x000000a2   Code   RO         1216    i.SD_PowerON        stm32f4xx_hal_sd.o
    0x08002eb6   0x000000ec   Code   RO         1217    i.SD_SendSDStatus   stm32f4xx_hal_sd.o
    0x08002fa2   0x0000004e   Code   RO         1218    i.SD_WideBus_Disable  stm32f4xx_hal_sd.o
    0x08002ff0   0x0000004e   Code   RO         1219    i.SD_WideBus_Enable  stm32f4xx_hal_sd.o
    0x0800303e   0x00000002   PAD
    0x08003040   0x00000020   Code   RO          535    i.SD_initialize     sd_diskio.o
    0x08003060   0x00000050   Code   RO          536    i.SD_ioctl          sd_diskio.o
    0x080030b0   0x00000080   Code   RO          537    i.SD_read           sd_diskio.o
    0x08003130   0x00000004   Code   RO          538    i.SD_status         sd_diskio.o
    0x08003134   0x0000006c   Code   RO          539    i.SD_write          sd_diskio.o
    0x080031a0   0x0000000c   Code   RO          159    i.SPI1_IRQHandler   stm32f4xx_it.o
    0x080031ac   0x00000010   Code   RO         2456    i.SPI_DMAAbortOnError  stm32f4xx_hal_spi.o
    0x080031bc   0x00000002   Code   RO          160    i.SVC_Handler       stm32f4xx_it.o
    0x080031be   0x0000000e   Code   RO          161    i.SysTick_Handler   stm32f4xx_it.o
    0x080031cc   0x000000b8   Code   RO          336    i.SystemClock_Config  main.o
    0x08003284   0x00000054   Code   RO           14    i.SystemInit        system_stm32f4xx.o
    0x080032d8   0x00000010   Code   RO         3069    i.UART_DMAAbortOnError  stm32f4xx_hal_uart.o
    0x080032e8   0x0000001c   Code   RO         3079    i.UART_EndRxTransfer  stm32f4xx_hal_uart.o
    0x08003304   0x0000008c   Code   RO         3081    i.UART_Receive_IT   stm32f4xx_hal_uart.o
    0x08003390   0x000002ac   Code   RO         3082    i.UART_SetConfig    stm32f4xx_hal_uart.o
    0x0800363c   0x00000062   Code   RO         3083    i.UART_Transmit_IT  stm32f4xx_hal_uart.o
    0x0800369e   0x00000002   PAD
    0x080036a0   0x0000000c   Code   RO          162    i.USART1_IRQHandler  stm32f4xx_it.o
    0x080036ac   0x00000002   Code   RO          163    i.UsageFault_Handler  stm32f4xx_it.o
    0x080036ae   0x00000002   PAD
    0x080036b0   0x00000024   Code   RO          337    i._Error_Handler    main.o
    0x080036d4   0x00000010   Code   RO         3843    i.__0printf$bare    mc_w.l(printfb.o)
    0x080036e4   0x0000000e   Code   RO         4146    i.__scatterload_copy  mc_w.l(handlers.o)
    0x080036f2   0x00000002   Code   RO         4147    i.__scatterload_null  mc_w.l(handlers.o)
    0x080036f4   0x0000000e   Code   RO         4148    i.__scatterload_zeroinit  mc_w.l(handlers.o)
    0x08003702   0x00000022   Code   RO         3850    i._printf_core      mc_w.l(printfb.o)
    0x08003724   0x00000070   Code   RO         3399    i.check_fs          ff.o
    0x08003794   0x0000005c   Code   RO         3400    i.chk_lock          ff.o
    0x080037f0   0x00000020   Code   RO         3401    i.clear_lock        ff.o
    0x08003810   0x00000018   Code   RO         3403    i.clust2sect        ff.o
    0x08003828   0x000000a4   Code   RO         3404    i.create_chain      ff.o
    0x080038cc   0x000000bc   Code   RO         3405    i.create_name       ff.o
    0x08003988   0x00000034   Code   RO         3406    i.dec_lock          ff.o
    0x080039bc   0x00000064   Code   RO         3407    i.dir_find          ff.o
    0x08003a20   0x00000102   Code   RO         3408    i.dir_next          ff.o
    0x08003b22   0x00000066   Code   RO         3410    i.dir_register      ff.o
    0x08003b88   0x0000008e   Code   RO         3412    i.dir_sdi           ff.o
    0x08003c16   0x00000002   PAD
    0x08003c18   0x00000028   Code   RO         3734    i.disk_initialize   diskio.o
    0x08003c40   0x0000001c   Code   RO         3735    i.disk_ioctl        diskio.o
    0x08003c5c   0x0000001c   Code   RO         3736    i.disk_read         diskio.o
    0x08003c78   0x00000018   Code   RO         3737    i.disk_status       diskio.o
    0x08003c90   0x0000001c   Code   RO         3738    i.disk_write        diskio.o
    0x08003cac   0x00000028   Code   RO         3413    i.f_close           ff.o
    0x08003cd4   0x00000058   Code   RO         3420    i.f_mount           ff.o
    0x08003d2c   0x00000218   Code   RO         3421    i.f_open            ff.o
    0x08003f44   0x0000008e   Code   RO         3430    i.f_sync            ff.o
    0x08003fd2   0x00000002   PAD
    0x08003fd4   0x00000288   Code   RO         3434    i.find_volume       ff.o
    0x0800425c   0x0000007a   Code   RO         3435    i.follow_path       ff.o
    0x080042d6   0x00000012   Code   RO         4116    i.fputc             mc_w.l(fputc.o)
    0x080042e8   0x000000e8   Code   RO         3436    i.get_fat           ff.o
    0x080043d0   0x00000004   Code   RO          605    i.get_fattime       fatfs.o
    0x080043d4   0x0000003c   Code   RO         3438    i.get_ldnumber      ff.o
    0x08004410   0x00000080   Code   RO         3439    i.inc_lock          ff.o
    0x08004490   0x00000026   Code   RO         3440    i.ld_clust          ff.o
    0x080044b6   0x00000016   Code   RO         3441    i.ld_dword          ff.o
    0x080044cc   0x0000000a   Code   RO         3442    i.ld_word           ff.o
    0x080044d6   0x00000002   PAD
    0x080044d8   0x000000f8   Code   RO          338    i.main              main.o
    0x080045d0   0x00000012   Code   RO         3443    i.mem_cpy           ff.o
    0x080045e2   0x00000002   PAD
    0x080045e4   0x0000000e   Code   RO         3444    i.mem_set           ff.o
    0x080045f2   0x00000032   Code   RO         3445    i.move_window       ff.o
    0x08004624   0x00000124   Code   RO         3446    i.put_fat           ff.o
    0x08004748   0x00000074   Code   RO         3449    i.remove_chain      ff.o
    0x080047bc   0x00000028   Code   RO         3450    i.st_clust          ff.o
    0x080047e4   0x00000010   Code   RO         3451    i.st_dword          ff.o
    0x080047f4   0x00000008   Code   RO         3452    i.st_word           ff.o
    0x080047fc   0x00000088   Code   RO         3453    i.sync_fs           ff.o
    0x08004884   0x00000052   Code   RO         3454    i.sync_window       ff.o
    0x080048d6   0x00000032   Code   RO         3455    i.validate          ff.o
    0x08004908   0x00000010   Data   RO           15    .constdata          system_stm32f4xx.o
    0x08004918   0x00000008   Data   RO           16    .constdata          system_stm32f4xx.o
    0x08004920   0x00000014   Data   RO          540    .constdata          sd_diskio.o
    0x08004934   0x0000009c   Data   RO         3457    .constdata          ff.o
    0x080049d0   0x00000020   Data   RO         4144    Region$$Table       anon$$obj.o


    Execution Region RW_IRAM1 (Base: 0x20000000, Size: 0x00002638, Max: 0x00030000, ABSOLUTE)

    Base Addr    Size         Type   Attr      Idx    E Section Name        Object

    0x20000000   0x00000004   Data   RW           17    .data               system_stm32f4xx.o
    0x20000004   0x00000001   Data   RW          342    .data               main.o
    0x20000005   0x00000003   PAD
    0x20000008   0x0000000c   Data   RW          541    .data               sd_diskio.o
    0x20000014   0x00000005   Data   RW          608    .data               fatfs.o
    0x20000019   0x00000003   PAD
    0x2000001c   0x0000000c   Data   RW         1026    .data               stm32f4xx_hal.o
    0x20000028   0x00000008   Data   RW         3458    .data               ff.o
    0x20000030   0x00000004   Data   RW         4118    .data               mc_w.l(stdout.o)
    0x20000034   0x000021d4   Zero   RW          339    .bss                main.o
    0x20002208   0x00000020   Zero   RW         3456    .bss                ff.o
    0x20002228   0x0000000c   Zero   RW         3794    .bss                ff_gen_drv.o
    0x20002234   0x00000004   PAD
    0x20002238   0x00000400   Zero   RW            1    STACK               startup_stm32f429xx.o


==============================================================================

Image component sizes


      Code (inc. data)   RO Data    RW Data    ZI Data      Debug   Object Name

       144         20          0          0          0       3746   bsp_driver_sd.o
       148         22          0          0          0       4005   diskio.o
        32         10          0          5          0       1648   fatfs.o
      4154         78        156          8         32      37115   ff.o
        70          6          0          0         12       1767   ff_gen_drv.o
       860        186          0          1       8660       9914   main.o
       384         26         20         12          0       5056   sd_diskio.o
        36          8        428          0       1024        860   startup_stm32f429xx.o
       180         28          0         12          0       4897   stm32f4xx_hal.o
       228         14          0          0          0      32553   stm32f4xx_hal_cortex.o
       196          0          0          0          0       3134   stm32f4xx_hal_dma.o
       488         52          0          0          0       3932   stm32f4xx_hal_gpio.o
      2418         34          0          0          0      19169   stm32f4xx_hal_i2c.o
       524         58          0          0          0       3838   stm32f4xx_hal_msp.o
      1272         82          0          0          0       5944   stm32f4xx_hal_rcc.o
      3240         40          0          0          0      22057   stm32f4xx_hal_sd.o
       358          4          0          0          0       3684   stm32f4xx_hal_spi.o
      1342         14          0          0          0       7951   stm32f4xx_hal_uart.o
        80         24          0          0          0       7032   stm32f4xx_it.o
      1678         42          0          0          0      24849   stm32f4xx_ll_sdmmc.o
        84         18         24          4          0     750139   system_stm32f4xx.o

    ----------------------------------------------------------------------
     17954        766        660         48       9732     953290   Object Totals
         0          0         32          0          0          0   (incl. Generated)
        38          0          0          6          4          0   (incl. Padding)

    ----------------------------------------------------------------------

      Code (inc. data)   RO Data    RW Data    ZI Data      Debug   Library Member Name

         0          0          0          0          0          0   entry.o
         0          0          0          0          0          0   entry10a.o
         0          0          0          0          0          0   entry11a.o
         8          4          0          0          0          0   entry2.o
         4          0          0          0          0          0   entry5.o
         0          0          0          0          0          0   entry7b.o
         0          0          0          0          0          0   entry8b.o
         8          4          0          0          0          0   entry9a.o
        18          0          0          0          0         80   fputc.o
        30          0          0          0          0          0   handlers.o
        36          8          0          0          0         68   init.o
         0          0          0          0          0          0   iusesemip.o
        30          0          0          0          0         68   llshl.o
        32          0          0          0          0         68   llushr.o
        50          8          0          0          0        152   printfb.o
         0          0          0          0          0          0   semi.o
         0          0          0          4          0          0   stdout.o
        98          0          0          0          0         92   uldiv.o

    ----------------------------------------------------------------------
       314         24          0          4          0        528   Library Totals
         0          0          0          0          0          0   (incl. Padding)

    ----------------------------------------------------------------------

      Code (inc. data)   RO Data    RW Data    ZI Data      Debug   Library Name

       314         24          0          4          0        528   mc_w.l

    ----------------------------------------------------------------------
       314         24          0          4          0        528   Library Totals

    ----------------------------------------------------------------------

==============================================================================


      Code (inc. data)   RO Data    RW Data    ZI Data      Debug   

     18268        790        660         52       9732     934914   Grand Totals
     18268        790        660         52       9732     934914   ELF Image Totals
     18268        790        660         52          0          0   ROM Totals

==============================================================================

    Total RO  Size (Code + RO Data)                18928 (  18.48kB)
    Total RW  Size (RW Data + ZI Data)              9784 (   9.55kB)
    Total ROM Size (Code + RO Data + RW Data)      18980 (  18.54kB)

==============================================================================

